cargo :     Blocking waiting for file lock on artifact directory
En línea: 1 Carácter: 41
+ ... l-features; cargo test --workspace --all-features --no-fail-fast > te ...
+                 ~~~~~~~~~~~~~~~~~~~~~~~~~~~~~~~~~~~~~~~~~~~~~~~~~~~~~~~~~
    + CategoryInfo          : NotSpecified: (    Blocking wa...ifact directory: 
   String) [], RemoteException
    + FullyQualifiedErrorId : NativeCommandError
 
   Compiling memchr v2.8.0
   Compiling windows-sys v0.61.2
   Compiling stable_deref_trait v1.2.1
   Compiling equivalent v1.0.2
   Compiling dunce v1.0.5
   Compiling zerofrom v0.1.6
   Compiling yoke v0.8.1
   Compiling bitflags v2.11.0
   Compiling winnow v0.7.14
   Compiling indexmap v2.13.0
   Compiling windows_x86_64_msvc v0.48.5
   Compiling chrono v0.4.43
   Compiling block-padding v0.3.3
   Compiling aws-lc-sys v0.37.1
   Compiling windows-targets v0.48.5
   Compiling serde v1.0.228
   Compiling darling_core v0.20.11
   Compiling simd-adler32 v0.3.8
   Compiling adler2 v2.0.1
   Compiling windows-sys v0.48.0
   Compiling inout v0.1.4
   Compiling zerovec v0.11.5
   Compiling zerotrie v0.2.3
   Compiling cipher v0.4.4
   Compiling miniz_oxide v0.8.9
   Compiling futures-util v0.3.32
   Compiling serde_json v1.0.149
   Compiling aho-corasick v1.1.4
   Compiling yoke v0.7.5
   Compiling crc32fast v1.5.0
   Compiling itertools v0.14.0
   Compiling tinystr v0.8.2
   Compiling potential_utf v0.1.4
   Compiling powerfmt v0.2.0
   Compiling icu_collections v2.1.1
   Compiling icu_locale_core v2.1.1
   Compiling num-conv v0.2.0
   Compiling time-core v0.1.8
   Compiling toml_parser v1.0.9+spec-1.1.0
   Compiling tap v1.0.1
   Compiling time-macros v0.2.27
   Compiling wyz v0.5.1
   Compiling deranged v0.5.6
   Compiling toml_edit v0.23.10+spec-1.0.0
   Compiling regex-automata v0.4.14
   Compiling zerovec v0.10.4
   Compiling flate2 v1.1.9
   Compiling radium v0.7.0
   Compiling tinystr v0.7.6
   Compiling funty v2.0.0
   Compiling litemap v0.7.5
   Compiling unsafe-libyaml v0.2.11
   Compiling icu_provider v2.1.1
   Compiling proc-macro-crate v3.4.0
   Compiling icu_properties v2.1.2
   Compiling icu_normalizer v2.1.1
   Compiling writeable v0.5.5
   Compiling unty v0.0.4
   Compiling bitvec v1.0.1
   Compiling darling_macro v0.20.11
   Compiling time v0.3.47
   Compiling icu_locid v1.5.0
   Compiling prost-derive v0.14.3
   Compiling libm v0.2.16
   Compiling serde_with v3.16.1
   Compiling darling v0.20.11
   Compiling nom v8.0.0
   Compiling csv-core v0.1.13
   Compiling no_std_io2 v0.8.1
   Compiling deku_derive v0.18.1
   Compiling jep106 v0.3.0
   Compiling hidapi v2.6.4
   Compiling fallible-iterator v0.3.0
   Compiling twox-hash v2.1.2
   Compiling ruzstd v0.8.2
   Compiling futures-executor v0.3.32
   Compiling prost v0.14.3
   Compiling postgres-protocol v0.6.10
   Compiling regex v1.12.3
   Compiling futures v0.3.32
   Compiling icu_provider v1.5.0
   Compiling mio v1.1.1
   Compiling schannel v0.1.28
   Compiling anstyle-query v1.1.5
   Compiling idna_adapter v1.2.1
   Compiling tokio v1.49.0
   Compiling anstyle-wincon v3.0.11
   Compiling idna v1.1.0
   Compiling rustls-native-certs v0.8.3
   Compiling anstream v0.6.21
   Compiling core_maths v0.1.1
   Compiling tempfile v3.25.0
   Compiling url v2.5.8
   Compiling errno v0.3.14
   Compiling dirs-sys v0.5.0
   Compiling strum v0.27.2
   Compiling csv v1.4.0
   Compiling serialport v4.7.3
   Compiling icu_segmenter_data v1.5.1
   Compiling bincode v2.0.1
   Compiling icu_collections v1.5.0
   Compiling serde_yaml v0.9.34+deprecated
   Compiling probe-rs-target v0.30.0
   Compiling hash32 v0.3.1
   Compiling parse_int v0.9.0
   Compiling serde_plain v1.0.2
   Compiling pom v1.1.0
   Compiling deku v0.18.1
   Compiling bytecount v0.6.9
   Compiling unicode-width v0.1.14
   Compiling nom_locate v5.0.0
   Compiling icu_segmenter v1.5.0
   Compiling miette v7.6.0
   Compiling clap_builder v4.5.59
   Compiling nom v7.1.3
   Compiling bytemuck v1.25.0
   Compiling heapless v0.9.2
   Compiling rustix v1.1.3
   Compiling object v0.38.1
   Compiling postgres-types v0.2.12
   Compiling polling v3.11.0
   Compiling cookie v0.16.2
   Compiling opentelemetry_sdk v0.31.0
   Compiling esp-idf-part v0.6.0
   Compiling gimli v0.32.3
   Compiling cbc v0.1.2
   Compiling aes v0.8.4
   Compiling ecb v0.1.2
   Compiling http v0.2.12
   Compiling rmp v0.8.15
   Compiling encoding_rs v0.8.35
   Compiling futures-lite v2.6.1
   Compiling probe-rs v0.30.0
   Compiling weezl v0.1.12
   Compiling rangemap v1.7.1
   Compiling hyper v1.8.1
   Compiling tower v0.5.3
   Compiling tokio-util v0.7.18
   Compiling tokio-stream v0.1.18
   Compiling ttf-parser v0.25.1
   Compiling webdriver v0.53.0
   Compiling tower-http v0.6.8
   Compiling tonic v0.14.4
   Compiling tokio-postgres v0.7.16
   Compiling hyper-util v0.1.20
   Compiling async-io v2.6.0
   Compiling tonic-prost v0.14.4
   Compiling opentelemetry-proto v0.31.0
   Compiling lopdf v0.38.0
   Compiling espflash v4.3.0
   Compiling tokio-tungstenite v0.28.0
   Compiling rmp-serde v1.3.1
   Compiling clap v4.5.59
   Compiling docsplay v0.1.3
   Compiling bitfield v0.19.4
   Compiling imap-proto v0.16.6
   Compiling cobs v0.5.0
   Compiling cookie v0.18.1
   Compiling object v0.37.3
   Compiling adobe-cmap-parser v0.4.1
   Compiling type1-encoding-parser v0.1.0
   Compiling mio-serial v5.0.6
   Compiling dirs v6.0.0
   Compiling nu-ansi-term v0.50.3
   Compiling winapi-util v0.1.11
   Compiling matchers v0.2.0
   Compiling nusb v0.1.14
   Compiling chacha20 v0.9.1
   Compiling email-encoding v0.4.1
   Compiling euclid v0.20.14
   Compiling ihex v3.0.0
   Compiling cff-parser v0.1.0
   Compiling scroll v0.13.0
   Compiling postscript v0.14.1
   Compiling uf2-decode v0.2.0
   Compiling rusqlite v0.38.0
   Compiling toml v1.0.2+spec-1.1.0
   Compiling dialoguer v0.11.0
   Compiling async-imap v0.11.2
   Compiling cron v0.15.0
   Compiling axum v0.8.8
   Compiling pdf-extract v0.10.0
   Compiling chacha20poly1305 v0.10.1
   Compiling tracing-subscriber v0.3.22
   Compiling same-file v1.0.6
   Compiling shellexpand v3.1.1
   Compiling tokio-serial v5.4.5
   Compiling postgres v0.19.12
   Compiling chrono-tz v0.10.4
   Compiling prometheus v0.14.0
   Compiling directories v6.0.0
   Compiling walkdir v2.5.0
   Compiling is-terminal v0.4.17
   Compiling tinytemplate v1.2.1
   Compiling toml_datetime v0.6.11
   Compiling serde_spanned v0.6.9
   Compiling toml_write v0.1.2
   Compiling dirs-sys v0.4.1
   Compiling tokio-test v0.4.5
   Compiling criterion v0.5.1
   Compiling toml_edit v0.22.27
   Compiling directories v5.0.1
   Compiling toml v0.8.23
   Compiling aws-lc-rs v1.15.4
   Compiling rustls v0.23.36
   Compiling rustls-webpki v0.103.9
   Compiling tokio-rustls v0.26.4
   Compiling tungstenite v0.24.0
   Compiling lettre v0.11.19
   Compiling hyper-rustls v0.27.7
   Compiling reqwest v0.12.28
   Compiling fantoccini v0.22.0
   Compiling tokio-tungstenite v0.24.0
   Compiling opentelemetry-http v0.31.0
   Compiling zeroclaw-robot-kit v0.1.0 
(C:\Users\Danii\zeroclaw\crates\robot-kit)
   Compiling opentelemetry-otlp v0.31.0
   Compiling zeroclaw v0.1.0 (C:\Users\Danii\zeroclaw)
    Finished `test` profile [unoptimized + debuginfo] target(s) in 5m 00s
     Running unittests src\lib.rs 
(target\debug\deps\zeroclaw-db76a24b7790bcfb.exe)

running 2115 tests
test agent::loop_::tests::autosave_memory_key_has_prefix_and_uniqueness ... ok
test agent::classifier::tests::disabled_returns_none ... ok
test agent::dispatcher::tests::xml_format_results_contains_tool_result_tags ... ok
test agent::classifier::tests::empty_rules_returns_none ... ok
test agent::classifier::tests::pattern_match_case_sensitive ... ok
test agent::classifier::tests::priority_ordering ... ok
test agent::classifier::tests::no_match_returns_none ... ok
test agent::dispatcher::tests::native_format_results_keeps_tool_call_id ... ok
test agent::classifier::tests::keyword_match_case_insensitive ... ok
test agent::classifier::tests::length_constraints ... ok
test agent::dispatcher::tests::native_dispatcher_roundtrip ... ok
test agent::loop_::tests::apply_compaction_summary_replaces_old_segment ... ok
test agent::dispatcher::tests::xml_dispatcher_parses_tool_calls ... ok
test agent::loop_::tests::build_compaction_transcript_formats_roles ... ok
test agent::loop_::tests::constants_bounds_are_compile_time_checked ... ok
test agent::loop_::tests::extract_json_values_handles_empty_string ... ok
test agent::loop_::tests::extract_json_values_handles_arrays ... ok
test agent::loop_::tests::extract_json_values_handles_multiple_objects ... ok
test agent::loop_::tests::extract_json_values_handles_whitespace_only ... ok
test agent::loop_::tests::parse_arguments_value_handles_invalid_json_string ... ok
test agent::loop_::tests::parse_arguments_value_handles_null ... ok
test agent::loop_::tests::parse_arguments_value_handles_none ... ok
test agent::loop_::tests::parse_glm_style_browser_open_url ... ok
test agent::loop_::tests::parse_glm_style_plain_url ... ok
test agent::loop_::tests::parse_glm_style_http_request ... ok
test agent::loop_::tests::parse_glm_style_json_args ... ok
test agent::loop_::tests::parse_glm_style_shell_command ... ok
test agent::loop_::tests::build_tool_instructions_includes_all_tools ... ok
test agent::loop_::tests::parse_glm_style_rejects_non_http_url_param ... ok
test agent::loop_::tests::parse_glm_style_multiple_calls ... ok
test agent::loop_::tests::parse_tool_call_value_handles_missing_name_field ... ok
test agent::loop_::tests::parse_tool_calls_extracts_single_call ... ok
test agent::loop_::tests::parse_tool_call_value_handles_top_level_name ... ok
test agent::loop_::tests::parse_tool_calls_extracts_multiple_calls ... ok
test agent::agent::tests::turn_with_native_dispatcher_handles_tool_results_variant ... ok
test agent::agent::tests::turn_without_tools_returns_text ... ok
test agent::loop_::tests::parse_tool_calls_from_json_value_handles_empty_array ... ok
test agent::loop_::tests::parse_tool_calls_from_json_value_handles_missing_tool_calls ... ok
test agent::loop_::tests::parse_tool_calls_from_json_value_handles_top_level_array ... ok
test agent::loop_::tests::parse_tool_calls_handles_empty_string_arguments ... ok
test agent::loop_::tests::parse_tool_calls_handles_invoke_tag_alias ... ok
test agent::loop_::tests::parse_tool_calls_handles_markdown_json_inside_tool_call_tag ... ok
test agent::loop_::tests::parse_tool_calls_handles_toolcall_tag_alias ... ok
test agent::loop_::tests::parse_tool_calls_handles_tool_dash_call_tag_alias ... ok
test agent::loop_::tests::parse_tool_calls_handles_unclosed_tool_call_tag ... ok
test agent::loop_::tests::parse_tool_calls_handles_openai_format_multiple_calls ... ok
test agent::loop_::tests::parse_tool_calls_handles_noisy_tool_call_tag_body ... ok
test agent::loop_::tests::parse_tool_calls_handles_openai_format ... ok
test agent::loop_::tests::parse_tool_calls_handles_whitespace_only_name ... ok
test agent::loop_::tests::parse_tool_calls_recovers_cross_alias_closing_tags ... ok
test agent::loop_::tests::parse_tool_calls_recovers_mismatched_close_tag ... ok
test agent::loop_::tests::parse_tool_calls_openai_format_without_content ... ok
test agent::loop_::tests::parse_tool_calls_recovers_unclosed_tool_call_with_json ... ok
test agent::loop_::tests::parse_tool_calls_text_before_and_after ... ok
test agent::loop_::tests::trim_history_noop_when_within_limit ... ok
test agent::loop_::tests::trim_history_preserves_role_ordering ... ok
test agent::loop_::tests::trim_history_preserves_system_prompt ... ok
test agent::loop_::tests::tools_to_openai_format_produces_valid_schema ... ok
test agent::loop_::tests::trim_history_with_no_system_prompt ... ok
test agent::loop_::tests::trim_history_with_only_system_prompt ... ok
test agent::memory_loader::tests::default_loader_formats_context ... ok
test agent::prompt::tests::prompt_builder_assembles_sections ... ok
test agent::loop_::tests::parse_tool_calls_handles_malformed_json ... ok
test agent::loop_::tests::parse_tool_calls_returns_text_only_when_no_calls ... ok
test agent::loop_::tests::parse_tool_calls_handles_empty_tool_result ... ok
test agent::loop_::tests::parse_tool_calls_handles_empty_tool_calls_array ... ok
test agent::loop_::tests::parse_glm_style_tool_call_integration ... ok
test agent::loop_::tests::parse_tool_calls_rejects_raw_tool_json_without_tags ... ok
test agent::tests::native_dispatcher_converts_tool_results_to_tool_messages ... ok
test agent::tests::native_dispatcher_handles_stringified_arguments ... ok
test agent::tests::conversation_message_serialization_roundtrip ... ok
test agent::tests::native_dispatcher_returns_empty_instructions ... ok
test agent::loop_::tests::parse_tool_calls_handles_markdown_tool_call_fence ... ok
test agent::loop_::tests::parse_tool_calls_handles_markdown_invoke_fence ... ok
test agent::loop_::tests::parse_tool_calls_handles_markdown_tool_call_hybrid_close_tag ... ok
test agent::tests::native_format_results_maps_tool_call_ids ... ok
test agent::tests::builder_fails_without_provider ... ok
test agent::loop_::tests::test_scrub_credentials_json ... ok
test agent::loop_::tests::test_scrub_credentials ... ok
test agent::tests::multi_turn_maintains_growing_history ... ok
test agent::tests::history_contains_all_expected_entries_after_tool_loop ... ok
test agent::tests::turn_executes_single_tool_then_returns ... ok
test agent::tests::system_prompt_not_duplicated_on_second_turn ... ok
test agent::tests::run_single_delegates_to_turn ... ok
test agent::tests::native_dispatcher_sends_tool_specs ... ok
test agent::tests::system_prompt_injected_on_first_turn ... ok
test agent::tests::turn_bails_out_at_max_iterations ... ok
test agent::tests::history_trims_after_max_messages ... ok
test agent::tests::xml_dispatcher_converts_history_to_provider_messages ... ok
test agent::tests::turn_handles_empty_text_response ... ok
test agent::tests::xml_dispatcher_generates_tool_instructions ... ok
test agent::tests::xml_dispatcher_does_not_send_tool_specs ... ok
test agent::tests::turn_handles_multiple_tools_in_one_response ... ok
test agent::tests::xml_dispatcher_handles_empty_tool_call_tag ... ok
test agent::tests::xml_dispatcher_handles_nested_json ... ok
test agent::tests::xml_dispatcher_handles_unclosed_tool_call ... ok
test agent::tests::xml_format_results_includes_status_and_output ... ok
test approval::tests::always_ask_tools_always_prompt ... ok
test approval::tests::always_response_adds_to_session_allowlist ... ok
test approval::tests::always_ask_overrides_session_allowlist ... ok
test approval::tests::approval_request_serde ... ok
test approval::tests::approval_response_serde_roundtrip ... ok
test approval::tests::audit_log_contains_timestamp_and_channel ... ok
test approval::tests::audit_log_records_decisions ... ok
test approval::tests::auto_approve_tools_skip_prompt ... ok
test approval::tests::full_autonomy_never_prompts ... ok
test agent::tests::turn_handles_multi_step_tool_chain ... ok
test approval::tests::readonly_never_prompts ... ok
test approval::tests::summarize_args_non_object ... ok
test approval::tests::summarize_args_object ... ok
test approval::tests::summarize_args_truncates_long_values ... ok
test approval::tests::summarize_args_unicode_safe_truncation ... ok
test approval::tests::unknown_tool_needs_approval_in_supervised ... ok
test approval::tests::yes_response_does_not_add_to_allowlist ... ok
test auth::anthropic_token::tests::detect_default_for_api_prefix ... ok
test auth::anthropic_token::tests::detect_jwt_like_as_authorization ... ok
test auth::anthropic_token::tests::detect_prefers_override ... ok
test agent::loop_::tests::autosave_memory_keys_preserve_multiple_turns ... ok
test auth::anthropic_token::tests::parse_kind_from_metadata ... ok
test auth::openai_oauth::tests::parse_redirect_accepts_raw_code ... ok
test auth::openai_oauth::tests::parse_redirect_rejects_state_mismatch ... ok
test auth::openai_oauth::tests::parse_redirect_url_extracts_code ... ok
test auth::openai_oauth::tests::extract_account_id_from_jwt_payload ... ok
test auth::openai_oauth::tests::parse_redirect_rejects_error_without_code ... ok
test auth::profiles::tests::profile_id_format ... ok
test auth::profiles::tests::token_expiry_math ... ok
test auth::openai_oauth::tests::pkce_generation_is_valid ... ok
test auth::tests::normalize_provider_aliases ... ok
test channels::cli::tests::channel_message_clone ... ok
test auth::tests::select_profile_prefers_override_then_active_then_default ... ok
test channels::cli::tests::channel_message_struct ... ok
test channels::cli::tests::cli_channel_name ... ok
test channels::cli::tests::cli_channel_health_check ... ok
test channels::cli::tests::cli_channel_send_does_not_panic ... ok
test channels::cli::tests::cli_channel_send_empty_message ... ok
test channels::dingtalk::tests::parse_stream_data_supports_object_payload ... ok
test channels::dingtalk::tests::parse_stream_data_supports_string_payload ... ok
test channels::dingtalk::tests::resolve_chat_id_handles_numeric_group_conversation_type ... ok
test channels::dingtalk::tests::test_name ... ok
test channels::dingtalk::tests::test_user_allowed_specific ... ok
test channels::dingtalk::tests::test_config_serde_defaults ... ok
test channels::dingtalk::tests::test_config_serde ... ok
test channels::dingtalk::tests::test_user_allowed_wildcard ... ok
test channels::dingtalk::tests::test_user_denied_empty ... ok
test channels::discord::tests::allowlist_case_sensitive ... ok
test channels::discord::tests::allowlist_empty_string_user_id ... ok
test channels::discord::tests::allowlist_is_exact_match_not_substring ... ok
test channels::discord::tests::allowlist_with_wildcard_and_specific ... ok
test channels::discord::tests::base64_decode_empty_string ... ok
test channels::discord::tests::base64_decode_bot_id ... ok
test channels::discord::tests::bot_user_id_extraction ... ok
test channels::discord::tests::bot_user_id_from_empty_token ... ok
test channels::discord::tests::base64_decode_invalid_chars ... ok
test channels::discord::tests::contains_bot_mention_supports_plain_and_nick_forms ... ok
test channels::discord::tests::discord_channel_name ... ok
test channels::discord::tests::discord_message_id_different_message_different_id ... ok
test channels::discord::tests::discord_message_id_fallback_to_uuid_on_empty ... ok
test channels::discord::tests::discord_message_id_format_includes_discord_prefix ... ok
test channels::discord::tests::discord_message_id_is_deterministic ... ok
test channels::discord::tests::discord_message_id_uses_snowflake_id ... ok
test channels::discord::tests::empty_allowlist_denies_everyone ... ok
test channels::discord::tests::normalize_incoming_content_rejects_empty_after_strip ... ok
test channels::discord::tests::normalize_incoming_content_requires_mention_when_enabled ... ok
test channels::discord::tests::normalize_incoming_content_strips_mentions_and_trims ... ok
test channels::discord::tests::specific_allowlist_filters ... ok
test agent::tests::clear_history_resets_conversation ... ok
test agent::tests::turn_handles_none_text_response ... ok
test channels::discord::tests::split_empty_message ... ok
test channels::discord::tests::split_message_exactly_2000_chars ... ok
test channels::discord::tests::split_message_just_over_limit ... ok
test agent::tests::turn_propagates_provider_error ... ok
test agent::tests::turn_preserves_text_alongside_tool_calls ... ok
test agent::tests::turn_handles_unknown_tool_gracefully ... ok
test channels::discord::tests::split_chunks_always_within_discord_limit ... ok
test agent::tests::turn_recovers_from_tool_error ... ok
test channels::discord::tests::split_multibyte_only_content_without_panics ... ok
test agent::tests::turn_returns_text_when_no_tools_called ... ok
test agent::tests::turn_recovers_from_tool_failure ... ok
test channels::discord::tests::split_multiple_breaks ... ok
test channels::discord::tests::split_message_with_multiple_newlines ... ok
test channels::discord::tests::split_newline_too_close_to_end ... ok
test channels::discord::tests::split_prefer_space_break ... ok
test channels::discord::tests::split_prefer_newline_break ... ok
test channels::discord::tests::split_short_message_under_limit ... ok
test channels::discord::tests::split_preserves_content ... ok
test agent::tests::xml_dispatcher_parses_and_loops ... ok
test channels::discord::tests::split_without_good_break_points_hard_split ... ok
test channels::discord::tests::split_very_long_message ... ok
test channels::discord::tests::typing_handle_starts_as_none ... ok
test channels::discord::tests::wildcard_allows_everyone ... ok
test channels::discord::tests::stop_typing_is_idempotent ... ok
test channels::email_channel::tests::default_smtp_port_returns_465 ... ok
test channels::email_channel::tests::default_idle_timeout_is_29_minutes ... ok
test channels::email_channel::tests::default_smtp_port_uses_tls_port ... ok
test channels::email_channel::tests::default_true_returns_true ... ok
test channels::discord::tests::stop_typing_clears_handle ... ok
test channels::discord::tests::start_typing_replaces_existing_task ... ok
test channels::discord::tests::start_typing_sets_handle ... ok
test channels::discord::tests::split_unicode_content ... ok
test channels::email_channel::tests::email_channel_name ... ok
test channels::email_channel::tests::email_config_clone ... ok
test channels::email_channel::tests::email_channel_new ... ok
test channels::email_channel::tests::default_imap_port_returns_993 ... ok
test channels::email_channel::tests::default_imap_folder_returns_inbox ... ok
test channels::email_channel::tests::email_config_default ... ok
test channels::email_channel::tests::email_config_custom ... ok
test channels::email_channel::tests::email_config_deserialize_with_defaults ... ok
test channels::email_channel::tests::email_config_debug_output ... ok
test channels::email_channel::tests::email_config_serialize_deserialize ... ok
test channels::email_channel::tests::idle_timeout_deserializes_explicit_value ... ok
test channels::email_channel::tests::email_config_default_uses_tls_smtp_defaults ... ok
test channels::email_channel::tests::idle_timeout_deserializes_legacy_poll_interval_alias ... ok
test channels::email_channel::tests::is_sender_allowed_domain_with_at_prefix ... ok
test channels::email_channel::tests::is_sender_allowed_domain_without_at_prefix ... ok
test channels::email_channel::tests::is_sender_allowed_empty_list_denies_all ... ok
test channels::email_channel::tests::idle_timeout_propagates_to_channel ... ok
test channels::email_channel::tests::is_sender_allowed_case_insensitive ... ok
test channels::email_channel::tests::is_sender_allowed_empty_sender ... ok
test channels::email_channel::tests::is_sender_allowed_multiple_senders ... ok
test channels::email_channel::tests::is_sender_allowed_specific_email ... ok
test channels::email_channel::tests::is_sender_allowed_wildcard_allows_all ... ok
test channels::email_channel::tests::is_sender_allowed_wildcard_with_specific ... ok
test channels::email_channel::tests::seen_messages_starts_empty ... ok
test channels::email_channel::tests::strip_html_attributes_preserved ... ok
test channels::email_channel::tests::seen_messages_tracks_unique_ids ... ok
test channels::email_channel::tests::strip_html_multiple_lines ... ok
test channels::email_channel::tests::strip_html_basic ... ok
test channels::email_channel::tests::strip_html_handles_malformed ... ok
test channels::email_channel::tests::strip_html_multiple_spaces_collapsed ... ok
test channels::email_channel::tests::strip_html_nested_tags ... ok
test channels::email_channel::tests::strip_html_preserves_text ... ok
test channels::email_channel::tests::strip_html_self_closing_tags ... ok
test channels::email_channel::tests::strip_html_special_characters ... ok
test channels::imessage::tests::contact_case_insensitive ... ok
test channels::imessage::tests::contact_with_spaces_exact_match ... ok
test agent::tests::auto_save_disabled_does_not_store ... ok
test channels::imessage::tests::creates_with_contacts ... ok
test channels::imessage::tests::creates_with_empty_contacts ... ok
test channels::imessage::tests::empty_allowlist_denies_all ... ok
test channels::imessage::tests::escape_applescript_double_quotes ... ok
test channels::imessage::tests::escape_applescript_backslashes ... ok
test channels::imessage::tests::escape_applescript_empty_string ... ok
test channels::imessage::tests::escape_applescript_injection_attempt ... ok
test channels::imessage::tests::escape_applescript_mixed ... ok
test channels::imessage::tests::escape_applescript_newlines_escaped ... ok
test channels::imessage::tests::escape_applescript_no_special_chars ... ok
test channels::imessage::tests::escape_applescript_unicode ... ok
test auth::profiles::tests::atomic_write_replaces_file ... ok
test agent::tests::auto_save_stores_messages_in_memory ... ok
test channels::imessage::tests::get_max_rowid_nonexistent_database ... ok
test channels::imessage::tests::fetch_new_messages_nonexistent_database ... ok
test channels::imessage::tests::invalid_target_applescript_injection ... ok
test channels::imessage::tests::invalid_target_email_no_at ... ok
test channels::imessage::tests::invalid_target_email_no_domain ... ok
test channels::imessage::tests::invalid_target_email_no_dot_in_domain ... ok
test channels::imessage::tests::invalid_target_email_no_local ... ok
test channels::imessage::tests::invalid_target_empty ... ok
test channels::imessage::tests::invalid_target_injection_attempt ... ok
test channels::imessage::tests::invalid_target_newline ... ok
test channels::imessage::tests::invalid_target_no_plus_prefix ... ok
test channels::imessage::tests::invalid_target_null_byte ... ok
test channels::imessage::tests::invalid_target_special_chars ... ok
test channels::imessage::tests::invalid_target_too_long_phone ... ok
test channels::imessage::tests::invalid_target_too_short_phone ... ok
test channels::imessage::tests::name_returns_imessage ... ok
test channels::imessage::tests::specific_contact_allowed ... ok
test channels::imessage::tests::target_with_leading_trailing_whitespace_trimmed ... ok
test channels::imessage::tests::get_max_rowid_empty_database ... ok
test channels::imessage::tests::unknown_contact_denied ... ok
test channels::imessage::tests::fetch_new_messages_handles_empty_text ... ok
test channels::imessage::tests::valid_email_simple ... ok
test channels::imessage::tests::valid_email_with_dots ... ok
test channels::imessage::tests::valid_email_icloud ... ok
test channels::imessage::tests::valid_email_with_plus ... ok
test channels::imessage::tests::fetch_new_messages_handles_special_characters ... ok
test channels::imessage::tests::valid_phone_number_international ... ok
test channels::imessage::tests::valid_email_with_subdomain ... ok
test channels::imessage::tests::valid_phone_number_simple ... ok
test channels::imessage::tests::valid_phone_number_with_country_code ... ok
test channels::imessage::tests::fetch_new_messages_large_rowid_edge_case ... ok
test channels::imessage::tests::valid_phone_number_with_dashes ... ok
test channels::imessage::tests::valid_phone_number_with_spaces ... ok
test channels::imessage::tests::wildcard_among_others_still_allows_all ... ok
test channels::irc::tests::allowlist_case_insensitive ... ok
test channels::irc::tests::empty_allowlist_denies_all ... ok
test channels::irc::tests::irc_config_minimal_toml ... ok
test channels::irc::tests::irc_config_default_port ... ok
test channels::imessage::tests::wildcard_allows_anyone ... ok
test channels::irc::tests::name_returns_irc ... ok
test channels::irc::tests::irc_config_serde_roundtrip ... ok
test channels::irc::tests::new_defaults_username_to_nickname ... ok
test channels::irc::tests::new_stores_all_fields ... ok
test channels::irc::tests::new_uses_explicit_username ... ok
test channels::irc::tests::nick_extraction_full_prefix ... ok
test channels::irc::tests::nick_extraction_nick_only ... ok
test channels::irc::tests::nick_extraction_no_prefix ... ok
test channels::irc::tests::parse_authenticate_plus ... ok
test channels::imessage::tests::fetch_new_messages_filters_by_rowid ... ok
test channels::imessage::tests::fetch_new_messages_empty_database ... ok
test channels::irc::tests::parse_cap_ack ... ok
test channels::irc::tests::parse_command_uppercase ... ok
test channels::irc::tests::parse_empty_line_returns_none ... ok
test channels::irc::tests::parse_no_trailing ... ok
test channels::irc::tests::parse_numeric_reply ... ok
test channels::irc::tests::parse_ping ... ok
test channels::irc::tests::parse_privmsg_with_prefix ... ok
test channels::imessage::tests::fetch_new_messages_negative_rowid_edge_case ... ok
test channels::irc::tests::parse_privmsg_dm ... ok
test channels::irc::tests::parse_strips_crlf ... ok
test channels::imessage::tests::fetch_new_messages_excludes_sent_messages ... ok
test channels::irc::tests::specific_user_allowed ... ok
test channels::irc::tests::sasl_plain_encode ... ok
test channels::irc::tests::sasl_plain_empty_password ... ok
test channels::irc::tests::split_crlf_newlines ... ok
test channels::irc::tests::split_empty_message ... ok
test channels::irc::tests::split_exact_boundary ... ok
test channels::irc::tests::split_long_message ... ok
test channels::irc::tests::split_multiline_with_long_line ... ok
test channels::irc::tests::split_newlines_into_separate_lines ... ok
test channels::irc::tests::split_only_newlines ... ok
test channels::irc::tests::split_short_message ... ok
test channels::irc::tests::split_skips_empty_lines ... ok
test channels::irc::tests::split_trailing_newline ... ok
test channels::irc::tests::split_unicode_safe ... ok
test channels::irc::tests::wildcard_allows_anyone ... ok
test channels::lark::tests::lark_channel_name ... ok
test channels::lark::tests::lark_config_defaults_optional_fields ... ok
test channels::lark::tests::lark_from_config_preserves_mode_and_region ... ok
test channels::lark::tests::lark_parse_challenge ... ok
test auth::profiles::tests::store_roundtrip_with_encryption ... ok
test channels::lark::tests::lark_config_serde ... ok
test channels::lark::tests::lark_config_toml_roundtrip ... ok
test channels::lark::tests::lark_parse_empty_text_skipped ... ok
test channels::imessage::tests::fetch_new_messages_excludes_null_text ... ok
test channels::lark::tests::lark_parse_invalid_content_json ... ok
test channels::lark::tests::lark_parse_missing_sender ... ok
test channels::lark::tests::lark_parse_missing_event ... ok
test channels::lark::tests::lark_parse_unauthorized_user ... ok
test channels::lark::tests::lark_parse_fallback_sender_to_open_id ... ok
test channels::lark::tests::lark_parse_non_text_message_skipped ... ok
test channels::lark::tests::lark_parse_unicode_message ... ok
test channels::lark::tests::lark_parse_wrong_event_type ... ok
test channels::lark::tests::lark_parse_valid_text_message ... ok
test channels::lark::tests::lark_user_allowed_exact ... ok
test channels::lark::tests::lark_user_allowed_wildcard ... ok
test channels::lark::tests::lark_user_denied_empty ... ok
test channels::matrix::tests::creates_with_correct_fields ... ok
test channels::imessage::tests::fetch_new_messages_handles_unicode ... ok
test channels::matrix::tests::empty_allowlist_denies_all ... ok
test channels::matrix::tests::event_content_defaults ... ok
test channels::matrix::tests::multiple_trailing_slashes_strips_one ... ok
test channels::matrix::tests::name_returns_matrix ... ok
test channels::matrix::tests::strips_trailing_slash ... ok
test channels::matrix::tests::no_trailing_slash_unchanged ... ok
test channels::matrix::tests::specific_user_allowed ... ok
test channels::matrix::tests::sync_response_deserializes_empty ... ok
test channels::matrix::tests::sync_response_deserializes_with_events ... ok
test channels::matrix::tests::sync_response_ignores_non_text_events ... ok
test channels::matrix::tests::sync_response_missing_rooms_defaults ... ok
test channels::matrix::tests::unknown_user_denied ... ok
test channels::imessage::tests::fetch_new_messages_returns_correct_data ... ok
test channels::matrix::tests::user_case_insensitive ... ok
test channels::mattermost::tests::contains_mention_text_at_end ... ok
test channels::matrix::tests::whoami_response_deserializes ... ok
test channels::imessage::tests::fetch_new_messages_ordered_by_rowid_asc ... ok
test channels::matrix::tests::wildcard_allows_anyone ... ok
test channels::mattermost::tests::contains_mention_text_at_start ... ok
test channels::mattermost::tests::contains_mention_text_alone ... ok
test channels::mattermost::tests::mattermost_parse_post_no_thread_when_disabled ... ok
test channels::mattermost::tests::mattermost_allowlist_wildcard ... ok
test channels::mattermost::tests::mattermost_parse_post_basic ... ok
test channels::mattermost::tests::mattermost_parse_post_ignore_old ... ok
test channels::mattermost::tests::mattermost_existing_thread_always_threads ... ok
test channels::mattermost::tests::mattermost_parse_post_thread ... ok
test channels::mattermost::tests::mattermost_parse_post_ignore_self ... ok
test channels::mattermost::tests::mention_detects_later_valid_mention_after_partial_prefix ... ok
test channels::mattermost::tests::mention_followed_by_punctuation ... ok
test channels::mattermost::tests::mattermost_url_trimming ... ok
test channels::mattermost::tests::mention_only_accepts_message_with_at_mention ... ok
test channels::mattermost::tests::mention_only_disabled_passes_all_messages ... ok
test channels::mattermost::tests::mention_only_case_insensitive ... ok
test channels::mattermost::tests::mattermost_parse_post_thread_replies_enabled ... ok
test channels::mattermost::tests::mention_only_detects_metadata_mentions ... ok
test channels::mattermost::tests::mention_only_word_boundary_prevents_partial_match ... ok
test channels::mattermost::tests::mention_only_skips_message_without_mention ... ok
test channels::mattermost::tests::no_mention_different_username ... ok
test channels::mattermost::tests::mention_only_strips_mention_and_trims ... ok
test channels::mattermost::tests::mention_via_metadata_only ... ok
test channels::mattermost::tests::no_mention_empty_username_no_metadata ... ok
test channels::imessage::tests::get_max_rowid_with_messages ... ok
test channels::mattermost::tests::mention_only_mention_in_middle_of_text ... ok
test channels::mattermost::tests::mention_only_rejects_empty_after_stripping ... ok
test channels::mattermost::tests::normalize_preserves_text_for_metadata_mention ... ok
test channels::mattermost::tests::normalize_returns_none_for_no_mention ... ok
test channels::mattermost::tests::normalize_strips_and_trims ... ok
test channels::mattermost::tests::normalize_strips_multiple_mentions ... ok
test channels::mattermost::tests::normalize_keeps_partial_username_mentions ... ok
test channels::mattermost::tests::normalize_returns_none_when_only_mention ... ok
test channels::qq::tests::test_config_serde ... ok
test channels::qq::tests::test_name ... ok
test channels::signal::tests::creates_with_correct_fields ... ok
test channels::qq::tests::test_dedup_empty_id ... ok
test channels::qq::tests::test_dedup ... ok
test channels::qq::tests::test_user_allowed_specific ... ok
test channels::qq::tests::test_user_allowed_wildcard ... ok
test channels::qq::tests::test_user_denied_empty ... ok
test channels::signal::tests::empty_allowlist_denies_all ... ok
test channels::mattermost::tests::no_mention_partial_username ... ok
test channels::signal::tests::envelope_defaults ... ok
test channels::signal::tests::matches_group_dm_keyword ... ok
test channels::signal::tests::matches_group_filters_group ... ok
test channels::signal::tests::matches_group_no_group_id_accepts_all ... ok
test channels::signal::tests::name_returns_signal ... ok
test channels::signal::tests::parse_recipient_target_e164_is_direct ... ok
test channels::signal::tests::parse_recipient_target_non_e164_plus_is_group ... ok
test channels::signal::tests::parse_recipient_target_prefixed_group_is_group ... ok
test channels::signal::tests::process_envelope_denied_sender ... ok
test channels::signal::tests::process_envelope_no_data_message ... ok
test channels::signal::tests::process_envelope_empty_message ... ok
test channels::signal::tests::process_envelope_skips_attachment_only ... ok
test channels::signal::tests::process_envelope_skips_stories ... ok
test channels::signal::tests::process_envelope_valid_dm ... ok
test channels::signal::tests::reply_target_dm ... ok
test channels::signal::tests::reply_target_group ... ok
test channels::signal::tests::sender_falls_back_to_source ... ok
test channels::signal::tests::sender_none_when_both_missing ... ok
test channels::signal::tests::sender_prefers_source_number ... ok
test channels::signal::tests::specific_sender_allowed ... ok
test channels::signal::tests::sse_envelope_deserializes ... ok
test channels::signal::tests::sse_envelope_deserializes_group ... ok
test channels::signal::tests::strips_trailing_slash ... ok
test channels::signal::tests::unknown_sender_denied ... ok
test channels::signal::tests::wildcard_allows_anyone ... ok
test channels::slack::tests::allowlist_case_sensitive ... ok
test channels::slack::tests::allowlist_empty_user_id ... ok
test channels::slack::tests::allowlist_exact_match_not_substring ... ok
test channels::slack::tests::allowlist_wildcard_and_specific ... ok
test channels::slack::tests::empty_allowlist_denies_everyone ... ok
test channels::slack::tests::slack_channel_name ... ok
test channels::slack::tests::slack_channel_with_channel_id ... ok
test channels::slack::tests::slack_message_id_different_channel_different_id ... ok
test channels::slack::tests::slack_message_id_different_ts_different_id ... ok
test channels::slack::tests::slack_message_id_format_includes_channel_and_ts ... ok
test channels::slack::tests::slack_message_id_is_deterministic ... ok
test channels::slack::tests::slack_message_id_no_uuid_randomness ... ok
test channels::slack::tests::specific_allowlist_filters ... ok
test channels::slack::tests::wildcard_allows_everyone ... ok
test channels::telegram::tests::infer_attachment_kind_from_target_detects_document_extension ... ok
test channels::telegram::tests::parse_attachment_markers_extracts_multiple_types ... ok
test channels::telegram::tests::parse_path_only_attachment_rejects_sentence_text ... ok
test channels::telegram::tests::parse_update_message_extracts_thread_id_for_forum_topic ... ok
test channels::telegram::tests::parse_update_message_allows_numeric_id_without_username ... ok
test channels::telegram::tests::parse_update_message_uses_chat_id_as_reply_target ... ok
test channels::telegram::tests::parse_update_message_mention_only_group_strips_mention_and_drops_empty ... ok
test channels::telegram::tests::send_draft_returns_none_when_stream_mode_off ... ok
test channels::telegram::tests::start_typing_replaces_previous_handle ... ok
test channels::telegram::tests::parse_attachment_markers_keeps_invalid_markers_in_text ... ok
test channels::telegram::tests::parse_update_message_mention_only_group_requires_exact_mention ... ok
test channels::telegram::tests::strip_tool_call_tags_cleans_extra_newlines ... ok
test channels::telegram::tests::stop_typing_clears_handle ... ok
test channels::telegram::tests::strip_tool_call_tags_handles_empty_input ... ok
test channels::telegram::tests::strip_tool_call_tags_handles_multiple_tags ... ok
test channels::telegram::tests::strip_tool_call_tags_handles_only_tags ... ok
test channels::telegram::tests::strip_tool_call_tags_handles_unclosed_tags ... ok
test channels::telegram::tests::strip_tool_call_tags_preserves_normal_text ... ok
test channels::telegram::tests::strip_tool_call_tags_removes_alias_tags ... ok
test channels::telegram::tests::strip_tool_call_tags_handles_mixed_tags ... ok
test channels::telegram::tests::strip_tool_call_tags_handles_mismatched_close_tag ... ok
test channels::telegram::tests::strip_tool_call_tags_handles_unclosed_tool_call_with_json ... ok
test channels::telegram::tests::strip_tool_call_tags_removes_invoke_tags ... ok
test channels::telegram::tests::strip_tool_call_tags_removes_dash_tags ... ok
test channels::telegram::tests::strip_tool_call_tags_removes_standard_tags ... ok
test channels::telegram::tests::strip_tool_call_tags_removes_tool_call_tags ... ok
test channels::telegram::tests::telegram_api_url_send_document ... ok
test channels::telegram::tests::telegram_api_url ... ok
test channels::telegram::tests::supports_draft_updates_respects_stream_mode ... ok
test channels::telegram::tests::telegram_api_url_send_audio ... ok
test channels::telegram::tests::telegram_api_url_send_photo ... ok
test channels::telegram::tests::parse_path_only_attachment_detects_existing_file ... ok
test channels::telegram::tests::telegram_api_url_send_voice ... ok
test channels::telegram::tests::telegram_api_url_send_video ... ok
test channels::telegram::tests::telegram_channel_name ... ok
test channels::telegram::tests::telegram_contains_bot_mention_finds_mention ... ok
test channels::telegram::tests::telegram_extract_bind_code_plain_command ... ok
test channels::telegram::tests::telegram_extract_bind_code_rejects_invalid_forms ... ok
test channels::telegram::tests::telegram_extract_bind_code_supports_bot_mention ... ok
test channels::telegram::tests::telegram_is_group_message_detects_groups ... ok
test channels::telegram::tests::telegram_contains_bot_mention_no_false_positives ... ok
test channels::telegram::tests::telegram_message_id_different_chat_different_id ... ok
test channels::telegram::tests::telegram_mention_only_enabled_by_config ... ok
test channels::telegram::tests::telegram_message_id_different_message_different_id ... ok
test channels::telegram::tests::telegram_message_id_format_includes_chat_and_message_id ... ok
test channels::telegram::tests::telegram_message_id_handles_zero_message_id ... ok
test channels::telegram::tests::telegram_message_id_is_deterministic ... ok
test channels::telegram::tests::telegram_message_id_no_uuid_randomness ... ok
test channels::telegram::tests::telegram_normalize_incoming_content_handles_multiple_mentions ... ok
test channels::telegram::tests::telegram_pairing_disabled_with_nonempty_allowlist ... ok
test channels::telegram::tests::telegram_pairing_enabled_with_empty_allowlist ... ok
test channels::telegram::tests::telegram_normalize_incoming_content_returns_none_for_empty ... ok
test channels::telegram::tests::telegram_normalize_incoming_content_strips_mention ... ok
test channels::telegram::tests::telegram_send_audio_nonexistent_file ... ok
test channels::telegram::tests::telegram_split_at_newline ... ok
test channels::telegram::tests::telegram_send_document_nonexistent_file ... ok
test channels::telegram::tests::telegram_send_voice_nonexistent_file ... ok
test channels::telegram::tests::telegram_send_video_nonexistent_file ... ok
test channels::telegram::tests::telegram_split_at_word_boundary ... ok
test channels::telegram::tests::telegram_split_empty_message ... ok
test channels::telegram::tests::telegram_split_exact_limit ... ok
test channels::telegram::tests::telegram_split_over_limit ... ok
test channels::telegram::tests::telegram_split_preserves_content ... ok
test channels::telegram::tests::telegram_send_photo_nonexistent_file ... ok
test channels::telegram::tests::telegram_split_short_message ... ok
test channels::telegram::tests::telegram_split_very_long_message ... ok
test channels::telegram::tests::telegram_user_allowed_by_numeric_id_identity ... ok
test channels::telegram::tests::telegram_user_allowed_specific ... ok
test channels::telegram::tests::telegram_user_allowed_wildcard ... ok
test channels::telegram::tests::telegram_user_allowed_with_at_prefix_in_config ... ok
test channels::telegram::tests::telegram_user_denied_empty ... ok
test channels::telegram::tests::telegram_user_case_sensitive ... ok
test channels::telegram::tests::telegram_user_denied_when_none_of_identities_match ... ok
test channels::telegram::tests::telegram_user_empty_string_denied ... ok
test channels::telegram::tests::telegram_user_exact_match_not_substring ... ok
test channels::telegram::tests::typing_handle_starts_as_none ... ok
test channels::telegram::tests::telegram_wildcard_with_specific_users ... ok
test channels::telegram::tests::update_draft_utf8_truncation_is_safe_for_multibyte_text ... ok
test channels::telegram::tests::update_draft_rate_limit_short_circuits_network ... ok
test channels::tests::aieos_identity_from_inline ... ok
test channels::tests::aieos_identity_from_file ... ok
test channels::tests::channel_log_truncation_is_utf8_safe_for_multibyte_text ... ok
test channels::tests::classify_health_ok_false ... ok
test channels::tests::classify_health_ok_true ... ok
test channels::tests::classify_health_timeout ... ok
test channels::tests::conversation_memory_key_is_unique_per_message ... ok
test channels::tests::conversation_memory_key_uses_message_id ... ok
test channels::tests::autosave_keys_preserve_multiple_conversation_facts ... ok
test channels::tests::aieos_empty_uses_openclaw ... ok
test channels::tests::aieos_fallback_to_openclaw_on_parse_error ... ok
test channels::tests::build_memory_context_includes_recalled_entries ... ok
test channels::tests::process_channel_message_executes_tool_calls_instead_of_sending_raw_json ... ok
test channels::tests::process_channel_message_executes_tool_calls_with_alias_tags ... ok
test channels::tests::process_channel_message_handles_models_command_without_llm_call ... ok
test channels::tests::process_channel_message_restores_per_sender_history_on_follow_ups ... ok
test channels::tests::process_channel_message_uses_route_override_provider_and_model ... ok
test channels::imessage::tests::fetch_new_messages_respects_limit ... ok
test channels::tests::none_identity_config_uses_openclaw ... ok
test channels::tests::openclaw_format_uses_bootstrap_files ... ok
test channels::tests::prompt_contains_channel_capabilities ... ok
test channels::tests::process_channel_message_cancels_scoped_typing_task ... ok
test channels::tests::prompt_empty_files_skipped ... ok
test channels::tests::prompt_contains_all_sections ... ok
test channels::tests::prompt_bootstrap_only_if_exists ... ok
test channels::tests::prompt_missing_file_markers ... ok
test channels::telegram::tests::telegram_send_document_bytes_empty_filename ... ok
test channels::telegram::tests::telegram_send_photo_by_url_builds_correct_json ... ok
test channels::telegram::tests::telegram_send_document_by_url_builds_correct_json ... ok
test channels::tests::prompt_injects_safety ... ok
test channels::telegram::tests::telegram_send_document_bytes_empty_file ... ok
test channels::traits::tests::channel_message_clone_preserves_fields ... ok
test channels::telegram::tests::telegram_send_document_bytes_empty_chat_id ... ok
test channels::traits::tests::default_draft_methods_return_success ... ok
test channels::traits::tests::default_trait_methods_return_success ... ok
test channels::whatsapp::tests::whatsapp_channel_fields_stored_correctly ... ok
test channels::traits::tests::listen_sends_message_to_channel ... ok
test channels::telegram::tests::telegram_send_photo_bytes_builds_correct_form ... ok
test channels::telegram::tests::telegram_send_document_bytes_builds_correct_form ... ok
test channels::tests::prompt_injects_workspace_files ... ok
test channels::whatsapp::tests::whatsapp_channel_name ... ok
test channels::whatsapp::tests::whatsapp_number_allowed_exact ... ok
test channels::whatsapp::tests::whatsapp_empty_text_skipped ... ok
test channels::whatsapp::tests::whatsapp_number_allowed_case_sensitive ... ok
test channels::tests::prompt_injects_tools ... ok
test channels::whatsapp::tests::whatsapp_number_allowed_multiple_numbers ... ok
test channels::whatsapp::tests::whatsapp_number_allowed_wildcard ... ok
test channels::whatsapp::tests::whatsapp_number_denied_empty ... ok
test channels::whatsapp::tests::whatsapp_parse_changes_not_array ... ok
test channels::whatsapp::tests::whatsapp_parse_document_message_skipped ... ok
test channels::whatsapp::tests::whatsapp_parse_contacts_message_skipped ... ok
test channels::whatsapp::tests::whatsapp_parse_empty_changes_array ... ok
test channels::whatsapp::tests::whatsapp_parse_empty_entry_array ... ok
test channels::whatsapp::tests::whatsapp_parse_audio_message_skipped ... ok
test channels::whatsapp::tests::whatsapp_parse_empty_messages_array ... ok
test channels::whatsapp::tests::whatsapp_parse_empty_payload ... ok
test channels::whatsapp::tests::whatsapp_parse_location_message_skipped ... ok
test channels::whatsapp::tests::whatsapp_parse_missing_changes_array ... ok
test channels::whatsapp::tests::whatsapp_parse_missing_entry_array ... ok
test channels::whatsapp::tests::whatsapp_parse_messages_not_array ... ok
test channels::whatsapp::tests::whatsapp_parse_entry_not_array ... ok
test channels::whatsapp::tests::whatsapp_parse_invalid_timestamp_uses_current ... ok
test channels::whatsapp::tests::whatsapp_parse_missing_value ... ok
test channels::whatsapp::tests::whatsapp_parse_missing_from_field ... ok
test channels::whatsapp::tests::whatsapp_parse_missing_text_body ... ok
test channels::whatsapp::tests::whatsapp_parse_missing_timestamp_uses_current ... ok
test channels::whatsapp::tests::whatsapp_parse_mixed_authorized_unauthorized ... ok
test channels::whatsapp::tests::whatsapp_parse_missing_messages_array ... ok
test channels::tests::prompt_runtime_metadata ... ok
test channels::whatsapp::tests::whatsapp_parse_multiple_changes ... ok
test channels::whatsapp::tests::whatsapp_parse_normalizes_phone_with_plus ... ok
test channels::whatsapp::tests::whatsapp_parse_non_text_message_skipped ... ok
test channels::whatsapp::tests::whatsapp_parse_multiple_entries ... ok
test channels::whatsapp::tests::whatsapp_parse_multiple_messages ... ok
test channels::whatsapp::tests::whatsapp_parse_reaction_message_skipped ... ok
test channels::whatsapp::tests::whatsapp_parse_null_text_body ... ok
test channels::whatsapp::tests::whatsapp_parse_phone_already_has_plus ... ok
test channels::whatsapp::tests::whatsapp_parse_special_characters ... ok
test channels::whatsapp::tests::whatsapp_parse_newlines_preserved ... ok
test channels::whatsapp::tests::whatsapp_parse_status_update_ignored ... ok
test channels::tests::prompt_no_daily_memory_injection ... ok
test channels::whatsapp::tests::whatsapp_parse_unauthorized_number ... ok
test channels::whatsapp::tests::whatsapp_parse_sticker_message_skipped ... ok
test channels::whatsapp::tests::whatsapp_parse_valid_text_message ... ok
test channels::tests::prompt_workspace_path ... ok
test channels::whatsapp::tests::whatsapp_parse_video_message_skipped ... ok
test channels::whatsapp::tests::whatsapp_parse_very_long_message ... ok
test channels::whatsapp::tests::whatsapp_parse_whitespace_only_message_skipped ... ok
test channels::whatsapp::tests::whatsapp_parse_unicode_message ... ok
test channels::whatsapp::tests::whatsapp_verify_token ... ok
test config::schema::tests::agent_config_defaults ... ok
test channels::tests::prompt_skills_compact_list ... ok
test config::schema::tests::autonomy_config_default ... ok
test config::schema::tests::browser_config_default_disabled ... ok
test config::schema::tests::agent_config_deserializes ... ok
test config::schema::tests::browser_config_backward_compat_missing_section ... ok
test config::schema::tests::channels_config_default ... ok
test config::schema::tests::channels_config_default_has_no_imessage_matrix ... ok
test config::schema::tests::channels_config_default_has_no_whatsapp ... ok
test config::schema::tests::checklist_autonomy_default_is_workspace_scoped ... ok
test config::schema::tests::browser_config_serde_roundtrip ... ok
test config::schema::tests::checklist_gateway_backward_compat_no_gateway_section ... ok
test config::schema::tests::channels_config_with_whatsapp ... ok
test config::schema::tests::checklist_gateway_default_blocks_public_bind ... ok
test config::schema::tests::channels_config_with_imessage_and_matrix ... ok
test config::schema::tests::checklist_gateway_default_no_tokens ... ok
test config::schema::tests::checklist_gateway_default_requires_pairing ... ok
test config::schema::tests::checklist_gateway_serde_roundtrip ... ok
test config::schema::tests::config_defaults_cron_when_section_missing ... ok
test config::schema::tests::config_minimal_toml_uses_defaults ... ok
test config::schema::tests::composio_config_partial_toml ... ok
test config::schema::tests::composio_config_serde_roundtrip ... ok
test config::schema::tests::composio_config_backward_compat_missing_section ... ok
test config::schema::tests::composio_config_default_disabled ... ok
test config::schema::tests::cron_config_default ... ok
test config::schema::tests::cron_config_serde_roundtrip ... ok
test config::schema::tests::discord_config_deserializes_with_allowed_users ... ok
test config::schema::tests::discord_config_serde ... ok
test config::schema::tests::discord_config_optional_guild ... ok
test config::schema::tests::discord_config_deserializes_without_allowed_users ... ok
test config::schema::tests::discord_config_toml_backward_compat ... ok
test config::schema::tests::config_toml_roundtrip ... ok
test config::schema::tests::config_default_has_sane_values ... ok
test config::schema::tests::checklist_gateway_cli_default_host_is_localhost ... ok
test config::schema::tests::config_default_has_composio_and_secrets ... ok
test config::schema::tests::env_override_api_key ... ok
test config::schema::tests::env_override_api_key_fallback ... ok
test config::schema::tests::env_override_empty_values_ignored ... ok
test config::schema::tests::env_override_gateway_host ... ok
test config::schema::tests::env_override_gateway_port ... ok
test config::schema::tests::env_override_glm_api_key_for_regional_aliases ... ok
test config::schema::tests::env_override_host_fallback ... ok
test config::schema::tests::env_override_invalid_port_ignored ... ok
test config::schema::tests::env_override_model ... ok
test config::schema::tests::env_override_model_fallback ... ok
test config::schema::tests::env_override_port_fallback ... ok
test config::schema::tests::env_override_provider_fallback ... ok
test config::schema::tests::env_override_provider ... ok
test config::schema::tests::env_override_proxy_scope_environment_applies_process_env ... ok
test config::schema::tests::env_override_proxy_scope_services ... ok
test config::schema::tests::env_override_storage_provider_config ... ok
test config::schema::tests::env_override_temperature ... ok
test config::schema::tests::env_override_temperature_out_of_range_ignored ... ok
test config::schema::tests::env_override_web_search_config ... ok
test config::schema::tests::env_override_web_search_invalid_values_ignored ... ok
test config::schema::tests::gateway_config_default_values ... ok
test config::schema::tests::env_override_workspace ... ok
test channels::tests::prompt_truncation ... ok
test config::schema::tests::env_override_zai_api_key_for_regional_aliases ... ok
test config::schema::tests::heartbeat_config_default ... ok
test config::schema::tests::imessage_config_empty_contacts ... ok
test config::schema::tests::imessage_config_wildcard ... ok
test config::schema::tests::imessage_config_serde ... ok
test config::schema::tests::lark_config_deserializes_without_optional_fields ... ok
test config::schema::tests::lark_config_serde ... ok
test config::schema::tests::lark_config_with_wildcard_allowed_users ... ok
test config::schema::tests::lark_config_toml_roundtrip ... ok
test config::schema::tests::lark_config_defaults_to_lark_endpoint ... ok
test config::schema::tests::matrix_config_serde ... ok
test config::schema::tests::matrix_config_toml_roundtrip ... ok
test config::schema::tests::memory_config_default_hygiene_settings ... ok
test config::schema::tests::observability_config_default ... ok
test config::schema::tests::peripherals_config_default_disabled ... ok
test config::schema::tests::peripheral_board_config_defaults ... ok
test config::schema::tests::proxy_config_scope_services_requires_entries_when_enabled ... ok
test config::schema::tests::peripherals_config_toml_roundtrip ... ok
test config::schema::tests::runtime_config_default ... ok
test config::schema::tests::runtime_proxy_client_cache_reuses_default_profile_key ... ok
test config::schema::tests::secrets_config_backward_compat_missing_section ... ok
test config::schema::tests::secrets_config_default_encrypts ... ok
test config::schema::tests::secrets_config_serde_roundtrip ... ok
test config::schema::tests::set_runtime_proxy_config_clears_runtime_proxy_client_cache ... ok
test config::schema::tests::signal_config_defaults ... ok
test config::schema::tests::signal_config_serde ... ok
test config::schema::tests::signal_config_toml_roundtrip ... ok
test channels::tests::supervised_listener_marks_error_and_restarts_on_failures ... ok
test config::schema::tests::slack_config_deserializes_with_allowed_users ... ok
test config::schema::tests::slack_config_deserializes_without_allowed_users ... ok
test config::schema::tests::load_or_init_env_workspace_override_takes_priority_over_marker ... ok
test config::schema::tests::storage_provider_config_defaults ... ok
test config::schema::tests::storage_provider_dburl_alias_deserializes ... ok
test config::schema::tests::telegram_config_defaults_stream_off ... ok
test config::schema::tests::slack_config_toml_backward_compat ... ok
test config::schema::tests::telegram_config_serde ... ok
test config::schema::tests::webhook_config_with_secret ... ok
test config::schema::tests::webhook_config_without_secret ... ok
test config::schema::tests::whatsapp_config_deserializes_without_allowed_numbers ... ok
test config::schema::tests::whatsapp_config_serde ... ok
test config::schema::tests::whatsapp_config_toml_roundtrip ... ok
test config::tests::reexported_channel_configs_are_constructible ... ok
test config::tests::reexported_config_default_is_constructible ... ok
test config::schema::tests::whatsapp_config_wildcard_allowed ... ok
test config::schema::tests::config_save_atomic_cleanup ... ok
test cost::tracker::tests::cost_tracker_initialization ... ok
test cost::tracker::tests::invalid_budget_estimate_is_rejected ... ok
test cost::tracker::tests::budget_check_when_disabled ... ok
test cost::tracker::tests::budget_exceeded_daily_limit ... ok
test cost::types::tests::cost_record_creation ... ok
test cost::types::tests::token_usage_calculation ... ok
test cost::types::tests::token_usage_negative_or_non_finite_prices_are_clamped ... ok
test cost::types::tests::token_usage_zero_tokens ... ok
test cron::schedule::tests::next_run_for_schedule_supports_every_and_at ... ok
test cron::schedule::tests::next_run_for_schedule_supports_timezone ... ok
test cost::tracker::tests::record_usage_and_get_summary ... ok
test channels::telegram::tests::telegram_send_document_bytes_with_caption ... ok
test channels::telegram::tests::finalize_draft_invalid_message_id_falls_back_to_chunk_send ... ok
test channels::telegram::tests::telegram_send_photo_bytes_with_caption ... ok
test config::schema::tests::config_save_and_load_tmpdir ... ok
test cron::scheduler::tests::deliver_if_configured_handles_none_and_invalid_channel ... ok
test cron::scheduler::tests::run_job_command_blocks_disallowed_command ... ok
test config::schema::tests::load_or_init_uses_persisted_active_workspace_marker ... ok
test cost::tracker::tests::summary_by_model_is_session_scoped ... ok
test cost::tracker::tests::malformed_lines_are_ignored_while_loading ... ok
test cron::scheduler::tests::run_job_command_blocks_rate_limited ... ok
test cron::scheduler::tests::run_job_command_blocks_forbidden_path_argument ... ok
test cron::scheduler::tests::run_job_command_blocks_readonly_mode ... ok
test config::schema::tests::config_save_encrypts_nested_credentials ... ok
test cron::scheduler::tests::run_job_command_failure ... FAILED
test cron::scheduler::tests::run_job_command_success ... FAILED
test config::schema::tests::load_or_init_workspace_override_keeps_existing_legacy_config ... ok
test cron::scheduler::tests::run_agent_job_returns_error_without_provider_key ... ok
test channels::tests::message_dispatch_processes_messages_in_parallel ... ok
test cron::scheduler::tests::run_job_command_times_out ... FAILED
test config::schema::tests::load_or_init_workspace_suffix_uses_legacy_config_layout ... ok
test config::schema::tests::load_or_init_workspace_override_uses_workspace_root_for_config ... ok
test config::schema::tests::persist_active_workspace_marker_is_cleared_for_default_config_dir ... FAILED
test daemon::tests::detects_dingtalk_as_supervised_channel ... ok
test daemon::tests::detects_no_supervised_channels ... ok
test cron::scheduler::tests::persist_job_result_success_deletes_one_shot ... ok
test cron::scheduler::tests::persist_job_result_records_run_and_reschedules_shell_job ... ok
test daemon::tests::detects_supervised_channels_present ... ok
test cron::store::tests::add_job_accepts_five_field_expression ... ok
test cron::scheduler::tests::persist_job_result_failure_disables_one_shot ... ok
test daemon::tests::state_file_path_uses_config_directory ... ok
test doctor::tests::config_validation_accepts_custom_provider ... ok
test doctor::tests::config_validation_catches_bad_temperature ... ok
test doctor::tests::config_validation_accepts_valid_temperature ... ok
test doctor::tests::config_validation_catches_malformed_custom_provider ... ok
test doctor::tests::config_validation_catches_unknown_provider ... ok
test cron::store::tests::migration_falls_back_to_legacy_expression ... ok
test doctor::tests::config_validation_reports_delegate_agents_in_sorted_order ... ok
test doctor::tests::config_validation_warns_bad_fallback ... ok
test doctor::tests::config_validation_warns_no_channels ... ok
test doctor::tests::diag_item_icons ... ok
test doctor::tests::config_validation_warns_bad_custom_fallback ... ok
test doctor::tests::parse_df_available_mb_uses_last_data_line ... ok
test doctor::tests::truncate_for_display_preserves_utf8_boundaries ... ok
test doctor::tests::provider_validation_checks_custom_url_shape ... ok
test cron::store::tests::record_run_truncates_large_output ... ok
test gateway::tests::app_state_is_clone ... ok
test doctor::tests::workspace_probe_path_is_hidden_and_unique ... ok
test doctor::tests::config_validation_warns_empty_model_route ... ok
test gateway::tests::client_key_falls_back_to_peer_when_forwarded_header_invalid ... ok
test cron::store::tests::add_list_remove_roundtrip ... ok
test gateway::tests::client_key_defaults_to_peer_addr_when_untrusted_proxy_mode ... ok
test gateway::tests::gateway_rate_limiter_blocks_after_limit ... ok
test daemon::tests::supervisor_marks_error_and_restart_on_failure ... ok
test gateway::tests::client_key_uses_forwarded_ip_only_in_trusted_proxy_mode ... ok
test daemon::tests::supervisor_marks_unexpected_exit_as_error ... ok
test gateway::tests::idempotency_store_rejects_duplicate_key ... ok
test gateway::tests::normalize_max_keys_uses_fallback_for_zero ... ok
test gateway::tests::metrics_endpoint_renders_prometheus_output ... ok
test gateway::tests::rate_limiter_bounded_cardinality_evicts_oldest_key ... ok
test gateway::tests::rate_limiter_sweep_removes_stale_entries ... ok
test gateway::tests::normalize_max_keys_preserves_nonzero_values ... ok
test gateway::tests::idempotency_store_bounded_cardinality_evicts_oldest_key ... ok
test gateway::tests::rate_limiter_zero_limit_always_allows ... ok
test gateway::tests::security_body_limit_is_64kb ... ok
test cron::store::tests::due_jobs_respects_scheduler_max_tasks_limit ... ok
test gateway::tests::metrics_endpoint_returns_hint_when_prometheus_is_disabled ... ok
test gateway::tests::security_timeout_is_30_seconds ... ok
test gateway::tests::webhook_body_requires_message_field ... ok
test cron::store::tests::remove_job_cascades_run_history ... ok
test gateway::tests::webhook_idempotency_skips_duplicate_provider_calls ... ok
test gateway::tests::webhook_memory_key_is_unique ... ok
test gateway::tests::webhook_autosave_stores_distinct_keys_per_request ... ok
test gateway::tests::webhook_secret_hash_accepts_valid_header ... ok
test gateway::tests::whatsapp_memory_key_includes_sender_and_message_id ... ok
test gateway::tests::webhook_secret_hash_is_deterministic_and_nonempty ... ok
test gateway::tests::webhook_secret_hash_rejects_missing_header ... ok
test gateway::tests::whatsapp_signature_empty_header ... ok
test gateway::tests::whatsapp_signature_empty_body ... ok
test gateway::tests::whatsapp_query_fields_are_optional ... ok
test gateway::tests::whatsapp_signature_case_sensitive_prefix ... ok
test gateway::tests::whatsapp_signature_extra_bytes ... ok
test gateway::tests::whatsapp_signature_invalid_hex ... ok
test gateway::tests::whatsapp_signature_invalid_wrong_secret ... ok
test gateway::tests::whatsapp_signature_truncated_hex ... ok
test gateway::tests::whatsapp_signature_missing_prefix ... ok
test gateway::tests::webhook_secret_hash_rejects_invalid_header ... ok
test gateway::tests::whatsapp_signature_json_payload ... ok
test gateway::tests::whatsapp_signature_invalid_wrong_body ... ok
test gateway::tests::whatsapp_signature_unicode_body ... ok
test gateway::tests::whatsapp_signature_valid ... ok
test hardware::registry::tests::known_boards_not_empty ... ok
test hardware::registry::tests::lookup_nucleo_f401re ... ok
test hardware::registry::tests::lookup_unknown_returns_none ... ok
test health::tests::bump_component_restart_increments_counter ... ok
test health::tests::mark_component_error_then_ok_clears_last_error ... ok
test health::tests::mark_component_ok_initializes_component_state ... ok
test health::tests::snapshot_json_contains_registered_component_fields ... ok
test heartbeat::engine::tests::parse_tasks_basic ... ok
test heartbeat::engine::tests::parse_tasks_dash_without_space_ignored ... ok
test heartbeat::engine::tests::parse_tasks_bullet_with_content_after_spaces ... ok
test heartbeat::engine::tests::parse_tasks_empty_content ... ok
test heartbeat::engine::tests::parse_tasks_mixed_markdown ... ok
test heartbeat::engine::tests::parse_tasks_only_comments ... ok
test heartbeat::engine::tests::parse_tasks_many_tasks ... ok
test heartbeat::engine::tests::parse_tasks_single_task ... ok
test heartbeat::engine::tests::parse_tasks_trailing_space_bullet_trimmed_to_dash ... ok
test heartbeat::engine::tests::parse_tasks_unicode ... ok
test heartbeat::engine::tests::parse_tasks_with_leading_whitespace ... ok
test heartbeat::engine::tests::run_returns_immediately_when_disabled ... ok
test identity::tests::aieos_identity_parse_empty_object ... ok
test identity::tests::aieos_identity_parse_full ... ok
test identity::tests::aieos_identity_parse_minimal ... ok
test identity::tests::aieos_identity_parse_null_values ... ok
test identity::tests::aieos_to_system_prompt_empty_identity ... ok
test identity::tests::aieos_to_system_prompt_minimal ... ok
test identity::tests::aieos_to_system_prompt_no_sections ... ok
test identity::tests::aieos_to_system_prompt_sorts_hashmap_sections_for_determinism ... ok
test identity::tests::is_aieos_configured_false_no_config ... ok
test identity::tests::aieos_to_system_prompt_full ... ok
test identity::tests::is_aieos_configured_false_openclaw_format ... ok
test identity::tests::is_aieos_configured_true_with_inline ... ok
test identity::tests::is_aieos_configured_true_with_path ... ok
test cron::store::tests::reschedule_after_run_persists_last_status_and_last_run ... ok
test integrations::registry::tests::all_categories_represented ... ok
test identity::tests::parse_aieos_identity_supports_official_generator_shape ... ok
test integrations::registry::tests::category_counts_reasonable ... ok
test integrations::registry::tests::coming_soon_integrations_stay_coming_soon ... ok
test integrations::registry::tests::imessage_active_when_configured ... ok
test integrations::registry::tests::imessage_available_when_not_configured ... ok
test integrations::registry::tests::email_available_when_not_configured ... ok
test integrations::registry::tests::macos_active_on_macos ... ok
test integrations::registry::tests::matrix_active_when_configured ... ok
test integrations::registry::tests::matrix_available_when_not_configured ... ok
test heartbeat::tests::heartbeat_engine_is_constructible_via_module_export ... ok
test integrations::registry::tests::no_duplicate_names ... ok
test integrations::registry::tests::no_empty_names_or_descriptions ... ok
test integrations::registry::tests::regional_provider_aliases_activate_expected_ai_integrations ... ok
test integrations::registry::tests::status_functions_dont_panic ... ok
test integrations::registry::tests::registry_has_entries ... ok
test integrations::registry::tests::telegram_active_when_configured ... ok
test cron::store::tests::due_jobs_filters_by_timestamp_and_enabled ... ok
test heartbeat::engine::tests::tick_returns_zero_when_no_file ... ok
test integrations::registry::tests::shell_and_filesystem_always_active ... ok
test heartbeat::tests::ensure_heartbeat_file_creates_expected_file ... ok
test integrations::tests::handle_command_info_returns_error_for_unknown_integration ... ok
test heartbeat::engine::tests::tick_counts_tasks_from_file ... ok
test integrations::registry::tests::telegram_available_when_not_configured ... ok
test integrations::tests::handle_command_info_is_case_insensitive_for_known_integrations ... ok
test cron::store::tests::record_and_prune_runs ... ok
test integrations::registry::tests::whatsapp_available_when_not_configured ... ok
test integrations::tests::integration_category_all_includes_every_variant_once ... ok
test heartbeat::engine::tests::ensure_heartbeat_file_does_not_overwrite ... ok
test memory::backend::tests::classify_known_backends ... ok
test memory::backend::tests::classify_unknown_backend ... ok
test memory::backend::tests::lucid_profile_is_sqlite_based_optional_backend ... ok
test memory::backend::tests::selectable_backends_are_ordered_for_onboarding ... ok
test memory::backend::tests::unknown_profile_preserves_extensibility_defaults ... ok
test memory::chunker::tests::chunk_count_reasonable ... ok
test memory::chunker::tests::deeply_nested_headings_ignored ... ok
test memory::chunker::tests::empty_text ... ok
test memory::chunker::tests::heading_at_end_of_text ... ok
test memory::chunker::tests::fts5_special_chars_in_content ... ok
test memory::chunker::tests::heading_sections ... ok
test memory::chunker::tests::indexes_are_sequential ... ok
test memory::chunker::tests::headings_only_no_body ... ok
test memory::chunker::tests::max_tokens_one ... ok
test memory::chunker::tests::max_tokens_zero ... ok
test heartbeat::engine::tests::ensure_heartbeat_file_creates_file ... ok
test memory::chunker::tests::multiple_blank_lines_between_paragraphs ... ok
test memory::chunker::tests::only_newlines_and_whitespace ... ok
test memory::chunker::tests::preserves_heading_in_split_sections ... ok
test memory::chunker::tests::no_content_loss ... ok
test identity::tests::load_aieos_identity_from_file_supports_generator_shape ... ok
test memory::chunker::tests::respects_max_tokens ... ok
test memory::embeddings::tests::embeddings_url_custom_full_endpoint ... ok
test memory::embeddings::tests::embeddings_url_non_v1_api_path_uses_raw_suffix ... ok
test memory::chunker::tests::single_heading_no_content ... ok
test memory::chunker::tests::very_long_single_line_no_newlines ... ok
test memory::embeddings::tests::embeddings_url_base_with_v1_no_duplicate ... ok
test memory::chunker::tests::single_short_paragraph ... ok
test memory::embeddings::tests::embeddings_url_standard_openai ... ok
test memory::embeddings::tests::factory_custom_empty_url ... ok
test memory::chunker::tests::unicode_content ... ok
test memory::embeddings::tests::factory_custom_url ... ok
test memory::embeddings::tests::factory_empty_string_returns_noop ... ok
test memory::embeddings::tests::noop_embed_empty_batch ... ok
test memory::embeddings::tests::noop_embed_multiple_texts ... ok
test memory::embeddings::tests::factory_openai_no_api_key ... ok
test memory::embeddings::tests::factory_unknown_provider_returns_noop ... ok
test memory::embeddings::tests::openai_trailing_slash_stripped ... ok
test memory::embeddings::tests::factory_none ... ok
test memory::embeddings::tests::noop_embed_returns_empty ... ok
test memory::embeddings::tests::noop_embed_one_returns_error ... ok
test memory::embeddings::tests::factory_openai ... ok
test memory::embeddings::tests::openai_dimensions_custom ... ok
test cron::store::tests::reschedule_after_run_truncates_last_output ... ok
test memory::embeddings::tests::noop_name ... ok
test gateway::tests::persist_pairing_tokens_writes_config_tokens ... ok
test memory::markdown::tests::markdown_empty_recall ... ok
test memory::markdown::tests::markdown_name ... ok
test memory::markdown::tests::markdown_forget_is_noop ... ok
test memory::hygiene::tests::archives_old_daily_memory_files ... ok
test memory::markdown::tests::markdown_empty_count ... ok
test memory::none::tests::none_memory_is_noop ... ok
test memory::postgres::tests::invalid_identifiers_are_rejected ... ok
test memory::postgres::tests::parse_category_maps_known_and_custom_values ... ok
test memory::postgres::tests::valid_identifiers_pass_validation ... ok
test memory::markdown::tests::markdown_health_check ... ok
test memory::response_cache::tests::cache_key_deterministic ... ok
test memory::hygiene::tests::purges_old_memory_archives ... ok
test memory::response_cache::tests::cache_key_varies_by_model ... ok
test memory::response_cache::tests::cache_key_varies_by_prompt ... ok
test memory::response_cache::tests::cache_key_varies_by_system_prompt ... ok
test memory::hygiene::tests::skips_second_run_within_cadence_window ... ok
test memory::markdown::tests::markdown_store_daily ... ok
test memory::markdown::tests::markdown_recall_no_match ... ok
test memory::markdown::tests::markdown_recall_keyword ... ok
test memory::hygiene::tests::archives_old_session_files ... ok
test memory::response_cache::tests::expired_entry_returns_none ... ok
test cron::scheduler::tests::execute_job_with_retry_exhausts_attempts ... FAILED
test memory::markdown::tests::markdown_store_core ... ok
test memory::response_cache::tests::hit_count_incremented ... ok
test memory::response_cache::tests::clear_wipes_all ... ok
test memory::markdown::tests::markdown_list_by_category ... ok
test memory::markdown::tests::markdown_count ... ok
test cron::scheduler::tests::execute_job_with_retry_recovers_after_first_failure ... FAILED
test memory::response_cache::tests::cache_handles_zero_max_entries ... ok
test memory::response_cache::tests::lru_eviction ... ok
test memory::snapshot::tests::hydrate_no_snapshot_returns_zero ... ok
test memory::snapshot::tests::parse_snapshot_empty ... ok
test memory::snapshot::tests::parse_snapshot_multiline_content ... ok
test memory::snapshot::tests::parse_snapshot_basic ... ok
test memory::snapshot::tests::export_no_db_returns_zero ... ok
test memory::sqlite::tests::category_roundtrip_empty_custom ... ok
test memory::sqlite::tests::content_hash_deterministic ... ok
test memory::sqlite::tests::content_hash_different_inputs ... ok
test memory::sqlite::tests::category_roundtrip_custom_with_spaces ... ok
test memory::sqlite::tests::content_hash_empty_string ... ok
test memory::sqlite::tests::content_hash_unicode ... ok
test memory::response_cache::tests::overwrite_same_key ... ok
test memory::response_cache::tests::cache_concurrent_reads_no_panic ... ok
test memory::response_cache::tests::stats_empty_cache ... ok
test memory::response_cache::tests::miss_returns_none ... ok
test memory::response_cache::tests::lru_eviction_keeps_most_recent ... ok
test memory::response_cache::tests::tokens_saved_calculated ... ok
test memory::response_cache::tests::unicode_prompt_handling ... ok
test memory::hygiene::tests::prunes_old_conversation_rows_in_sqlite_backend ... ok
test memory::response_cache::tests::put_and_get ... ok
test memory::snapshot::tests::should_hydrate_only_when_needed ... ok
test memory::sqlite::tests::fts5_syncs_on_insert ... ok
test memory::sqlite::tests::forget_then_recall_no_ghost_results ... ok
test memory::sqlite::tests::list_empty_db ... ok
test memory::sqlite::tests::fts5_syncs_on_update ... ok
test memory::sqlite::tests::cross_session_recall_isolation ... ok
test memory::sqlite::tests::content_hash_long_input ... ok
test memory::sqlite::tests::list_with_session_filter ... ok
test memory::sqlite::tests::fts5_bm25_ranking ... ok
test memory::sqlite::tests::fts5_multi_word_query ... ok
test memory::sqlite::tests::list_custom_category ... ok
test memory::sqlite::tests::fts5_syncs_on_delete ... ok
test memory::sqlite::tests::open_with_timeout_store_recall_unchanged ... ok
test memory::snapshot::tests::export_and_hydrate_roundtrip ... ok
test memory::sqlite::tests::open_with_timeout_succeeds_when_fast ... ok
test memory::sqlite::tests::forget_and_re_store_same_key ... ok
test memory::sqlite::tests::recall_limit_zero ... ok
test memory::sqlite::tests::recall_empty_query_returns_empty ... ok
test memory::sqlite::tests::recall_whitespace_query_returns_empty ... ok
test memory::sqlite::tests::recall_unicode_query ... ok
test memory::sqlite::tests::recall_no_session_filter_returns_all ... ok
test memory::sqlite::tests::recall_matches_by_key_not_just_content ... ok
test memory::sqlite::tests::recall_with_sql_injection_attempt ... ok
test memory::sqlite::tests::recall_results_have_scores ... ok
test memory::sqlite::tests::recall_with_quotes_in_query ... ok
test memory::sqlite::tests::recall_limit_one ... ok
test memory::sqlite::tests::recall_with_asterisk_in_query ... ok
test memory::sqlite::tests::reindex_empty_db ... ok
test memory::sqlite::tests::recall_respects_limit ... ok
test memory::sqlite::tests::recall_single_character_query ... ok
test memory::sqlite::tests::recall_with_parentheses_in_query ... ok
test memory::sqlite::tests::schema_has_fts5_table ... ok
test memory::sqlite::tests::reindex_rebuilds_fts ... ok
test memory::sqlite::tests::reindex_twice_is_safe ... ok
test memory::sqlite::tests::schema_memories_has_embedding_column ... ok
test memory::sqlite::tests::schema_has_embedding_cache ... ok
test doctor::tests::environment_check_finds_git ... ok
test memory::sqlite::tests::sqlite_category_roundtrip ... ok
test memory::sqlite::tests::schema_migration_idempotent_on_reopen ... ok
test memory::sqlite::tests::sqlite_concurrent_read_write_no_panic ... ok
test memory::sqlite::tests::schema_idempotent_reopen ... ok
test memory::sqlite::tests::sqlite_forget ... ok
test memory::sqlite::tests::sqlite_count_empty ... ok
test memory::sqlite::tests::schema_triple_open ... ok
test memory::sqlite::tests::sqlite_db_persists ... ok
test memory::sqlite::tests::sqlite_concurrent_writes_no_data_loss ... ok
test memory::sqlite::tests::sqlite_get_nonexistent ... ok
test memory::sqlite::tests::sqlite_forget_nonexistent ... ok
test memory::sqlite::tests::sqlite_list_by_category ... ok
test memory::sqlite::tests::sqlite_recall_keyword ... ok
test memory::sqlite::tests::sqlite_name ... ok
test memory::tests::effective_backend_name_prefers_storage_override ... ok
test memory::sqlite::tests::sqlite_health ... ok
test memory::sqlite::tests::sqlite_reindex_preserves_data ... ok
test memory::sqlite::tests::sqlite_recall_multi_keyword ... ok
test memory::sqlite::tests::sqlite_store_and_get ... ok
test memory::sqlite::tests::sqlite_reindex_idempotent ... ok
test memory::sqlite::tests::sqlite_recall_no_match ... ok
test memory::sqlite::tests::store_empty_content ... ok
test memory::sqlite::tests::sqlite_store_upsert ... ok
test memory::sqlite::tests::sqlite_list_all ... ok
test memory::traits::tests::memory_category_display_outputs_expected_values ... ok
test memory::traits::tests::memory_category_serde_uses_snake_case ... ok
test memory::vector::tests::bytes_to_vec_non_aligned_truncates ... ok
test memory::vector::tests::bytes_to_vec_three_bytes_returns_empty ... ok
test memory::tests::factory_unknown_falls_back_to_markdown ... ok
test memory::vector::tests::cosine_both_zero_vectors ... ok
test memory::traits::tests::memory_entry_roundtrip_preserves_optional_fields ... ok
test memory::vector::tests::cosine_high_dimensional ... ok
test memory::vector::tests::cosine_empty_returns_zero ... ok
test memory::vector::tests::cosine_identical_vectors ... ok
test memory::vector::tests::cosine_infinity_returns_zero_or_finite ... ok
test memory::vector::tests::cosine_mismatched_lengths ... ok
test memory::vector::tests::cosine_nan_returns_zero ... ok
test memory::vector::tests::cosine_negative_values ... ok
test memory::sqlite::tests::store_unicode_and_emoji ... ok
test memory::vector::tests::cosine_opposite_vectors_clamped ... ok
test memory::vector::tests::cosine_orthogonal_vectors ... ok
test memory::vector::tests::cosine_single_element ... ok
test memory::vector::tests::cosine_similar_vectors ... ok
test memory::sqlite::tests::with_embedder_noop ... ok
test memory::vector::tests::hybrid_merge_duplicate_ids_in_same_source ... ok
test memory::tests::factory_postgres_without_db_url_is_rejected ... ok
test memory::vector::tests::hybrid_merge_empty_inputs ... ok
test memory::vector::tests::hybrid_merge_keyword_only ... ok
test memory::tests::migration_factory_none_is_rejected ... ok
test memory::vector::tests::cosine_zero_vector ... ok
test memory::vector::tests::hybrid_merge_deduplicates ... ok
test memory::sqlite::tests::store_and_recall_with_session_id ... ok
test memory::vector::tests::hybrid_merge_large_bm25_normalization ... ok
test memory::vector::tests::hybrid_merge_limit_zero ... ok
test memory::vector::tests::hybrid_merge_negative_keyword_scores ... ok
test memory::vector::tests::hybrid_merge_respects_limit ... ok
test memory::tests::factory_markdown ... ok
test memory::vector::tests::hybrid_merge_vector_only ... ok
test memory::vector::tests::hybrid_merge_single_item ... ok
test memory::vector::tests::vec_bytes_roundtrip ... ok
test memory::vector::tests::vec_bytes_empty ... ok
test memory::vector::tests::hybrid_merge_zero_weights ... ok
test memory::vector::tests::vec_bytes_roundtrip_nan_preserves_bits ... ok
test memory::vector::tests::vec_bytes_roundtrip_special_values ... ok
test migration::tests::normalize_key_handles_empty_string ... ok
test memory::tests::factory_none_uses_noop_memory ... ok
test migration::tests::normalize_key_trims_whitespace ... ok
test migration::tests::parse_category_case_insensitive ... ok
test migration::tests::parse_category_handles_all_variants ... ok
test migration::tests::parse_structured_markdown_line ... ok
test migration::tests::parse_structured_markdown_rejects_no_stars ... ok
test migration::tests::parse_unstructured_markdown_generates_key ... ok
test migration::tests::parse_structured_markdown_rejects_empty_key ... ok
test migration::tests::parse_structured_markdown_rejects_empty_value ... ok
test memory::sqlite::tests::store_content_with_newlines_and_tabs ... ok
test observability::log::tests::log_observer_all_metrics_no_panic ... ok
test observability::log::tests::log_observer_name ... ok
test observability::log::tests::log_observer_all_events_no_panic ... ok
test observability::multi::tests::multi_empty_no_panic ... ok
test observability::multi::tests::multi_fans_out_events ... ok
test observability::multi::tests::multi_fans_out_flush ... ok
test observability::multi::tests::multi_fans_out_metrics ... ok
test observability::multi::tests::multi_name ... ok
test observability::noop::tests::noop_flush_does_not_panic ... ok
test observability::noop::tests::noop_name ... ok
test observability::noop::tests::noop_record_event_does_not_panic ... ok
test observability::noop::tests::noop_record_metric_does_not_panic ... ok
test memory::sqlite::tests::store_empty_key ... ok
test observability::otel::tests::otel_observer_creation_with_valid_endpoint_succeeds ... ok
test observability::otel::tests::otel_observer_name ... ok
test observability::otel::tests::otel_flush_idempotent_with_unreachable_endpoint ... ok
test observability::otel::tests::flush_does_not_panic ... ok
test observability::otel::tests::otel_records_zero_duration_metrics ... ok
test observability::otel::tests::otel_records_llm_failure_without_panic ... ok
test observability::otel::tests::records_all_events_without_panic ... ok
test observability::otel::tests::records_all_metrics_without_panic ... ok
test observability::prometheus::tests::counters_increment_correctly ... ok
test observability::prometheus::tests::encode_produces_prometheus_text_format ... ok
test observability::prometheus::tests::gauge_reflects_latest_value ... ok
test observability::prometheus::tests::errors_track_by_component ... ok
test observability::prometheus::tests::prometheus_observer_name ... ok
test observability::otel::tests::otel_records_error_event_without_panic ... ok
test observability::tests::factory_empty_string_falls_back_to_noop ... ok
test observability::prometheus::tests::tool_calls_track_success_and_failure_separately ... ok
test observability::prometheus::tests::records_all_metrics_without_panic ... ok
test observability::prometheus::tests::records_all_events_without_panic ... ok
test observability::tests::factory_log_returns_log ... ok
test observability::tests::factory_garbage_falls_back_to_noop ... ok
test observability::tests::factory_none_returns_noop ... ok
test observability::tests::factory_noop_returns_noop ... ok
test memory::tests::factory_lucid ... ok
test migration::tests::migration_target_rejects_none_backend ... ok
test observability::traits::tests::observer_default_flush_and_as_any_work ... ok
test memory::tests::migration_factory_lucid ... ok
test observability::tests::factory_unknown_falls_back_to_noop ... ok
test observability::traits::tests::observer_event_and_metric_are_cloneable ... ok
test observability::tests::factory_prometheus_returns_prometheus ... ok
test observability::traits::tests::observer_records_events_and_metrics ... ok
test observability::verbose::tests::verbose_events_do_not_panic ... ok
test observability::verbose::tests::verbose_name ... ok
test onboard::tests::wizard_functions_are_reexported ... ok
test onboard::wizard::tests::backend_key_from_choice_maps_supported_backends ... ok
test onboard::wizard::tests::curated_models_for_openai_include_latest_choices ... ok
test onboard::wizard::tests::canonical_provider_name_normalizes_regional_aliases ... ok
test onboard::wizard::tests::curated_models_for_kimi_code_include_official_agent_model ... ok
test observability::tests::factory_otlp_alias ... ok
test onboard::wizard::tests::curated_models_provider_aliases_share_same_catalog ... ok
test onboard::wizard::tests::curated_models_for_openrouter_use_valid_anthropic_id ... ok
test observability::tests::factory_opentelemetry_alias ... ok
test onboard::wizard::tests::memory_backend_profile_marks_lucid_as_optional_sqlite_backed ... ok
test observability::tests::factory_otel_returns_otel ... ok
test onboard::wizard::tests::default_model_for_provider_uses_latest_defaults ... ok
test onboard::wizard::tests::memory_config_defaults_for_lucid_enable_sqlite_hygiene ... ok
test onboard::wizard::tests::memory_config_defaults_for_none_disable_sqlite_hygiene ... ok
test onboard::wizard::tests::parse_gemini_model_ids_filters_for_generate_content ... ok
test onboard::wizard::tests::parse_ollama_model_ids_extracts_and_deduplicates_names ... ok
test onboard::wizard::tests::parse_openai_model_ids_supports_data_array_payload ... ok
test onboard::wizard::tests::parse_openai_model_ids_supports_root_array_payload ... ok
test memory::sqlite::tests::store_very_long_content ... ok
test onboard::wizard::tests::project_context_default_is_empty ... ok
test onboard::wizard::tests::provider_env_var_unknown_falls_back ... ok
test onboard::wizard::tests::provider_env_var_known_providers ... ok
test migration::tests::backup_returns_none_when_no_files ... ok
test migration::tests::migration_skips_empty_content ... ok
test memory::tests::factory_sqlite ... ok
test migration::tests::sqlite_reader_supports_legacy_value_column ... ok
test onboard::wizard::tests::run_models_refresh_rejects_unsupported_provider ... ok
test migration::tests::backup_creates_timestamped_directory ... ok
test onboard::wizard::tests::model_cache_round_trip_returns_fresh_entry ... ok
test onboard::wizard::tests::model_cache_ttl_filters_stale_entries ... ok
test onboard::wizard::tests::run_models_refresh_uses_fresh_cache_without_network ... ok
test migration::tests::dry_run_does_not_write ... ok
test migration::tests::migration_renames_conflicting_key ... ok
test onboard::wizard::tests::supports_live_model_fetch_for_supported_and_unsupported_providers ... ok
test onboard::wizard::tests::scaffold_bakes_agent_name_into_files ... ok
test providers::anthropic::tests::apply_auth_uses_bearer_and_beta_for_setup_tokens ... ok
test providers::anthropic::tests::apply_auth_uses_x_api_key_for_regular_tokens ... ok
test providers::anthropic::tests::apply_cache_empty_messages ... ok
test providers::anthropic::tests::apply_cache_to_last_message_does_not_affect_tool_use ... ok
test providers::anthropic::tests::apply_cache_to_last_message_text ... ok
test providers::anthropic::tests::apply_cache_to_last_message_tool_result ... ok
test providers::anthropic::tests::backward_compatibility_native_chat_request ... ok
test providers::anthropic::tests::cache_control_serializes_correctly ... ok
test providers::anthropic::tests::chat_fails_without_key ... ok
test providers::anthropic::tests::chat_request_serializes_with_system ... ok
test providers::anthropic::tests::chat_request_serializes_without_system ... ok
test providers::anthropic::tests::chat_response_deserializes ... ok
test providers::anthropic::tests::chat_response_empty_content ... ok
test providers::anthropic::tests::chat_response_multiple_blocks ... ok
test providers::anthropic::tests::chat_with_system_fails_without_key ... ok
test providers::anthropic::tests::convert_messages_large_system_prompt ... ok
test providers::anthropic::tests::convert_messages_small_system_prompt ... ok
test providers::anthropic::tests::convert_tools_adds_cache_to_last_tool ... ok
test providers::anthropic::tests::convert_tools_single_tool_gets_cache ... ok
test providers::anthropic::tests::creates_with_custom_base_url ... ok
test providers::anthropic::tests::creates_with_empty_key ... ok
test providers::anthropic::tests::creates_with_key ... ok
test providers::anthropic::tests::creates_with_whitespace_key ... ok
test onboard::wizard::tests::scaffold_creates_all_subdirectories ... ok
test providers::anthropic::tests::creates_without_key ... ok
test providers::anthropic::tests::custom_base_url_trims_trailing_slash ... ok
test providers::anthropic::tests::default_base_url_when_none_provided ... ok
test providers::anthropic::tests::detects_auth_from_jwt_shape ... ok
test providers::anthropic::tests::native_content_text_with_cache_control ... ok
test providers::anthropic::tests::native_content_text_without_cache_control ... ok
test providers::anthropic::tests::native_content_tool_result_with_cache_control ... ok
test providers::anthropic::tests::native_content_tool_use_without_cache_control ... ok
test providers::anthropic::tests::native_tool_spec_with_cache_control ... ok
test providers::anthropic::tests::native_tool_spec_without_cache_control ... ok
test providers::anthropic::tests::setup_token_detection_works ... ok
test providers::anthropic::tests::should_cache_conversation_boundary ... ok
test providers::anthropic::tests::should_cache_conversation_short ... ok
test providers::anthropic::tests::should_cache_conversation_long ... ok
test onboard::wizard::tests::agents_md_references_on_demand_memory ... ok
test providers::anthropic::tests::should_cache_system_boundary ... ok
test providers::anthropic::tests::should_cache_system_large_prompt ... ok
test providers::anthropic::tests::system_prompt_blocks_variant_serializes ... ok
test providers::anthropic::tests::system_prompt_blocks_without_cache_control ... ok
test providers::anthropic::tests::should_cache_system_small_prompt ... ok
test providers::anthropic::tests::system_prompt_string_variant_serializes ... ok
test providers::anthropic::tests::temperature_range_serializes ... ok
test providers::anthropic::tests::warmup_without_key_is_noop ... ok
test providers::compatible::tests::capabilities_reports_native_tool_calling ... ok
test onboard::wizard::tests::scaffold_does_not_overwrite_existing_files ... ok
test providers::compatible::tests::all_compatible_providers_fail_without_key ... ok
test providers::compatible::tests::chat_completions_url_base_with_v1 ... ok
test providers::compatible::tests::chat_completions_url_custom_full_endpoint ... ok
test providers::compatible::tests::chat_completions_url_glm ... ok
test providers::compatible::tests::chat_completions_url_minimax ... ok
test providers::compatible::tests::chat_completions_url_opencode ... ok
test providers::compatible::tests::chat_completions_url_requires_exact_suffix_match ... ok
test providers::compatible::tests::chat_completions_url_standard_openai ... ok
test providers::compatible::tests::chat_completions_url_trailing_slash ... ok
test providers::compatible::tests::chat_completions_url_volcengine_ark ... ok
test providers::compatible::tests::chat_completions_url_without_v1 ... ok
test providers::compatible::tests::chat_completions_url_zai ... ok
test providers::compatible::tests::chat_fails_without_key ... ok
test providers::compatible::tests::creates_with_key ... ok
test providers::compatible::tests::creates_without_key ... ok
test providers::compatible::tests::chat_with_tools_fails_without_key ... ok
test providers::compatible::tests::custom_auth_style ... ok
test providers::compatible::tests::parse_chat_response_body_reports_sanitized_snippet ... ok
test providers::compatible::tests::parse_sse_line_done_sentinel ... ok
test providers::compatible::tests::parse_responses_response_body_reports_sanitized_snippet ... ok
test providers::compatible::tests::parse_sse_line_with_both_prefers_content ... ok
test providers::compatible::tests::parse_sse_line_with_content ... ok
test providers::compatible::tests::parse_sse_line_with_empty_content_falls_back_to_reasoning_content ... ok
test providers::compatible::tests::parse_sse_line_with_reasoning_content ... ok
test providers::compatible::tests::reasoning_content_fallback_when_content_missing ... ok
test providers::compatible::tests::reasoning_content_both_absent_returns_empty ... ok
test providers::compatible::tests::reasoning_content_fallback_when_content_empty ... ok
test providers::compatible::tests::reasoning_content_fallback_when_content_null ... ok
test providers::compatible::tests::request_serializes_correctly ... ok
test providers::compatible::tests::reasoning_content_not_used_when_content_present ... ok
test providers::compatible::tests::reasoning_content_ignored_by_normal_models ... ok
test providers::compatible::tests::request_serializes_with_tools ... ok
test providers::compatible::tests::response_deserializes ... ok
test providers::compatible::tests::response_empty_choices ... ok
test providers::compatible::tests::response_with_multiple_tool_calls ... ok
test providers::compatible::tests::response_with_no_tool_calls_has_empty_vec ... ok
test providers::compatible::tests::response_with_tool_calls_deserializes ... ok
test providers::compatible::tests::responses_extracts_any_text_as_fallback ... ok
test providers::compatible::tests::responses_extracts_nested_output_text ... ok
test providers::compatible::tests::responses_extracts_top_level_output_text ... ok
test providers::compatible::tests::responses_url_base_with_v1_no_duplicate ... ok
test providers::compatible::tests::responses_url_derives_from_chat_endpoint ... ok
test providers::compatible::tests::responses_url_custom_full_endpoint ... ok
test onboard::wizard::tests::scaffold_bakes_communication_style ... ok
test providers::compatible::tests::responses_url_non_v1_api_path_uses_raw_suffix ... ok
test providers::compatible::tests::responses_url_requires_exact_suffix_match ... ok
test providers::compatible::tests::responses_url_standard ... ok
test providers::compatible::tests::strips_trailing_slash ... ok
test providers::compatible::tests::tool_specs_convert_to_openai_format ... ok
test providers::compatible::tests::x_api_key_auth_style ... ok
test providers::compatible::tests::warmup_without_key_is_noop ... ok
test providers::copilot::tests::copilot_headers_include_required_fields ... ok
test providers::copilot::tests::default_interval_and_expiry ... ok
test onboard::wizard::tests::scaffold_bakes_timezone_into_files ... ok
test providers::gemini::tests::api_key_request_does_not_set_bearer_header ... ok
test providers::gemini::tests::api_key_url_includes_key_query_param ... ok
test providers::gemini::tests::api_key_url_uses_public_endpoint ... ok
test providers::gemini::tests::auth_source_explicit_key ... ok
test providers::gemini::tests::auth_source_none_without_credentials ... ok
test providers::gemini::tests::auth_source_oauth ... ok
test providers::gemini::tests::error_response_deserialization ... ok
test providers::gemini::tests::gemini_cli_dir_returns_path ... ok
test providers::gemini::tests::internal_request_includes_model ... ok
test providers::gemini::tests::model_name_formatting ... ok
test providers::gemini::tests::normalize_non_empty_trims_and_filters ... ok
test providers::gemini::tests::oauth_request_uses_bearer_auth_header ... ok
test providers::gemini::tests::oauth_url_uses_internal_endpoint ... ok
test providers::gemini::tests::provider_creates_with_key ... ok
test providers::copilot::tests::new_without_token ... ok
test providers::copilot::tests::new_with_token ... ok
test providers::copilot::tests::empty_token_treated_as_none ... ok
test providers::gemini::tests::request_serialization ... ok
test providers::gemini::tests::response_deserialization ... ok
test providers::ollama::tests::cloud_suffix_strips_model_name ... ok
test providers::gemini::tests::warmup_without_key_is_noop ... ok
test providers::ollama::tests::cloud_suffix_with_local_endpoint_errors ... ok
test providers::ollama::tests::cloud_suffix_without_api_key_errors ... ok
test providers::ollama::tests::custom_url_no_trailing_slash ... ok
test providers::ollama::tests::custom_url_trailing_slash ... ok
test providers::ollama::tests::default_url ... ok
test providers::ollama::tests::empty_url_uses_empty ... ok
test providers::ollama::tests::extract_tool_name_handles_nested_tool_call ... ok
test providers::ollama::tests::extract_tool_name_handles_normal_call ... ok
test providers::ollama::tests::extract_tool_name_handles_prefixed_name ... ok
test providers::ollama::tests::format_tool_calls_produces_valid_json ... ok
test providers::ollama::tests::local_endpoint_auth_disabled_even_with_key ... ok
test providers::ollama::tests::remote_endpoint_auth_enabled_when_key_present ... ok
test providers::ollama::tests::response_deserializes ... ok
test providers::ollama::tests::response_with_empty_content ... ok
test providers::ollama::tests::response_with_missing_content_defaults_to_empty ... ok
test providers::ollama::tests::response_with_thinking_field_extracts_content ... ok
test providers::ollama::tests::response_with_tool_calls_parses_correctly ... ok
test providers::copilot::tests::cache_starts_empty ... ok
test providers::openai::tests::chat_fails_without_key ... ok
test providers::openai::tests::creates_with_empty_key ... ok
test providers::openai::tests::chat_with_system_fails_without_key ... ok
test providers::openai::tests::creates_with_key ... ok
test providers::openai::tests::creates_without_key ... ok
test providers::openai::tests::native_response_reasoning_content_fallback ... ok
test providers::openai::tests::native_response_reasoning_content_ignored_when_content_present ... ok
test providers::openai::tests::reasoning_content_fallback_empty_content ... ok
test providers::openai::tests::reasoning_content_fallback_null_content ... ok
test providers::openai::tests::reasoning_content_not_used_when_content_present ... ok
test providers::openai::tests::request_serializes_with_system_message ... ok
test providers::openai::tests::request_serializes_without_system ... ok
test providers::openai::tests::response_deserializes_empty_choices ... ok
test providers::copilot::tests::supports_native_tools ... ok
test providers::openai::tests::response_deserializes_multiple_choices ... ok
test providers::openai::tests::response_deserializes_single_choice ... ok
test providers::openai::tests::response_with_unicode ... ok
test providers::openai_codex::tests::clamp_reasoning_effort_adjusts_known_models ... ok
test providers::openai::tests::warmup_without_key_is_noop ... ok
test providers::openai_codex::tests::default_state_dir_is_non_empty ... ok
test providers::openai_codex::tests::extracts_nested_output_text ... ok
test providers::openai_codex::tests::extracts_output_text_first ... ok
test providers::openai_codex::tests::parse_sse_text_falls_back_to_completed_response ... ok
test providers::openai_codex::tests::parse_sse_text_reads_output_text_delta ... ok
test providers::openai_codex::tests::resolve_instructions_uses_default_when_blank ... ok
test providers::openai::tests::response_with_long_content ... ok
test providers::gemini::tests::provider_creates_without_key ... ok
test providers::openai_codex::tests::resolve_instructions_uses_default_when_missing ... ok
test providers::openai_codex::tests::resolve_instructions_uses_system_prompt_when_present ... ok
test providers::openrouter::tests::chat_request_serializes_history_messages ... ok
test providers::openrouter::tests::chat_request_serializes_with_system_and_user ... ok
test providers::openrouter::tests::chat_with_history_fails_without_key ... ok
test providers::openrouter::tests::chat_with_system_fails_without_key ... ok
test onboard::wizard::tests::scaffold_bakes_user_name_into_files ... ok
test onboard::wizard::tests::memory_md_warns_about_token_cost ... ok
test providers::openrouter::tests::chat_with_tools_fails_without_key ... ok
test providers::openrouter::tests::convert_messages_parses_assistant_tool_call_payload ... ok
test providers::gemini::tests::provider_rejects_empty_key ... ok
test providers::openrouter::tests::convert_messages_parses_tool_result_payload ... ok
test providers::openrouter::tests::creates_with_key ... ok
test providers::openrouter::tests::creates_without_key ... ok
test providers::openrouter::tests::native_response_deserializes_with_text_and_tool_calls ... ok
test providers::openrouter::tests::native_response_deserializes_with_tool_calls ... ok
test providers::openrouter::tests::parse_native_response_converts_to_chat_response ... ok
test providers::openrouter::tests::response_deserializes_empty_choices ... ok
test providers::openrouter::tests::response_deserializes_single_choice ... ok
test providers::openrouter::tests::warmup_without_key_is_noop ... ok
test providers::reliable::tests::aggregated_error_marks_non_retryable_model_mismatch_with_details ... ok
test providers::reliable::tests::auth_rotation_cycles_keys ... ok
test providers::reliable::tests::auth_rotation_returns_none_when_empty ... ok
test providers::reliable::tests::compute_backoff_caps_at_30s ... ok
test providers::reliable::tests::compute_backoff_falls_back_to_base ... ok
test providers::reliable::tests::compute_backoff_uses_retry_after ... ok
test providers::reliable::tests::non_retryable_detects_401 ... ok
test providers::reliable::tests::no_model_fallbacks_behaves_like_before ... ok
test providers::reliable::tests::non_retryable_detects_403 ... ok
test providers::reliable::tests::model_failover_all_models_fail ... ok
test providers::reliable::tests::model_failover_tries_fallback_model ... ok
test providers::reliable::tests::non_retryable_detects_404 ... ok
test providers::reliable::tests::non_retryable_does_not_flag_408 ... ok
test providers::reliable::tests::non_retryable_does_not_flag_429 ... ok
test providers::reliable::tests::non_retryable_detects_common_patterns ... ok
test providers::reliable::tests::non_retryable_does_not_flag_500 ... ok
test providers::reliable::tests::non_retryable_does_not_flag_502 ... ok
test providers::reliable::tests::parse_retry_after_float ... ok
test providers::reliable::tests::parse_retry_after_integer ... ok
test providers::reliable::tests::parse_retry_after_missing ... ok
test providers::reliable::tests::non_retryable_skips_retries_for_401 ... ok
test providers::reliable::tests::parse_retry_after_space_separator ... ok
test providers::reliable::tests::parse_retry_after_with_underscore_separator ... ok
test providers::reliable::tests::rate_limited_detection ... ok
test providers::reliable::tests::rate_limited_false_for_generic_error ... ok
test providers::reliable::tests::parse_retry_after_zero ... ok
test providers::reliable::tests::skips_retries_on_non_retryable_error ... ok
test providers::reliable::tests::returns_aggregated_error_when_all_providers_fail ... ok
test providers::reliable::tests::succeeds_without_retry ... ok
test providers::router::tests::chat_with_system_passes_system_prompt ... ok
test providers::router::tests::chat_with_tools_delegates_to_resolved_provider ... ok
test providers::router::tests::chat_with_tools_routes_hint_correctly ... ok
test providers::router::tests::non_hint_model_uses_default_provider ... ok
test providers::router::tests::resolve_preserves_model_for_non_hints ... ok
test providers::router::tests::resolve_strips_hint_prefix ... ok
test onboard::wizard::tests::scaffold_uses_defaults_for_empty_context ... ok
test providers::router::tests::routes_fast_hint ... ok
test providers::router::tests::skips_routes_with_unknown_provider ... ok
test providers::router::tests::routes_hint_to_correct_provider ... ok
test providers::tests::canonical_china_provider_name_maps_regional_aliases ... ok
test providers::router::tests::unknown_hint_falls_back_to_default ... ok
test providers::router::tests::warmup_calls_all_providers ... ok
test providers::tests::factory_anthropic ... ok
test providers::tests::factory_anthropic_custom_empty_url_errors ... ok
test providers::tests::factory_anthropic_custom_invalid_url_errors ... ok
test providers::tests::factory_anthropic_custom_no_key ... ok
test providers::tests::factory_anthropic_custom_trailing_slash ... ok
test providers::tests::factory_anthropic_custom_unsupported_scheme_errors ... ok
test providers::tests::factory_all_providers_create_successfully ... ok
test providers::tests::factory_astrai ... ok
test providers::tests::factory_anthropic_custom_url ... ok
test providers::tests::factory_bedrock ... ok
test providers::tests::factory_cloudflare ... ok
test providers::tests::factory_cohere ... ok
test onboard::wizard::tests::scaffold_creates_all_md_files ... ok
test onboard::wizard::tests::scaffold_files_are_non_empty ... ok
test providers::tests::factory_custom_empty_url_errors ... ok
test providers::tests::factory_custom_invalid_url_errors ... ok
test providers::tests::factory_custom_localhost ... ok
test providers::tests::factory_custom_no_key ... ok
test providers::tests::factory_custom_trims_whitespace ... ok
test providers::tests::factory_custom_unsupported_scheme_errors ... ok
test providers::tests::factory_empty_name_errors ... ok
test providers::tests::factory_deepseek ... ok
test providers::tests::factory_custom_url ... ok
test providers::tests::factory_fireworks ... ok
test providers::tests::factory_glm ... ok
test providers::tests::factory_lmstudio ... ok
test providers::tests::factory_groq ... ok
test providers::tests::factory_kimi_code ... ok
test providers::tests::factory_minimax ... ok
test providers::tests::factory_copilot ... ok
test providers::tests::factory_mistral ... ok
test providers::tests::factory_gemini ... ok
test providers::tests::factory_moonshot ... ok
test providers::tests::factory_nvidia ... ok
test providers::tests::factory_ollama ... ok
test providers::tests::factory_openai ... ok
test providers::tests::factory_opencode ... ok
test providers::tests::factory_openrouter ... ok
test providers::tests::factory_openai_codex ... ok
test providers::tests::factory_perplexity ... ok
test providers::tests::factory_qianfan ... ok
test providers::tests::factory_together ... ok
test providers::tests::factory_qwen ... ok
test providers::tests::factory_vercel ... ok
test providers::tests::factory_venice ... ok
test providers::tests::factory_unknown_provider_errors ... ok
test providers::tests::factory_synthetic ... ok
test providers::tests::factory_xai ... ok
test providers::tests::factory_zai ... ok
test onboard::wizard::tests::scaffold_handles_special_characters_in_names ... ok
test providers::tests::ollama_cloud_with_custom_url ... ok
test providers::tests::regional_alias_predicates_cover_expected_variants ... ok
test providers::tests::ollama_with_custom_url ... ok
test providers::tests::listed_providers_have_unique_ids_and_aliases ... ok
test providers::tests::regional_endpoint_aliases_map_to_expected_urls ... ok
test providers::tests::resilient_provider_errors_for_invalid_primary ... ok
test onboard::wizard::tests::soul_md_includes_emoji_awareness_guidance ... ok
test providers::tests::resilient_provider_ignores_duplicate_and_invalid_fallbacks ... ok
test providers::tests::resolve_provider_credential_falls_back_to_minimax_api_key_for_placeholder ... ok
test providers::tests::resolve_provider_credential_prefers_explicit_argument ... ok
test providers::tests::resolve_provider_credential_uses_minimax_oauth_env_for_placeholder ... ok
test providers::tests::listed_providers_and_aliases_are_constructible ... ok
test providers::tests::resolve_provider_credential_placeholder_ignores_generic_api_key_fallback ... ok
test providers::tests::sanitize_handles_delimiter_boundaries ... ok
test providers::tests::sanitize_handles_json_wrapped_key ... ok
test providers::tests::sanitize_keeps_bare_prefix ... ok
test providers::tests::sanitize_no_secret_no_change ... ok
test providers::tests::sanitize_scrubs_sk_prefix ... ok
test providers::tests::sanitize_preserves_unicode_boundaries ... ok
test providers::tests::sanitize_scrubs_multiple_prefixes ... ok
test providers::tests::sanitize_short_prefix_then_real_key ... ok
test providers::tests::sanitize_sk_proj_comment_then_real_key ... ok
test providers::tests::sanitize_truncates_after_scrub ... ok
test providers::tests::sanitize_truncates_long_error ... ok
test providers::tests::scrub_github_fine_grained_pat ... ok
test providers::tests::scrub_github_oauth_token ... ok
test onboard::wizard::tests::scaffold_full_personalization ... ok
test providers::tests::scrub_github_personal_access_token ... ok
test providers::tests::scrub_github_user_token ... ok
test providers::traits::tests::build_tool_instructions_text_empty ... ok
test providers::traits::tests::build_tool_instructions_text_format ... ok
test providers::traits::tests::chat_response_helpers ... ok
test providers::traits::tests::conversation_message_variants ... ok
test providers::traits::tests::provider_capabilities_default ... ok
test providers::traits::tests::provider_capabilities_equality ... ok
test providers::traits::tests::chat_message_constructors ... ok
test providers::traits::tests::provider_chat_prompt_guided_fallback ... ok
test providers::traits::tests::provider_chat_prompt_guided_preserves_existing_system_not_first ... ok
test providers::traits::tests::provider_chat_prompt_guided_rejects_non_prompt_payload ... ok
test providers::traits::tests::provider_chat_prompt_guided_uses_convert_tools_override ... ok
test providers::traits::tests::provider_convert_tools_default ... ok
test providers::traits::tests::supports_native_tools_reflects_capabilities_default_mapping ... ok
test providers::traits::tests::provider_chat_without_tools ... ok
test providers::traits::tests::tools_payload_variants ... ok
test providers::traits::tests::tool_call_serialization ... ok
test rag::tests::infer_board_from_path_nucleo ... ok
test rag::tests::infer_board_generic_none ... ok
test rag::tests::parse_pin_aliases_empty ... ok
test rag::tests::parse_pin_aliases_key_value ... ok
test rag::tests::parse_pin_aliases_table ... ok
test runtime::docker::tests::docker_runtime_memory_budget ... ok
test runtime::docker::tests::docker_runtime_name ... ok
test runtime::native::tests::native_builds_shell_command ... ok
test runtime::native::tests::native_has_filesystem_access ... ok
test runtime::docker::tests::docker_build_shell_command_includes_network_flag ... ok
test runtime::docker::tests::docker_no_memory_flag_when_not_configured ... ok
test runtime::docker::tests::docker_build_shell_command_includes_read_only_flag ... ok
test runtime::docker::tests::docker_workspace_allowlist_blocks_outside_paths ... ok
test runtime::native::tests::native_has_shell_access ... ok
test runtime::docker::tests::docker_build_shell_command_includes_runtime_flags ... ok
test runtime::native::tests::native_memory_budget_unlimited ... ok
test runtime::native::tests::native_name ... ok
test runtime::native::tests::native_storage_path_contains_zeroclaw ... ok
test runtime::native::tests::native_supports_long_running ... ok
test runtime::tests::factory_cloudflare_errors ... ok
test runtime::tests::factory_docker ... ok
test runtime::tests::factory_empty_errors ... ok
test runtime::tests::factory_unknown_errors ... ok
test runtime::tests::factory_native ... ok
test runtime::traits::tests::default_memory_budget_is_zero ... ok
test runtime::traits::tests::runtime_reports_capabilities ... ok
test security::audit::tests::audit_event_with_action ... ok
test security::audit::tests::audit_event_new_creates_unique_id ... ok
test security::audit::tests::audit_event_with_actor ... ok
test security::audit::tests::audit_event_serializes_to_json ... ok
test security::bubblewrap::tests::bubblewrap_sandbox_name ... ok
test security::bubblewrap::tests::bubblewrap_wrap_command_binds_required_paths ... ok
test security::bubblewrap::tests::bubblewrap_wrap_command_includes_isolation_flags ... ok
test security::bubblewrap::tests::bubblewrap_wrap_command_preserves_original_command ... ok
test onboard::wizard::tests::scaffold_is_idempotent ... ok
test providers::reliable::tests::falls_back_after_retries_exhausted ... ok
test providers::reliable::tests::chat_with_history_falls_back ... ok
test providers::reliable::tests::chat_with_history_retries_then_recovers ... ok
test providers::reliable::tests::retries_then_recovers ... ok
test security::detect::tests::explicit_none_returns_noop ... ok
test security::docker::tests::docker_sandbox_default_image ... ok
test security::docker::tests::docker_sandbox_name ... ok
test security::docker::tests::docker_wrap_command_includes_isolation_flags ... ok
test security::docker::tests::docker_wrap_command_preserves_original_command ... ok
test security::docker::tests::docker_wrap_command_uses_custom_image ... ok
test security::landlock::tests::landlock_not_available_on_non_linux ... ok
test security::landlock::tests::landlock_stub_new_returns_unsupported ... ok
test security::landlock::tests::landlock_stub_probe_returns_unsupported ... ok
test security::landlock::tests::landlock_with_none_workspace ... ok
test security::pairing::tests::brute_force_lockout_after_max_attempts ... ok
test security::landlock::tests::landlock_stub_wrap_command_returns_unsupported ... ok
test security::pairing::tests::constant_time_eq_different ... ok
test security::pairing::tests::constant_time_eq_same ... ok
test rag::tests::hardware_rag_load_empty_dir ... ok
test security::pairing::tests::generate_code_is_6_digits ... ok
test security::pairing::tests::correct_code_resets_failed_attempts ... ok
test security::pairing::tests::generate_code_is_not_deterministic ... ok
test security::pairing::tests::generate_token_has_prefix_and_hex_payload ... ok
test security::pairing::tests::hash_token_differs_for_different_inputs ... ok
test security::pairing::tests::hash_token_is_deterministic ... ok
test security::pairing::tests::hash_token_produces_64_hex_chars ... ok
test security::pairing::tests::is_authenticated_when_pairing_disabled ... ok
test security::pairing::tests::is_authenticated_with_invalid_token ... ok
test security::pairing::tests::is_authenticated_with_prehashed_token ... ok
test security::pairing::tests::is_authenticated_with_valid_token ... ok
test security::pairing::tests::is_token_hash_detects_hash_vs_plaintext ... ok
test security::pairing::tests::localhost_variants_not_public ... ok
test security::pairing::tests::new_guard_generates_code_when_no_tokens ... ok
test security::pairing::tests::lockout_returns_remaining_seconds ... ok
test security::pairing::tests::new_guard_no_code_when_pairing_disabled ... ok
test security::pairing::tests::new_guard_no_code_when_tokens_exist ... ok
test security::pairing::tests::pair_then_authenticate ... ok
test security::pairing::tests::try_pair_empty_code ... ok
test security::pairing::tests::try_pair_correct_code ... ok
test security::pairing::tests::real_ip_is_public ... ok
test security::audit::tests::audit_logger_disabled_does_not_create_file ... ok
test security::pairing::tests::tokens_returns_hashes ... ok
test security::pairing::tests::try_pair_wrong_code ... ok
test security::pairing::tests::zero_zero_is_public ... ok
test security::policy::tests::absolute_paths_allowed_when_not_workspace_only ... ok
test security::policy::tests::absolute_paths_blocked_when_workspace_only ... ok
test security::policy::tests::action_tracker_clone_is_independent ... ok
test security::policy::tests::action_tracker_starts_at_zero ... ok
test security::policy::tests::autonomy_default_is_supervised ... ok
test rag::tests::hardware_rag_load_and_retrieve ... ok
test security::policy::tests::action_tracker_records_actions ... ok
test security::policy::tests::allowed_commands_basic ... ok
test security::policy::tests::autonomy_serde_roundtrip ... ok
test security::policy::tests::blocked_commands_basic ... ok
test security::policy::tests::can_act_full_true ... ok
test security::policy::tests::can_act_supervised_true ... ok
test security::policy::tests::can_act_readonly_false ... ok
test security::policy::tests::checklist_default_forbidden_paths_comprehensive ... ok
test security::policy::tests::checklist_all_system_dirs_blocked ... ok
test security::policy::tests::checklist_null_byte_injection_blocked ... ok
test security::policy::tests::checklist_default_policy_is_workspace_only ... ok
test security::policy::tests::checklist_root_path_blocked ... FAILED
test security::policy::tests::command_env_var_prefix_with_allowed_cmd ... ok
test security::policy::tests::command_injection_background_chain_blocked ... ok
test security::policy::tests::command_injection_and_chain_blocked ... ok
test security::policy::tests::command_argument_injection_blocked ... ok
test security::policy::tests::checklist_sensitive_dotfiles_blocked ... ok
test security::policy::tests::checklist_workspace_only_blocks_all_absolute ... FAILED
test security::policy::tests::command_injection_backtick_blocked ... ok
test security::policy::tests::command_injection_dollar_brace_blocked ... ok
test security::policy::tests::command_injection_semicolon_blocked ... ok
test security::policy::tests::command_injection_redirect_blocked ... ok
test security::policy::tests::command_injection_or_chain_blocked ... ok
test security::policy::tests::command_injection_process_substitution_blocked ... ok
test security::policy::tests::command_injection_tee_blocked ... ok
test security::policy::tests::command_injection_semicolon_no_space ... ok
test onboard::wizard::tests::tools_md_lists_all_builtin_tools ... ok
test runtime::traits::tests::build_shell_command_executes ... FAILED
test security::policy::tests::command_injection_dollar_paren_blocked ... ok
test security::policy::tests::command_risk_high_for_dangerous_commands ... ok
test security::policy::tests::command_newline_injection_blocked ... ok
test security::policy::tests::command_risk_medium_for_mutating_commands ... ok
test security::policy::tests::command_with_absolute_path_extracts_basename ... ok
test security::policy::tests::command_risk_low_for_read_commands ... ok
test security::policy::tests::command_with_env_var_prefix ... ok
test security::policy::tests::command_with_pipes_validates_all_segments ... ok
test security::policy::tests::custom_allowlist ... ok
test security::policy::tests::default_policy_has_sane_values ... ok
test security::audit::tests::audit_rotation_creates_numbered_backup ... ok
test security::policy::tests::checklist_resolved_path_must_be_in_workspace ... ok
test security::policy::tests::dotfile_in_workspace_allowed ... ok
test security::policy::tests::empty_allowlist_blocks_everything ... ok
test security::policy::tests::empty_command_blocked ... ok
test security::policy::tests::empty_path_allowed ... ok
test security::policy::tests::enforce_tool_operation_act_blocked_in_readonly_mode ... ok
test security::policy::tests::enforce_tool_operation_act_uses_rate_budget ... ok
test security::policy::tests::enforce_tool_operation_read_allowed_in_readonly_mode ... ok
test security::detect::tests::detect_best_sandbox_returns_something ... ok
test security::detect::tests::auto_mode_detects_something ... ok
test security::policy::tests::forbidden_paths_blocked ... ok
test security::policy::tests::full_autonomy_still_respects_forbidden_paths ... ok
test security::policy::tests::from_config_creates_fresh_tracker ... ok
test security::docker::tests::docker_with_custom_image ... ok
test security::policy::tests::is_rate_limited_reflects_count ... ok
test security::policy::tests::full_autonomy_still_uses_allowlist ... ok
test security::policy::tests::is_path_allowed_blocks_url_encoded_traversal ... ok
test security::policy::tests::is_path_allowed_blocks_null_bytes ... ok
test security::policy::tests::path_home_tilde_ssh ... ok
test security::policy::tests::path_traversal_double_dot_in_filename ... ok
test security::policy::tests::path_symlink_style_absolute ... ok
test security::policy::tests::path_traversal_blocked ... ok
test security::policy::tests::path_traversal_encoded_dots ... ok
test security::audit::tests::audit_log_command_event_writes_structured_entry ... ok
test security::policy::tests::from_config_maps_all_fields ... ok
test security::policy::tests::path_var_run_blocked ... ok
test security::policy::tests::path_with_null_byte_blocked ... ok
test security::policy::tests::rate_limit_exactly_at_boundary ... ok
test security::policy::tests::rate_limit_zero_blocks_everything ... ok
test security::policy::tests::rate_limit_high_allows_many ... ok
test security::policy::tests::record_action_allows_within_limit ... ok
test security::policy::tests::readonly_blocks_even_safe_commands ... ok
test security::policy::tests::readonly_blocks_all_commands ... ok
test security::audit::tests::audit_logger_writes_event_when_enabled ... ok
test security::policy::tests::record_action_blocks_over_limit ... ok
test security::policy::tests::relative_paths_allowed ... ok
test security::policy::tests::supervised_allows_listed_commands ... ok
test security::policy::tests::validate_command_blocks_high_risk_by_default ... ok
test security::policy::tests::validate_command_rejects_background_chain_bypass ... ok
test security::policy::tests::resolved_path_blocks_root_escape ... ok
test security::policy::tests::validate_command_requires_approval_for_medium_risk ... ok
test security::bubblewrap::tests::bubblewrap_is_available_only_if_installed ... ok
test security::secrets::tests::corrupt_hex_returns_error ... ok
test security::secrets::tests::generate_random_key_correct_length ... ok
test security::secrets::tests::generate_random_key_has_no_uuid_fixed_bits ... ok
test security::secrets::tests::decrypt_and_migrate_returns_none_for_plaintext ... ok
test security::secrets::tests::generate_random_key_not_all_zeros ... ok
test security::secrets::tests::hex_decode_invalid_chars_fails ... ok
test security::secrets::tests::hex_decode_odd_length_fails ... ok
test security::secrets::tests::disabled_store_returns_plaintext ... ok
test security::secrets::tests::decrypt_plaintext_passthrough ... ok
test security::secrets::tests::encrypt_empty_returns_empty ... ok
test security::secrets::tests::is_secure_encrypted_detects_enc2_only ... ok
test security::secrets::tests::hex_roundtrip ... ok
test security::secrets::tests::is_encrypted_detects_prefix ... ok
test security::policy::tests::resolved_path_blocks_outside_workspace ... ok
test security::secrets::tests::needs_migration_detects_legacy_prefix ... ok
test security::secrets::tests::decrypt_and_migrate_upgrades_legacy_xor ... ok
test security::secrets::tests::migration_produces_different_ciphertext_each_time ... ok
test security::secrets::tests::two_random_keys_differ ... ok
test security::secrets::tests::decrypt_and_migrate_returns_none_for_enc2 ... ok
test security::secrets::tests::windows_icacls_grant_arg_preserves_valid_characters ... ok
test security::secrets::tests::windows_icacls_grant_arg_rejects_empty_username ... ok
test security::secrets::tests::truncated_ciphertext_returns_error ... ok
test security::secrets::tests::windows_icacls_grant_arg_trims_username ... ok
test security::secrets::tests::xor_cipher_empty_key ... ok
test security::secrets::tests::xor_cipher_roundtrip ... ok
test security::tests::reexported_policy_and_pairing_types_are_usable ... ok
test security::tests::reexported_secret_store_encrypt_decrypt_roundtrip ... ok
test security::traits::tests::noop_sandbox_is_always_available ... ok
test security::traits::tests::noop_sandbox_name ... ok
test security::traits::tests::noop_sandbox_wrap_command_is_noop ... ok
test security::secrets::tests::decrypt_and_migrate_handles_unicode ... ok
test security::secrets::tests::decrypt_and_migrate_handles_empty_secret ... ok
test service::tests::windows_task_name_is_constant ... ok
test service::tests::xml_escape_escapes_reserved_chars ... ok
test security::secrets::tests::decrypt_and_migrate_handles_long_secret ... ok
test skills::symlink_tests::tests::test_skills_symlink_permissions_and_safety ... ok
test security::secrets::tests::different_stores_same_dir_interop ... ok
test skills::symlink_tests::tests::test_skills_symlink_unix_edge_cases ... ok
test security::secrets::tests::encrypt_decrypt_roundtrip ... ok
test skills::tests::init_skills_creates_readme ... ok
test skills::tests::init_skills_idempotent ... ok
test skills::tests::load_ignores_files_in_skills_dir ... ok
test skills::tests::load_empty_skills_dir ... ok
test skills::tests::load_ignores_dir_without_manifest ... ok
test skills::tests::load_nonexistent_dir ... ok
test security::secrets::tests::key_file_created_on_first_encrypt ... ok
test security::secrets::tests::encrypting_same_value_produces_different_ciphertext ... ok
test skills::tests::skills_dir_path ... ok
test skills::tests::skills_to_prompt_empty ... ok
test skills::tests::skills_to_prompt_includes_tools ... ok
test skills::tests::skills_to_prompt_with_skills ... ok
test skills::tests::load_skill_from_md ... ok
test skills::tests::toml_prefers_over_md ... ok
test skills::tests::load_multiple_skills ... ok
test tools::browser::tests::browser_backend_parser_accepts_supported_values ... ok
test security::secrets::tests::long_secret_roundtrip ... ok
test security::secrets::tests::legacy_xor_decrypt_still_works ... ok
test skills::tests::md_skill_heading_only ... ok
test tools::browser::tests::browser_tool_accepts_auto_backend_config ... ok
test security::secrets::tests::decrypt_and_migrate_fails_on_corrupt_legacy_hex ... ok
test tools::browser::tests::browser_tool_accepts_computer_use_backend_config ... ok
test skills::tests::load_skill_from_toml ... ok
test tools::browser::tests::browser_backend_parser_rejects_unknown_values ... ok
test security::secrets::tests::migrated_value_is_tamper_resistant ... ok
test tools::browser::tests::browser_tool_name ... ok
test tools::browser::tests::computer_use_coordinate_validation_applies_limits ... ok
test tools::browser::tests::browser_tool_default_backend_is_agent_browser ... ok
test tools::browser::tests::browser_tool_empty_allowlist_blocks ... ok
test tools::browser::tests::browser_tool_validates_url ... ok
test tools::browser::tests::computer_use_only_action_detection_is_correct ... ok
test tools::browser::tests::computer_use_endpoint_requires_https_for_public_remote ... ok
test tools::browser::tests::computer_use_endpoint_rejects_public_http_by_default ... ok
test tools::browser::tests::extract_host_handles_ipv6 ... ok
test tools::browser::tests::extract_host_works ... ok
test tools::browser::tests::host_matches_allowlist_exact ... ok
test tools::browser::tests::host_matches_allowlist_star ... ok
test tools::browser::tests::host_matches_allowlist_wildcard ... ok
test tools::browser::tests::is_private_host_catches_ipv6 ... ok
test tools::browser::tests::is_private_host_catches_ipv6_private_ranges ... ok
test tools::browser::tests::is_private_host_catches_mapped_ipv4 ... ok
test tools::browser::tests::is_private_host_detects_local ... ok
test tools::browser::tests::normalize_domains_works ... ok
test tools::browser::tests::is_private_host_blocks_multicast_and_reserved ... ok
test tools::browser::tests::validate_url_blocks_ipv6_ssrf ... ok
test tools::browser::tests::unavailable_action_error_preserves_backend_context ... ok
test security::secrets::tests::tampered_ciphertext_detected ... ok
test tools::browser_open::tests::normalize_domain_strips_scheme_path_and_case ... ok
test tools::browser_open::tests::execute_blocks_when_rate_limited ... ok
test skills::tests::toml_skill_invalid_syntax_skipped ... ok
test tools::browser_open::tests::normalize_allowed_domains_deduplicates ... ok
test tools::browser_open::tests::execute_blocks_readonly_mode ... ok
test tools::browser_open::tests::parse_ipv4_invalid ... ok
test tools::browser_open::tests::parse_ipv4_valid ... ok
test tools::browser_open::tests::validate_accepts_exact_domain ... ok
test tools::browser_open::tests::validate_accepts_subdomain ... ok
test tools::browser_open::tests::validate_rejects_http ... ok
test tools::browser_open::tests::validate_rejects_allowlist_miss ... ok
test tools::browser_open::tests::validate_rejects_localhost ... ok
test tools::browser_open::tests::validate_rejects_private_ipv4 ... ok
test tools::browser_open::tests::validate_rejects_userinfo ... ok
test tools::browser_open::tests::validate_rejects_whitespace ... ok
test tools::browser_open::tests::validate_requires_allowlist ... ok
test tools::composio::tests::auth_config_prefers_enabled_status ... ok
test tools::composio::tests::build_execute_action_v3_request_drops_blank_optional_fields ... ok
test tools::composio::tests::build_execute_action_v3_request_uses_fixed_endpoint_and_body_account_id ... ok
test tools::composio::tests::composio_action_deserializes ... ok
test tools::composio::tests::composio_action_with_special_characters ... ok
test tools::composio::tests::composio_action_with_null_fields ... ok
test tools::composio::tests::composio_action_with_unicode ... ok
test tools::composio::tests::composio_actions_response_missing_items_defaults ... ok
test tools::composio::tests::composio_actions_response_empty ... ok
test tools::composio::tests::composio_actions_response_deserializes ... ok
test tools::composio::tests::composio_empty_json_string_returns_error ... ok
test tools::composio::tests::composio_api_base_url_is_v3 ... ok
test tools::composio::tests::composio_malformed_json_returns_error ... ok
test tools::composio::tests::composio_tool_has_correct_name ... ok
test security::secrets::tests::unicode_secret_roundtrip ... ok
test tools::composio::tests::composio_tool_schema_has_required_fields ... ok
test tools::composio::tests::composio_tool_has_description ... ok
test tools::composio::tests::composio_v3_tools_response_maps_to_actions ... ok
test tools::composio::tests::connect_without_target_returns_error ... ok
test tools::composio::tests::composio_tool_spec_roundtrip ... ok
test tools::composio::tests::execute_blocked_in_readonly_mode ... ok
test tools::composio::tests::execute_blocked_when_rate_limited ... ok
test tools::composio::tests::execute_missing_action_returns_error ... ok
test tools::composio::tests::execute_unknown_action_returns_error ... ok
test tools::composio::tests::extract_api_error_message_from_common_shapes ... ok
test tools::composio::tests::normalize_entity_id_falls_back_to_default_when_blank ... ok
test tools::composio::tests::execute_without_action_name_returns_error ... ok
test tools::composio::tests::extract_redirect_url_supports_v2_and_v3_shapes ... ok
test tools::composio::tests::normalize_tool_slug_supports_legacy_action_name ... ok
test tools::composio::tests::composio_large_actions_list ... ok
test skills::tests::toml_skill_minimal ... ok
test tools::cron_add::tests::agent_job_requires_prompt ... ok
test tools::cron_add::tests::blocks_disallowed_shell_command ... ok
test tools::cron_list::tests::errors_when_cron_disabled ... ok
test tools::cron_remove::tests::errors_when_job_id_missing ... ok
test tools::cron_add::tests::rejects_invalid_schedule ... ok
test tools::delegate::tests::blank_prompt_rejected ... ok
test tools::delegate::tests::blank_agent_rejected ... ok
test tools::delegate::tests::delegate_depth_construction ... ok
test tools::delegate::tests::delegate_context_is_prepended_to_prompt ... ok
test skills::tests::toml_skill_with_multiple_tools ... ok
test tools::delegate::tests::delegate_no_agents_configured ... ok
test tools::delegate::tests::delegate_empty_context_omits_prefix ... ok
test tools::delegate::tests::depth_limit_enforced ... ok
test tools::delegate::tests::delegation_blocked_when_rate_limited ... ok
test tools::delegate::tests::description_not_empty ... ok
test tools::delegate::tests::depth_limit_per_agent ... ok
test service::tests::run_checked_errors_on_non_zero_status_windows ... ok
test tools::cron_runs::tests::errors_when_job_id_missing ... ok
test tools::delegate::tests::empty_agents_schema ... ok
test tools::delegate::tests::delegation_blocked_in_readonly_mode ... ok
test tools::delegate::tests::invalid_provider_returns_error ... ok
test tools::delegate::tests::name_and_schema ... ok
test tools::delegate::tests::schema_lists_agent_names ... ok
test tools::delegate::tests::missing_agent_param ... ok
test tools::delegate::tests::unknown_agent_returns_error ... ok
test tools::delegate::tests::missing_prompt_param ... ok
test tools::file_read::tests::file_read_blocks_absolute_path ... ok
test tools::cron_list::tests::returns_empty_list_when_no_jobs ... ok
test tools::cron_run::tests::errors_for_missing_job ... ok
test tools::file_read::tests::file_read_missing_path_param ... ok
test tools::file_read::tests::file_read_name ... ok
test tools::file_read::tests::file_read_blocks_when_rate_limited ... ok
test service::tests::run_capture_reads_stdout_windows ... ok
test tools::file_read::tests::file_read_blocks_path_traversal ... ok
test tools::cron_add::tests::adds_shell_job ... ok
test security::secrets::tests::wrong_key_detected ... ok
test tools::file_read::tests::file_read_schema_has_path ... ok
test tools::file_write::tests::file_write_blocks_absolute_path ... ok
test tools::file_read::tests::file_read_nonexistent_consumes_rate_limit_budget ... ok
test tools::file_write::tests::file_write_blocks_null_byte_in_path ... ok
test tools::file_read::tests::file_read_empty_file ... ok
test tools::file_read::tests::file_read_nested_path ... ok
test tools::file_read::tests::file_read_existing_file ... ok
test tools::file_write::tests::file_write_blocks_readonly_mode ... ok
test tools::file_write::tests::file_write_missing_content_param ... ok
test security::secrets::tests::decrypt_and_migrate_wrong_key_produces_garbage_or_fails ... ok
test tools::cron_remove::tests::removes_existing_job ... ok
test tools::file_write::tests::file_write_missing_path_param ... ok
test tools::file_write::tests::file_write_name ... ok
test tools::file_write::tests::file_write_blocks_when_rate_limited ... ok
test tools::file_write::tests::file_write_schema_has_path_and_content ... ok
test tools::file_write::tests::file_write_empty_content ... ok
test tools::file_read::tests::file_read_allows_readonly_mode ... ok
test tools::file_read::tests::file_read_nonexistent_file ... ok
test tools::file_write::tests::file_write_blocks_path_traversal ... ok
test tools::git_operations::tests::allows_readonly_ops_in_readonly_mode ... ok
test tools::git_operations::tests::branch_is_not_write_gated ... ok
test tools::git_operations::tests::is_read_only_detection ... ok
test tools::cron_update::tests::updates_enabled_flag ... ok
test tools::git_operations::tests::rejects_missing_operation ... ok
test tools::git_operations::tests::sanitize_git_allows_safe ... ok
test tools::git_operations::tests::sanitize_git_blocks_injection ... ok
test tools::file_read::tests::file_read_rejects_oversized_file ... ok
test tools::git_operations::tests::sanitize_git_blocks_config_injection ... ok
test tools::git_operations::tests::sanitize_git_blocks_no_verify ... ok
test tools::hardware_memory_map::tests::static_map_arduino ... ok
test tools::hardware_memory_map::tests::static_map_nucleo ... ok
test tools::git_operations::tests::truncates_multibyte_commit_message_without_panicking ... ok
test tools::http_request::tests::allows_public_ipv4 ... ok
test tools::http_request::tests::blocks_benchmarking_range ... ok
test tools::git_operations::tests::sanitize_git_blocks_redirect_in_args ... ok
test tools::http_request::tests::allows_public_ipv6 ... ok
test tools::http_request::tests::blocks_broadcast ... ok
test tools::git_operations::tests::sanitize_git_blocks_pager_editor_injection ... ok
test tools::cron_runs::tests::lists_runs_with_truncation ... ok
test tools::http_request::tests::blocks_documentation_ranges ... ok
test tools::http_request::tests::blocks_ipv4_mapped_ipv6 ... ok
test tools::http_request::tests::blocks_ipv6_link_local ... ok
test tools::http_request::tests::blocks_ipv6_documentation_range ... ok
test tools::http_request::tests::blocks_ipv6_localhost ... ok
test tools::http_request::tests::blocks_ipv6_multicast ... ok
test tools::http_request::tests::blocks_ipv6_unique_local ... ok
test tools::http_request::tests::blocks_multicast_ipv4 ... ok
test tools::git_operations::tests::requires_write_detection ... ok
test tools::http_request::tests::normalize_allowed_domains_deduplicates ... ok
test tools::http_request::tests::execute_blocks_readonly_mode ... ok
test tools::http_request::tests::execute_blocks_when_rate_limited ... ok
test tools::http_request::tests::normalize_domain_strips_scheme_path_and_case ... ok
test tools::file_write::tests::file_write_creates_parent_dirs ... ok
test tools::http_request::tests::redact_headers_does_not_alter_original ... ok
test tools::http_request::tests::parse_headers_preserves_original_values ... ok
test tools::http_request::tests::ssrf_blocks_dot_localhost_subdomain ... ok
test tools::http_request::tests::ssrf_blocks_dot_local_tld ... ok
test tools::http_request::tests::ssrf_alternate_notations_rejected_by_validate_url ... ok
test tools::git_operations::tests::sanitize_git_cached_not_blocked ... ok
test tools::http_request::tests::ssrf_blocks_loopback_127_range ... ok
test tools::http_request::tests::ssrf_blocks_rfc1918_10_range ... ok
test tools::http_request::tests::ssrf_blocks_rfc1918_172_range ... ok
test tools::http_request::tests::blocks_shared_address_space ... ok
test tools::http_request::tests::ssrf_ipv6_unspecified ... ok
test tools::http_request::tests::ssrf_hex_loopback_not_parsed_as_ip ... ok
test tools::http_request::tests::blocks_reserved_ipv4 ... ok
test tools::http_request::tests::ssrf_octal_loopback_not_parsed_as_ip ... ok
test tools::http_request::tests::redact_headers_for_display_redacts_sensitive ... ok
test tools::http_request::tests::truncate_response_over_limit ... ok
test tools::http_request::tests::truncate_response_within_limit ... ok
test tools::http_request::tests::ssrf_zero_padded_loopback_not_parsed_as_ip ... ok
test tools::http_request::tests::redirect_policy_is_none ... ok
test tools::http_request::tests::ssrf_blocks_unspecified_address ... ok
test tools::http_request::tests::ssrf_decimal_loopback_not_parsed_as_ip ... ok
test tools::http_request::tests::validate_accepts_http ... ok
test tools::http_request::tests::validate_accepts_exact_domain ... ok
test tools::http_request::tests::validate_accepts_subdomain ... ok
test tools::http_request::tests::validate_rejects_allowlist_miss ... ok
test tools::http_request::tests::validate_accepts_valid_methods ... ok
test tools::http_request::tests::validate_rejects_ftp_scheme ... ok
test tools::http_request::tests::validate_rejects_invalid_method ... ok
test tools::http_request::tests::validate_rejects_empty_url ... ok
test tools::http_request::tests::validate_rejects_ipv6_host ... ok
test tools::http_request::tests::validate_requires_allowlist ... ok
test tools::image_info::tests::bmp_dimensions ... ok
test tools::http_request::tests::validate_rejects_private_ipv4 ... ok
test tools::http_request::tests::validate_rejects_whitespace ... ok
test tools::http_request::tests::validate_rejects_userinfo ... ok
test tools::image_info::tests::detect_bmp ... ok
test tools::image_info::tests::detect_png ... ok
test tools::image_info::tests::detect_unknown_garbage ... ok
test tools::image_info::tests::detect_gif ... ok
test tools::image_info::tests::detect_unknown_short ... ok
test tools::http_request::tests::validate_rejects_localhost ... ok
test tools::image_info::tests::detect_webp ... ok
test tools::image_info::tests::detect_jpeg ... ok
test tools::image_info::tests::execute_missing_path ... ok
test tools::image_info::tests::execute_nonexistent_file ... ok
test tools::cron_update::tests::blocks_disallowed_command_updates ... ok
test tools::image_info::tests::jpeg_dimensions ... ok
test tools::image_info::tests::image_info_tool_spec ... ok
test tools::image_info::tests::image_info_tool_schema ... ok
test tools::image_info::tests::image_info_tool_name ... ok
test tools::image_info::tests::gif_dimensions ... ok
test tools::image_info::tests::image_info_tool_description ... ok
test tools::image_info::tests::unknown_format_no_dimensions ... ok
test tools::image_info::tests::jpeg_malformed_zero_length_segment ... ok
test tools::image_info::tests::png_dimensions ... ok
test tools::file_write::tests::file_write_overwrites_existing ... ok
test tools::file_write::tests::file_write_creates_file ... ok
test tools::image_info::tests::execute_real_file ... ok
test tools::memory_forget::tests::forget_missing_key ... ok
test tools::memory_forget::tests::forget_blocked_in_readonly_mode ... ok
test tools::memory_forget::tests::forget_blocked_when_rate_limited ... ok
test tools::memory_forget::tests::forget_existing ... ok
test tools::memory_forget::tests::forget_nonexistent ... ok
test tools::image_info::tests::execute_with_base64 ... ok
test tools::memory_recall::tests::name_and_schema ... ok
test tools::memory_recall::tests::recall_empty ... ok
test tools::memory_recall::tests::recall_finds_match ... ok
test tools::memory_store::tests::name_and_schema ... ok
test tools::memory_store::tests::store_blocked_in_readonly_mode ... ok
test tools::memory_forget::tests::name_and_schema ... ok
test tools::memory_store::tests::store_missing_content ... ok
test tools::memory_store::tests::store_missing_key ... ok
test tools::pushover::tests::credentials_fail_without_env_file ... ok
test tools::memory_store::tests::store_core ... ok
test tools::memory_store::tests::store_blocked_when_rate_limited ... ok
test tools::memory_recall::tests::recall_respects_limit ... ok
test tools::memory_store::tests::store_with_category ... ok
test tools::pushover::tests::execute_blocks_rate_limit ... ok
test tools::pushover::tests::credentials_fail_without_token ... ok
test tools::pushover::tests::execute_blocks_readonly_mode ... ok
test tools::pushover::tests::execute_rejects_priority_out_of_range ... ok
test tools::pushover::tests::pushover_tool_description ... ok
test tools::pushover::tests::pushover_tool_name ... ok
test tools::pushover::tests::pushover_tool_requires_message ... ok
test tools::pushover::tests::pushover_tool_has_parameters_schema ... ok
test tools::memory_recall::tests::recall_missing_query ... ok
test tools::pushover::tests::pushover_tool_supports_priority ... ok
test tools::proxy_config::tests::set_scope_services_requires_services_entries ... ok
test tools::pushover::tests::pushover_tool_supports_sound ... ok
test tools::pushover::tests::credentials_ignore_comments ... ok
test tools::pushover::tests::credentials_fail_without_user_key ... ok
test tools::proxy_config::tests::list_services_action_returns_known_keys ... ok
test tools::pushover::tests::credentials_parsed_from_env_file ... ok
test tools::schema::tests::test_circular_ref_prevention ... ok
test tools::schema::tests::test_clean_nested_unknown_schema_keyword ... ok
test tools::schema::tests::test_const_to_enum ... ok
test tools::schema::tests::test_nested_properties ... ok
test tools::schema::tests::test_flatten_literal_union ... ok
test tools::memory_store::tests::store_with_custom_category ... ok
test tools::schema::tests::test_ref_with_json_pointer_escape ... ok
test tools::schema::tests::test_preserve_metadata ... ok
test tools::schema::tests::test_remove_unsupported_keywords ... ok
test tools::pushover::tests::credentials_support_export_and_quoted_values ... ok
test tools::schema::tests::test_skip_type_when_non_simplifiable_union_exists ... ok
test tools::schema::tests::test_resolve_ref ... ok
test tools::schema::tests::test_strategy_differences ... ok
test tools::schema::tests::test_strip_null_from_union ... ok
test tools::schema::tests::test_validate_schema ... ok
test tools::screenshot::tests::screenshot_command_contains_output_path ... FAILED
test tools::schema::tests::test_type_array_null_removal ... ok
test tools::screenshot::tests::screenshot_tool_description ... ok
test tools::schema::tests::test_type_array_only_null_preserved ... ok
test tools::schedule::tests::tool_name_and_schema ... ok
test tools::screenshot::tests::screenshot_tool_name ... ok
test tools::screenshot::tests::screenshot_rejects_shell_injection_filename ... ok
test tools::schedule::tests::unknown_action_returns_failure ... ok
test tools::shell::tests::shell_blocks_readonly ... ok
test tools::screenshot::tests::screenshot_tool_schema ... ok
test tools::shell::tests::shell_blocks_rate_limited ... ok
test tools::shell::tests::shell_missing_command_param ... ok
test tools::screenshot::tests::screenshot_tool_spec ... ok
test tools::shell::tests::shell_blocks_disallowed_command ... ok
test tools::shell::tests::shell_output_limit_is_1mb ... ok
test tools::shell::tests::shell_safe_env_vars_excludes_secrets ... ok
test tools::shell::tests::shell_safe_env_vars_includes_essentials ... ok
test tools::shell::tests::shell_timeout_constant_is_reasonable ... ok
test tools::shell::tests::shell_tool_description ... ok
test tools::shell::tests::shell_tool_name ... ok
test tools::shell::tests::shell_does_not_leak_api_key ... FAILED
test tools::shell::tests::shell_captures_exit_code ... ok
test tools::shell::tests::shell_requires_approval_for_medium_risk_command ... FAILED
test tools::shell::tests::shell_tool_schema_has_command ... ok
test tools::shell::tests::shell_wrong_type_param ... ok
test tools::tests::all_tools_excludes_browser_when_disabled ... ok
test tools::tests::default_tools_all_have_descriptions ... ok
test tools::tests::all_tools_excludes_delegate_when_no_agents ... ok
test tools::tests::default_tools_all_have_schemas ... ok
test tools::tests::default_tools_has_three ... ok
test tools::tests::all_tools_includes_browser_when_enabled ... ok
test tools::schedule::tests::list_empty ... ok
test tools::shell::tests::shell_executes_allowed_command ... FAILED
test tools::tests::all_tools_includes_delegate_when_agents_configured ... ok
test tools::tests::default_tools_names ... ok
test tools::schedule::tests::readonly_blocks_mutating_actions ... ok
test tools::tests::tool_spec_generation ... ok
test tools::traits::tests::execute_returns_expected_output ... ok
test tools::tests::tool_spec_serde ... ok
test tools::tests::tool_result_serde ... ok
test tools::traits::tests::spec_uses_tool_metadata_and_schema ... ok
test tools::tests::tool_result_with_error_serde ... ok
test tools::web_search_tool::tests::test_execute_brave_without_api_key ... ok
test tools::web_search_tool::tests::test_execute_empty_query ... ok
test tools::web_search_tool::tests::test_parameters_schema ... ok
test tools::web_search_tool::tests::test_execute_missing_query ... ok
test tools::traits::tests::tool_result_serialization_roundtrip ... ok
test tools::web_search_tool::tests::test_tool_description ... ok
test tools::web_search_tool::tests::test_tool_name ... ok
test tunnel::cloudflare::tests::constructor_stores_token ... ok
test tunnel::cloudflare::tests::health_check_is_false_before_start ... ok
test tunnel::cloudflare::tests::public_url_is_none_before_start ... ok
test tunnel::cloudflare::tests::stop_without_started_process_is_ok ... ok
test tools::web_search_tool::tests::test_parse_duckduckgo_results_empty ... ok
test tunnel::custom::tests::start_with_empty_command_returns_error ... ok
test tools::proxy_config::tests::set_and_get_round_trip_proxy_scope ... ok
test tools::web_search_tool::tests::test_strip_tags ... ok
test tunnel::ngrok::tests::constructor_stores_domain ... ok
test tunnel::ngrok::tests::health_check_is_false_before_start ... ok
test tunnel::ngrok::tests::public_url_is_none_before_start ... ok
test tunnel::custom::tests::start_with_pattern_extracts_url ... FAILED
test tools::shell::tests::shell_preserves_path_and_home ... FAILED
test tunnel::ngrok::tests::stop_without_started_process_is_ok ... ok
test tunnel::none::tests::name_is_none ... ok
test tunnel::none::tests::health_check_is_always_true ... ok
test tunnel::none::tests::public_url_is_always_none ... ok
test tunnel::custom::tests::start_replaces_host_and_port_placeholders ... FAILED
test tunnel::none::tests::start_returns_local_url ... ok
test tunnel::custom::tests::start_without_pattern_returns_local_url ... FAILED
test tunnel::none::tests::stop_is_noop_success ... ok
test tunnel::tailscale::tests::constructor_stores_hostname_and_mode ... ok
test tunnel::tailscale::tests::health_check_is_false_before_start ... ok
test tunnel::tests::cloudflare_tunnel_name ... ok
test tunnel::tests::custom_health_false_before_start_without_health_url ... ok
test tunnel::tests::custom_tunnel_name ... ok
test tunnel::tests::factory_cloudflare_missing_config_errors ... ok
test tunnel::tests::factory_cloudflare_with_config_ok ... ok
test tunnel::tests::cloudflare_health_false_before_start ... ok
test tunnel::tests::factory_empty_string_returns_none ... ok
test tunnel::tests::factory_ngrok_missing_config_errors ... ok
test tunnel::tests::factory_ngrok_with_config_ok ... ok
test tools::web_search_tool::tests::test_parse_duckduckgo_results_decodes_redirect_url ... ok
test tools::web_search_tool::tests::test_constructor_clamps_web_search_limits ... ok
test tunnel::tests::factory_custom_missing_config_errors ... ok
test tunnel::tailscale::tests::public_url_is_none_before_start ... ok
test tunnel::tests::factory_none_returns_none ... ok
test tunnel::tests::factory_tailscale_defaults_ok ... ok
test tools::schedule::tests::create_get_and_cancel_roundtrip ... ok
test tunnel::tests::factory_custom_with_config_ok ... ok
test tunnel::tests::factory_unknown_provider_errors ... ok
test tunnel::tests::ngrok_tunnel_name ... ok
test tunnel::tests::kill_shared_no_process_is_ok ... ok
test tunnel::tests::none_tunnel_name ... ok
test tunnel::tests::ngrok_health_false_before_start ... ok
test tunnel::tests::ngrok_with_domain ... ok
test tunnel::tests::none_tunnel_health_always_true ... ok
test tunnel::tests::none_tunnel_public_url_is_none ... ok
test tunnel::tests::tailscale_tunnel_name ... ok
test util::tests::test_truncate_ascii_no_truncation ... ok
test tunnel::tests::tailscale_health_false_before_start ... ok
test util::tests::test_truncate_accented_characters ... ok
test tunnel::tests::tailscale_funnel_mode ... ok
test tunnel::tests::none_tunnel_start_returns_local ... ok
test util::tests::test_truncate_ascii_with_truncation ... ok
test util::tests::test_truncate_at_exact_boundary ... ok
test util::tests::test_truncate_emoji_single ... ok
test util::tests::test_truncate_long_string ... ok
test util::tests::test_truncate_empty_string ... ok
test util::tests::test_truncate_mixed_ascii_emoji ... ok
test util::tests::test_truncate_unicode_edge_case ... ok
test util::tests::test_truncate_zero_max_chars ... ok
test util::tests::test_truncate_cjk_characters ... ok
test util::tests::test_truncate_emoji_multiple ... ok
test tunnel::tailscale::tests::stop_without_started_process_is_ok ... ok
test tunnel::tests::kill_shared_terminates_and_clears_child ... FAILED
test tools::web_search_tool::tests::test_parse_duckduckgo_results_with_data ... ok
test tools::schedule::tests::once_and_pause_resume_aliases_work ... ok
test tools::git_operations::tests::rejects_unknown_operation ... ok
test tools::git_operations::tests::blocks_readonly_mode_for_write_ops ... ok
test tools::git_operations::tests::allows_branch_listing_in_readonly_mode ... ok
test tools::cron_run::tests::force_runs_job_and_records_history ... FAILED
test tools::delegate::tests::whitespace_agent_name_trimmed_and_found ... ok
test tunnel::custom::tests::health_check_with_unreachable_health_url_returns_false ... ok

failures:

---- cron::scheduler::tests::run_job_command_failure stdout ----

thread 'cron::scheduler::tests::run_job_command_failure' (4376) panicked at src\cron\scheduler.rs:535:9:
assertion failed: output.contains("definitely_missing_file_for_scheduler_test")
note: run with `RUST_BACKTRACE=1` environment variable to display a backtrace

---- cron::scheduler::tests::run_job_command_success stdout ----

thread 'cron::scheduler::tests::run_job_command_success' (21284) panicked at src\cron\scheduler.rs:521:9:
assertion failed: success

---- cron::scheduler::tests::run_job_command_times_out stdout ----

thread 'cron::scheduler::tests::run_job_command_times_out' (4776) panicked at src\cron\scheduler.rs:550:9:
assertion failed: output.contains("job timed out after")

---- config::schema::tests::persist_active_workspace_marker_is_cleared_for_default_config_dir stdout ----

thread 'config::schema::tests::persist_active_workspace_marker_is_cleared_for_default_config_dir' (23992) panicked at src\config\schema.rs:4504:9:
assertion failed: marker_path.exists()

---- cron::scheduler::tests::execute_job_with_retry_exhausts_attempts stdout ----

thread 'cron::scheduler::tests::execute_job_with_retry_exhausts_attempts' (6248) panicked at src\cron\scheduler.rs:643:9:
assertion failed: output.contains("always_missing_for_retry_test")

---- cron::scheduler::tests::execute_job_with_retry_recovers_after_first_failure stdout ----

thread 'cron::scheduler::tests::execute_job_with_retry_recovers_after_first_failure' (1828) panicked at src\cron\scheduler.rs:627:9:
assertion failed: success

---- security::policy::tests::checklist_root_path_blocked stdout ----

thread 'security::policy::tests::checklist_root_path_blocked' (20492) panicked at src\security\policy.rs:1287:9:
assertion failed: !p.is_path_allowed("/")

---- security::policy::tests::checklist_workspace_only_blocks_all_absolute stdout ----

thread 'security::policy::tests::checklist_workspace_only_blocks_all_absolute' (16332) panicked at src\security\policy.rs:1345:9:
assertion failed: !p.is_path_allowed("/any/absolute/path")

---- runtime::traits::tests::build_shell_command_executes stdout ----

thread 'runtime::traits::tests::build_shell_command_executes' (30472) panicked at src\runtime\traits.rs:97:41:
called `Result::unwrap()` on an `Err` value: Error { kind: NotFound, message: "program not found" }

---- tools::screenshot::tests::screenshot_command_contains_output_path stdout ----

thread 'tools::screenshot::tests::screenshot_command_contains_output_path' (32072) panicked at src\tools\screenshot.rs:316:80:
called `Option::unwrap()` on a `None` value

---- tools::shell::tests::shell_does_not_leak_api_key stdout ----

thread 'tools::shell::tests::shell_does_not_leak_api_key' (20644) panicked at src\tools\shell.rs:300:9:
assertion failed: result.success

---- tools::shell::tests::shell_requires_approval_for_medium_risk_command stdout ----

thread 'tools::shell::tests::shell_requires_approval_for_medium_risk_command' (11420) panicked at src\tools\shell.rs:364:9:
assertion failed: allowed.success

---- tools::shell::tests::shell_executes_allowed_command stdout ----

thread 'tools::shell::tests::shell_executes_allowed_command' (5092) panicked at src\tools\shell.rs:213:9:
assertion failed: result.success

---- tunnel::custom::tests::start_with_pattern_extracts_url stdout ----

thread 'tunnel::custom::tests::start_with_pattern_extracts_url' (28996) panicked at src\tunnel\custom.rs:185:57:
called `Result::unwrap()` on an `Err` value: program not found

---- tools::shell::tests::shell_preserves_path_and_home stdout ----

thread 'tools::shell::tests::shell_preserves_path_and_home' (18680) panicked at src\tools\shell.rs:319:9:
assertion failed: result.success

---- tunnel::custom::tests::start_replaces_host_and_port_placeholders stdout ----

thread 'tunnel::custom::tests::start_replaces_host_and_port_placeholders' (29156) panicked at src\tunnel\custom.rs:204:56:
called `Result::unwrap()` on an `Err` value: program not found

---- tunnel::custom::tests::start_without_pattern_returns_local_url stdout ----

thread 'tunnel::custom::tests::start_without_pattern_returns_local_url' (14140) panicked at src\tunnel\custom.rs:167:57:
called `Result::unwrap()` on an `Err` value: program not found

---- tunnel::tests::kill_shared_terminates_and_clears_child stdout ----

thread 'tunnel::tests::kill_shared_terminates_and_clears_child' (31232) panicked at src\tunnel\mod.rs:336:14:
sleep should spawn for lifecycle test: Error { kind: NotFound, message: "program not found" }

---- tools::cron_run::tests::force_runs_job_and_records_history stdout ----

thread 'tools::cron_run::tests::force_runs_job_and_records_history' (24844) panicked at src\tools\cron_run.rs:128:9:
Some("cron job execution failed")


failures:
    config::schema::tests::persist_active_workspace_marker_is_cleared_for_default_config_dir
    cron::scheduler::tests::execute_job_with_retry_exhausts_attempts
    cron::scheduler::tests::execute_job_with_retry_recovers_after_first_failure
    cron::scheduler::tests::run_job_command_failure
    cron::scheduler::tests::run_job_command_success
    cron::scheduler::tests::run_job_command_times_out
    runtime::traits::tests::build_shell_command_executes
    security::policy::tests::checklist_root_path_blocked
    security::policy::tests::checklist_workspace_only_blocks_all_absolute
    tools::cron_run::tests::force_runs_job_and_records_history
    tools::screenshot::tests::screenshot_command_contains_output_path
    tools::shell::tests::shell_does_not_leak_api_key
    tools::shell::tests::shell_executes_allowed_command
    tools::shell::tests::shell_preserves_path_and_home
    tools::shell::tests::shell_requires_approval_for_medium_risk_command
    tunnel::custom::tests::start_replaces_host_and_port_placeholders
    tunnel::custom::tests::start_with_pattern_extracts_url
    tunnel::custom::tests::start_without_pattern_returns_local_url
    tunnel::tests::kill_shared_terminates_and_clears_child

test result: FAILED. 2096 passed; 19 failed; 0 ignored; 0 measured; 0 filtered out; finished in 4.95s

error: test failed, to rerun pass `-p zeroclaw --lib`
     Running unittests src\main.rs 
(target\debug\deps\zeroclaw-aa32efb6c3523534.exe)

running 2115 tests
test agent::classifier::tests::pattern_match_case_sensitive ... ok
test agent::classifier::tests::length_constraints ... ok
test agent::classifier::tests::priority_ordering ... ok
test agent::classifier::tests::no_match_returns_none ... ok
test agent::classifier::tests::disabled_returns_none ... ok
test agent::classifier::tests::empty_rules_returns_none ... ok
test agent::classifier::tests::keyword_match_case_insensitive ... ok
test agent::loop_::tests::apply_compaction_summary_replaces_old_segment ... ok
test agent::loop_::tests::autosave_memory_key_has_prefix_and_uniqueness ... ok
test agent::dispatcher::tests::xml_dispatcher_parses_tool_calls ... ok
test agent::dispatcher::tests::native_dispatcher_roundtrip ... ok
test agent::dispatcher::tests::xml_format_results_contains_tool_result_tags ... ok
test agent::loop_::tests::build_compaction_transcript_formats_roles ... ok
test agent::loop_::tests::extract_json_values_handles_multiple_objects ... ok
test agent::loop_::tests::build_tool_instructions_includes_all_tools ... ok
test agent::loop_::tests::constants_bounds_are_compile_time_checked ... ok
test agent::loop_::tests::parse_arguments_value_handles_none ... ok
test agent::dispatcher::tests::native_format_results_keeps_tool_call_id ... ok
test agent::agent::tests::turn_with_native_dispatcher_handles_tool_results_variant ... ok
test agent::loop_::tests::parse_arguments_value_handles_invalid_json_string ... ok
test agent::loop_::tests::extract_json_values_handles_whitespace_only ... ok
test agent::loop_::tests::parse_glm_style_multiple_calls ... ok
test agent::loop_::tests::parse_glm_style_rejects_non_http_url_param ... ok
test agent::loop_::tests::parse_glm_style_shell_command ... ok
test agent::loop_::tests::parse_glm_style_plain_url ... ok
test agent::loop_::tests::extract_json_values_handles_arrays ... ok
test agent::loop_::tests::extract_json_values_handles_empty_string ... ok
test agent::loop_::tests::parse_tool_calls_extracts_single_call ... ok
test agent::loop_::tests::parse_tool_calls_from_json_value_handles_empty_array ... ok
test agent::loop_::tests::parse_tool_calls_from_json_value_handles_missing_tool_calls ... ok
test agent::loop_::tests::parse_tool_calls_from_json_value_handles_top_level_array ... ok
test agent::loop_::tests::parse_arguments_value_handles_null ... ok
test agent::loop_::tests::parse_tool_calls_handles_markdown_json_inside_tool_call_tag ... ok
test agent::loop_::tests::parse_glm_style_json_args ... ok
test agent::loop_::tests::parse_glm_style_browser_open_url ... ok
test agent::loop_::tests::parse_glm_style_http_request ... ok
test agent::loop_::tests::parse_tool_call_value_handles_missing_name_field ... ok
test agent::agent::tests::turn_without_tools_returns_text ... ok
test agent::loop_::tests::parse_tool_calls_extracts_multiple_calls ... ok
test agent::loop_::tests::parse_tool_call_value_handles_top_level_name ... ok
test agent::loop_::tests::parse_tool_calls_handles_invoke_tag_alias ... ok
test agent::loop_::tests::parse_tool_calls_handles_empty_string_arguments ... ok
test agent::loop_::tests::parse_tool_calls_handles_noisy_tool_call_tag_body ... ok
test agent::loop_::tests::parse_tool_calls_handles_openai_format ... ok
test agent::loop_::tests::parse_tool_calls_handles_openai_format_multiple_calls ... ok
test agent::loop_::tests::parse_tool_calls_handles_tool_dash_call_tag_alias ... ok
test agent::loop_::tests::parse_tool_calls_handles_toolcall_tag_alias ... ok
test agent::loop_::tests::parse_tool_calls_handles_unclosed_tool_call_tag ... ok
test agent::loop_::tests::parse_tool_calls_handles_whitespace_only_name ... ok
test agent::loop_::tests::parse_tool_calls_text_before_and_after ... ok
test agent::loop_::tests::parse_tool_calls_recovers_cross_alias_closing_tags ... ok
test agent::loop_::tests::parse_tool_calls_openai_format_without_content ... ok
test agent::loop_::tests::parse_tool_calls_rejects_raw_tool_json_without_tags ... ok
test agent::loop_::tests::parse_tool_calls_handles_empty_tool_result ... ok
test agent::loop_::tests::parse_tool_calls_returns_text_only_when_no_calls ... ok
test agent::loop_::tests::parse_tool_calls_handles_empty_tool_calls_array ... ok
test agent::loop_::tests::parse_tool_calls_handles_malformed_json ... ok
test agent::loop_::tests::parse_glm_style_tool_call_integration ... ok
test agent::loop_::tests::parse_tool_calls_recovers_mismatched_close_tag ... ok
test agent::loop_::tests::parse_tool_calls_handles_markdown_tool_call_hybrid_close_tag ... ok
test agent::loop_::tests::parse_tool_calls_handles_markdown_tool_call_fence ... ok
test agent::loop_::tests::parse_tool_calls_recovers_unclosed_tool_call_with_json ... ok
test agent::loop_::tests::parse_tool_calls_handles_markdown_invoke_fence ... ok
test agent::loop_::tests::trim_history_with_no_system_prompt ... ok
test agent::loop_::tests::trim_history_preserves_system_prompt ... ok
test agent::loop_::tests::trim_history_with_only_system_prompt ... ok
test agent::loop_::tests::trim_history_noop_when_within_limit ... ok
test agent::loop_::tests::trim_history_preserves_role_ordering ... ok
test agent::loop_::tests::tools_to_openai_format_produces_valid_schema ... ok
test agent::memory_loader::tests::default_loader_formats_context ... ok
test agent::tests::native_dispatcher_returns_empty_instructions ... ok
test agent::tests::conversation_message_serialization_roundtrip ... ok
test agent::tests::builder_fails_without_provider ... ok
test agent::prompt::tests::prompt_builder_assembles_sections ... ok
test agent::tests::native_dispatcher_converts_tool_results_to_tool_messages ... ok
test agent::tests::native_dispatcher_handles_stringified_arguments ... ok
test agent::tests::native_format_results_maps_tool_call_ids ... ok
test agent::tests::history_trims_after_max_messages ... ok
test agent::tests::history_contains_all_expected_entries_after_tool_loop ... ok
test agent::loop_::tests::test_scrub_credentials_json ... ok
test agent::loop_::tests::test_scrub_credentials ... ok
test agent::tests::clear_history_resets_conversation ... ok
test agent::tests::multi_turn_maintains_growing_history ... ok
test agent::tests::run_single_delegates_to_turn ... ok
test agent::tests::turn_handles_empty_text_response ... ok
test agent::tests::native_dispatcher_sends_tool_specs ... ok
test agent::loop_::tests::autosave_memory_keys_preserve_multiple_turns ... ok
test agent::tests::xml_dispatcher_converts_history_to_provider_messages ... ok
test agent::tests::system_prompt_not_duplicated_on_second_turn ... ok
test agent::tests::turn_executes_single_tool_then_returns ... ok
test agent::tests::turn_bails_out_at_max_iterations ... ok
test agent::tests::xml_dispatcher_does_not_send_tool_specs ... ok
test agent::tests::xml_dispatcher_generates_tool_instructions ... ok
test agent::tests::xml_dispatcher_handles_empty_tool_call_tag ... ok
test agent::tests::xml_dispatcher_handles_nested_json ... ok
test agent::tests::xml_dispatcher_handles_unclosed_tool_call ... ok
test agent::tests::turn_handles_none_text_response ... ok
test agent::tests::xml_format_results_includes_status_and_output ... ok
test agent::tests::system_prompt_injected_on_first_turn ... ok
test agent::tests::turn_handles_multiple_tools_in_one_response ... ok
test approval::tests::always_ask_overrides_session_allowlist ... ok
test approval::tests::always_response_adds_to_session_allowlist ... ok
test approval::tests::approval_request_serde ... ok
test approval::tests::approval_response_serde_roundtrip ... ok
test approval::tests::audit_log_contains_timestamp_and_channel ... ok
test approval::tests::always_ask_tools_always_prompt ... ok
test approval::tests::audit_log_records_decisions ... ok
test approval::tests::auto_approve_tools_skip_prompt ... ok
test approval::tests::summarize_args_non_object ... ok
test approval::tests::full_autonomy_never_prompts ... ok
test approval::tests::summarize_args_object ... ok
test approval::tests::readonly_never_prompts ... ok
test approval::tests::summarize_args_unicode_safe_truncation ... ok
test approval::tests::summarize_args_truncates_long_values ... ok
test auth::anthropic_token::tests::detect_prefers_override ... ok
test auth::anthropic_token::tests::detect_jwt_like_as_authorization ... ok
test auth::anthropic_token::tests::detect_default_for_api_prefix ... ok
test auth::anthropic_token::tests::parse_kind_from_metadata ... ok
test approval::tests::unknown_tool_needs_approval_in_supervised ... ok
test approval::tests::yes_response_does_not_add_to_allowlist ... ok
test agent::tests::turn_handles_multi_step_tool_chain ... ok
test auth::openai_oauth::tests::extract_account_id_from_jwt_payload ... ok
test agent::tests::turn_preserves_text_alongside_tool_calls ... ok
test auth::openai_oauth::tests::parse_redirect_accepts_raw_code ... ok
test agent::tests::turn_propagates_provider_error ... ok
test auth::openai_oauth::tests::parse_redirect_rejects_state_mismatch ... ok
test auth::openai_oauth::tests::parse_redirect_rejects_error_without_code ... ok
test auth::openai_oauth::tests::parse_redirect_url_extracts_code ... ok
test agent::tests::turn_recovers_from_tool_error ... ok
test auth::profiles::tests::profile_id_format ... ok
test agent::tests::turn_handles_unknown_tool_gracefully ... ok
test auth::profiles::tests::token_expiry_math ... ok
test auth::openai_oauth::tests::pkce_generation_is_valid ... ok
test auth::tests::normalize_provider_aliases ... ok
test agent::tests::turn_returns_text_when_no_tools_called ... ok
test channels::cli::tests::channel_message_clone ... ok
test auth::tests::select_profile_prefers_override_then_active_then_default ... ok
test channels::cli::tests::channel_message_struct ... ok
test channels::cli::tests::cli_channel_name ... ok
test channels::cli::tests::cli_channel_health_check ... ok
test channels::cli::tests::cli_channel_send_does_not_panic ... ok
test channels::cli::tests::cli_channel_send_empty_message ... ok
test channels::dingtalk::tests::parse_stream_data_supports_string_payload ... ok
test channels::dingtalk::tests::parse_stream_data_supports_object_payload ... ok
test channels::dingtalk::tests::resolve_chat_id_handles_numeric_group_conversation_type ... ok
test channels::dingtalk::tests::test_name ... ok
test channels::dingtalk::tests::test_user_allowed_specific ... ok
test channels::dingtalk::tests::test_user_allowed_wildcard ... ok
test channels::dingtalk::tests::test_user_denied_empty ... ok
test channels::dingtalk::tests::test_config_serde_defaults ... ok
test channels::discord::tests::allowlist_case_sensitive ... ok
test channels::dingtalk::tests::test_config_serde ... ok
test channels::discord::tests::allowlist_empty_string_user_id ... ok
test channels::discord::tests::allowlist_is_exact_match_not_substring ... ok
test channels::discord::tests::allowlist_with_wildcard_and_specific ... ok
test agent::tests::turn_recovers_from_tool_failure ... ok
test agent::tests::xml_dispatcher_parses_and_loops ... ok
test channels::discord::tests::base64_decode_invalid_chars ... ok
test channels::discord::tests::base64_decode_empty_string ... ok
test channels::discord::tests::bot_user_id_from_empty_token ... ok
test channels::discord::tests::bot_user_id_extraction ... ok
test channels::discord::tests::base64_decode_bot_id ... ok
test channels::discord::tests::discord_message_id_format_includes_discord_prefix ... ok
test channels::discord::tests::discord_message_id_is_deterministic ... ok
test channels::discord::tests::discord_message_id_uses_snowflake_id ... ok
test channels::discord::tests::empty_allowlist_denies_everyone ... ok
test channels::discord::tests::split_empty_message ... ok
test channels::discord::tests::split_message_exactly_2000_chars ... ok
test channels::discord::tests::split_message_just_over_limit ... ok
test channels::discord::tests::split_chunks_always_within_discord_limit ... ok
test channels::discord::tests::contains_bot_mention_supports_plain_and_nick_forms ... ok
test channels::discord::tests::discord_channel_name ... ok
test channels::discord::tests::discord_message_id_different_message_different_id ... ok
test channels::discord::tests::discord_message_id_fallback_to_uuid_on_empty ... ok
test channels::discord::tests::normalize_incoming_content_requires_mention_when_enabled ... ok
test channels::discord::tests::specific_allowlist_filters ... ok
test channels::discord::tests::split_multiple_breaks ... ok
test channels::discord::tests::split_message_with_multiple_newlines ... ok
test channels::discord::tests::normalize_incoming_content_rejects_empty_after_strip ... ok
test channels::discord::tests::split_newline_too_close_to_end ... ok
test channels::discord::tests::normalize_incoming_content_strips_mentions_and_trims ... ok
test channels::discord::tests::split_multibyte_only_content_without_panics ... ok
test channels::discord::tests::split_short_message_under_limit ... ok
test channels::discord::tests::split_prefer_space_break ... ok
test channels::discord::tests::split_preserves_content ... ok
test channels::discord::tests::typing_handle_starts_as_none ... ok
test channels::discord::tests::split_prefer_newline_break ... ok
test channels::discord::tests::stop_typing_is_idempotent ... ok
test channels::discord::tests::split_unicode_content ... ok
test channels::discord::tests::split_without_good_break_points_hard_split ... ok
test channels::discord::tests::stop_typing_clears_handle ... ok
test channels::discord::tests::start_typing_replaces_existing_task ... ok
test channels::discord::tests::wildcard_allows_everyone ... ok
test channels::email_channel::tests::default_imap_folder_returns_inbox ... ok
test channels::email_channel::tests::default_smtp_port_uses_tls_port ... ok
test channels::discord::tests::start_typing_sets_handle ... ok
test channels::email_channel::tests::default_smtp_port_returns_465 ... ok
test channels::email_channel::tests::default_idle_timeout_is_29_minutes ... ok
test channels::email_channel::tests::default_imap_port_returns_993 ... ok
test channels::email_channel::tests::default_true_returns_true ... ok
test channels::email_channel::tests::email_channel_name ... ok
test channels::email_channel::tests::email_config_default_uses_tls_smtp_defaults ... ok
test channels::email_channel::tests::email_config_default ... ok
test channels::email_channel::tests::email_config_deserialize_with_defaults ... ok
test channels::email_channel::tests::email_config_serialize_deserialize ... ok
test channels::email_channel::tests::is_sender_allowed_domain_without_at_prefix ... ok
test channels::email_channel::tests::is_sender_allowed_empty_list_denies_all ... ok
test agent::tests::auto_save_stores_messages_in_memory ... ok
test channels::email_channel::tests::is_sender_allowed_domain_with_at_prefix ... ok
test channels::email_channel::tests::email_config_clone ... ok
test channels::discord::tests::split_very_long_message ... ok
test channels::email_channel::tests::email_channel_new ... ok
test channels::email_channel::tests::email_config_custom ... ok
test channels::email_channel::tests::is_sender_allowed_empty_sender ... ok
test channels::email_channel::tests::email_config_debug_output ... ok
test channels::email_channel::tests::idle_timeout_deserializes_explicit_value ... ok
test channels::email_channel::tests::idle_timeout_propagates_to_channel ... ok
test channels::email_channel::tests::is_sender_allowed_case_insensitive ... ok
test channels::email_channel::tests::idle_timeout_deserializes_legacy_poll_interval_alias ... ok
test channels::email_channel::tests::is_sender_allowed_multiple_senders ... ok
test agent::tests::auto_save_disabled_does_not_store ... ok
test channels::email_channel::tests::is_sender_allowed_specific_email ... ok
test channels::email_channel::tests::is_sender_allowed_wildcard_allows_all ... ok
test channels::email_channel::tests::strip_html_attributes_preserved ... ok
test channels::email_channel::tests::strip_html_basic ... ok
test channels::email_channel::tests::strip_html_self_closing_tags ... ok
test channels::email_channel::tests::strip_html_special_characters ... ok
test channels::email_channel::tests::seen_messages_tracks_unique_ids ... ok
test channels::imessage::tests::contact_case_insensitive ... ok
test channels::email_channel::tests::is_sender_allowed_wildcard_with_specific ... ok
test channels::email_channel::tests::strip_html_multiple_lines ... ok
test channels::email_channel::tests::strip_html_multiple_spaces_collapsed ... ok
test channels::email_channel::tests::strip_html_nested_tags ... ok
test channels::email_channel::tests::strip_html_preserves_text ... ok
test channels::imessage::tests::escape_applescript_injection_attempt ... ok
test channels::imessage::tests::contact_with_spaces_exact_match ... ok
test channels::imessage::tests::empty_allowlist_denies_all ... ok
test channels::imessage::tests::creates_with_empty_contacts ... ok
test channels::email_channel::tests::seen_messages_starts_empty ... ok
test channels::imessage::tests::creates_with_contacts ... ok
test channels::imessage::tests::escape_applescript_double_quotes ... ok
test channels::email_channel::tests::strip_html_handles_malformed ... ok
test channels::imessage::tests::escape_applescript_backslashes ... ok
test channels::imessage::tests::escape_applescript_mixed ... ok
test channels::imessage::tests::escape_applescript_no_special_chars ... ok
test channels::imessage::tests::escape_applescript_unicode ... ok
test channels::imessage::tests::escape_applescript_newlines_escaped ... ok
test channels::imessage::tests::escape_applescript_empty_string ... ok
test channels::imessage::tests::fetch_new_messages_nonexistent_database ... ok
test channels::imessage::tests::get_max_rowid_nonexistent_database ... ok
test auth::profiles::tests::atomic_write_replaces_file ... ok
test channels::imessage::tests::invalid_target_applescript_injection ... ok
test channels::imessage::tests::invalid_target_email_no_at ... ok
test channels::imessage::tests::invalid_target_email_no_domain ... ok
test channels::imessage::tests::invalid_target_email_no_dot_in_domain ... ok
test channels::imessage::tests::invalid_target_email_no_local ... ok
test channels::imessage::tests::invalid_target_empty ... ok
test channels::imessage::tests::invalid_target_injection_attempt ... ok
test channels::imessage::tests::invalid_target_newline ... ok
test channels::imessage::tests::invalid_target_no_plus_prefix ... ok
test channels::imessage::tests::get_max_rowid_empty_database ... ok
test channels::imessage::tests::invalid_target_null_byte ... ok
test channels::imessage::tests::invalid_target_special_chars ... ok
test channels::imessage::tests::invalid_target_too_short_phone ... ok
test channels::imessage::tests::invalid_target_too_long_phone ... ok
test channels::imessage::tests::specific_contact_allowed ... ok
test channels::imessage::tests::fetch_new_messages_empty_database ... ok
test channels::imessage::tests::name_returns_imessage ... ok
test channels::imessage::tests::target_with_leading_trailing_whitespace_trimmed ... ok
test channels::imessage::tests::fetch_new_messages_large_rowid_edge_case ... ok
test channels::imessage::tests::valid_email_icloud ... ok
test channels::imessage::tests::fetch_new_messages_excludes_null_text ... ok
test channels::imessage::tests::valid_email_simple ... ok
test channels::imessage::tests::valid_email_with_dots ... ok
test channels::imessage::tests::unknown_contact_denied ... ok
test channels::imessage::tests::valid_email_with_plus ... ok
test channels::imessage::tests::valid_email_with_subdomain ... ok
test channels::imessage::tests::valid_phone_number_international ... ok
test channels::imessage::tests::fetch_new_messages_negative_rowid_edge_case ... ok
test channels::imessage::tests::valid_phone_number_with_country_code ... ok
test channels::imessage::tests::valid_phone_number_simple ... ok
test channels::imessage::tests::wildcard_allows_anyone ... ok
test channels::imessage::tests::wildcard_among_others_still_allows_all ... ok
test channels::irc::tests::allowlist_case_insensitive ... ok
test channels::irc::tests::empty_allowlist_denies_all ... ok
test channels::irc::tests::irc_config_default_port ... ok
test channels::imessage::tests::fetch_new_messages_filters_by_rowid ... ok
test channels::irc::tests::new_defaults_username_to_nickname ... ok
test channels::irc::tests::new_stores_all_fields ... ok
test channels::irc::tests::irc_config_minimal_toml ... ok
test channels::imessage::tests::valid_phone_number_with_dashes ... ok
test channels::irc::tests::new_uses_explicit_username ... ok
test channels::irc::tests::nick_extraction_full_prefix ... ok
test channels::imessage::tests::fetch_new_messages_handles_unicode ... ok
test channels::imessage::tests::valid_phone_number_with_spaces ... ok
test channels::irc::tests::nick_extraction_nick_only ... ok
test channels::irc::tests::nick_extraction_no_prefix ... ok
test channels::irc::tests::name_returns_irc ... ok
test channels::irc::tests::parse_authenticate_plus ... ok
test channels::irc::tests::parse_cap_ack ... ok
test channels::irc::tests::parse_command_uppercase ... ok
test channels::irc::tests::irc_config_serde_roundtrip ... ok
test channels::irc::tests::parse_empty_line_returns_none ... ok
test channels::imessage::tests::fetch_new_messages_handles_special_characters ... ok
test channels::irc::tests::parse_no_trailing ... ok
test channels::irc::tests::parse_numeric_reply ... ok
test channels::irc::tests::parse_strips_crlf ... ok
test channels::irc::tests::parse_ping ... ok
test channels::irc::tests::parse_privmsg_with_prefix ... ok
test channels::irc::tests::parse_privmsg_dm ... ok
test channels::irc::tests::sasl_plain_encode ... ok
test auth::profiles::tests::store_roundtrip_with_encryption ... ok
test channels::irc::tests::specific_user_allowed ... ok
test channels::irc::tests::split_crlf_newlines ... ok
test channels::irc::tests::sasl_plain_empty_password ... ok
test channels::irc::tests::split_long_message ... ok
test channels::irc::tests::split_newlines_into_separate_lines ... ok
test channels::irc::tests::split_only_newlines ... ok
test channels::irc::tests::split_multiline_with_long_line ... ok
test channels::imessage::tests::fetch_new_messages_excludes_sent_messages ... ok
test channels::irc::tests::split_exact_boundary ... ok
test channels::irc::tests::split_empty_message ... ok
test channels::irc::tests::split_skips_empty_lines ... ok
test channels::irc::tests::split_trailing_newline ... ok
test channels::irc::tests::split_unicode_safe ... ok
test channels::irc::tests::split_short_message ... ok
test channels::irc::tests::wildcard_allows_anyone ... ok
test channels::lark::tests::lark_channel_name ... ok
test channels::lark::tests::lark_config_defaults_optional_fields ... ok
test channels::lark::tests::lark_config_serde ... ok
test channels::lark::tests::lark_from_config_preserves_mode_and_region ... ok
test channels::lark::tests::lark_parse_empty_text_skipped ... ok
test channels::lark::tests::lark_parse_challenge ... ok
test channels::imessage::tests::fetch_new_messages_ordered_by_rowid_asc ... ok
test channels::lark::tests::lark_config_toml_roundtrip ... ok
test channels::lark::tests::lark_parse_fallback_sender_to_open_id ... ok
test channels::lark::tests::lark_parse_missing_event ... ok
test channels::lark::tests::lark_parse_non_text_message_skipped ... ok
test channels::lark::tests::lark_parse_unauthorized_user ... ok
test channels::imessage::tests::fetch_new_messages_handles_empty_text ... ok
test channels::lark::tests::lark_parse_invalid_content_json ... ok
test channels::lark::tests::lark_parse_missing_sender ... ok
test channels::lark::tests::lark_parse_unicode_message ... ok
test channels::lark::tests::lark_parse_valid_text_message ... ok
test channels::lark::tests::lark_user_allowed_exact ... ok
test channels::lark::tests::lark_user_denied_empty ... ok
test channels::lark::tests::lark_parse_wrong_event_type ... ok
test channels::matrix::tests::creates_with_correct_fields ... ok
test channels::lark::tests::lark_user_allowed_wildcard ... ok
test channels::matrix::tests::empty_allowlist_denies_all ... ok
test channels::matrix::tests::multiple_trailing_slashes_strips_one ... ok
test channels::matrix::tests::event_content_defaults ... ok
test channels::matrix::tests::name_returns_matrix ... ok
test channels::matrix::tests::no_trailing_slash_unchanged ... ok
test channels::matrix::tests::specific_user_allowed ... ok
test channels::matrix::tests::strips_trailing_slash ... ok
test channels::matrix::tests::sync_response_deserializes_empty ... ok
test channels::matrix::tests::sync_response_deserializes_with_events ... ok
test channels::imessage::tests::fetch_new_messages_returns_correct_data ... ok
test channels::matrix::tests::sync_response_missing_rooms_defaults ... ok
test channels::matrix::tests::sync_response_ignores_non_text_events ... ok
test channels::matrix::tests::unknown_user_denied ... ok
test channels::matrix::tests::user_case_insensitive ... ok
test channels::matrix::tests::whoami_response_deserializes ... ok
test channels::matrix::tests::wildcard_allows_anyone ... ok
test channels::mattermost::tests::contains_mention_text_alone ... ok
test channels::mattermost::tests::contains_mention_text_at_end ... ok
test channels::mattermost::tests::contains_mention_text_at_start ... ok
test channels::mattermost::tests::mattermost_allowlist_wildcard ... ok
test channels::mattermost::tests::mattermost_existing_thread_always_threads ... ok
test channels::mattermost::tests::mattermost_parse_post_basic ... ok
test channels::imessage::tests::get_max_rowid_with_messages ... ok
test channels::mattermost::tests::mattermost_parse_post_ignore_old ... ok
test channels::mattermost::tests::mattermost_parse_post_ignore_self ... ok
test channels::mattermost::tests::mattermost_parse_post_no_thread_when_disabled ... ok
test channels::mattermost::tests::mattermost_parse_post_thread ... ok
test channels::mattermost::tests::mattermost_parse_post_thread_replies_enabled ... ok
test channels::mattermost::tests::mattermost_url_trimming ... ok
test channels::mattermost::tests::mention_detects_later_valid_mention_after_partial_prefix ... ok
test channels::mattermost::tests::mention_followed_by_punctuation ... ok
test channels::mattermost::tests::mention_only_accepts_message_with_at_mention ... ok
test channels::mattermost::tests::mention_only_case_insensitive ... ok
test channels::mattermost::tests::mention_only_detects_metadata_mentions ... ok
test channels::mattermost::tests::mention_only_disabled_passes_all_messages ... ok
test channels::mattermost::tests::mention_only_mention_in_middle_of_text ... ok
test channels::mattermost::tests::mention_only_rejects_empty_after_stripping ... ok
test channels::mattermost::tests::mention_only_skips_message_without_mention ... ok
test channels::mattermost::tests::mention_only_strips_mention_and_trims ... ok
test channels::mattermost::tests::mention_only_word_boundary_prevents_partial_match ... ok
test channels::mattermost::tests::mention_via_metadata_only ... ok
test channels::mattermost::tests::no_mention_different_username ... ok
test channels::mattermost::tests::no_mention_empty_username_no_metadata ... ok
test channels::mattermost::tests::no_mention_partial_username ... ok
test channels::mattermost::tests::normalize_keeps_partial_username_mentions ... ok
test channels::mattermost::tests::normalize_preserves_text_for_metadata_mention ... ok
test channels::mattermost::tests::normalize_returns_none_for_no_mention ... ok
test channels::mattermost::tests::normalize_returns_none_when_only_mention ... ok
test channels::mattermost::tests::normalize_strips_and_trims ... ok
test channels::mattermost::tests::normalize_strips_multiple_mentions ... ok
test channels::qq::tests::test_config_serde ... ok
test channels::qq::tests::test_name ... ok
test channels::qq::tests::test_user_allowed_specific ... ok
test channels::qq::tests::test_dedup ... ok
test channels::qq::tests::test_dedup_empty_id ... ok
test channels::qq::tests::test_user_denied_empty ... ok
test channels::qq::tests::test_user_allowed_wildcard ... ok
test channels::signal::tests::creates_with_correct_fields ... ok
test channels::signal::tests::empty_allowlist_denies_all ... ok
test channels::signal::tests::envelope_defaults ... ok
test channels::signal::tests::matches_group_dm_keyword ... ok
test channels::signal::tests::matches_group_filters_group ... ok
test channels::signal::tests::matches_group_no_group_id_accepts_all ... ok
test channels::signal::tests::name_returns_signal ... ok
test channels::signal::tests::parse_recipient_target_e164_is_direct ... ok
test channels::signal::tests::parse_recipient_target_non_e164_plus_is_group ... ok
test channels::signal::tests::parse_recipient_target_prefixed_group_is_group ... ok
test channels::signal::tests::process_envelope_denied_sender ... ok
test channels::signal::tests::process_envelope_empty_message ... ok
test channels::signal::tests::process_envelope_no_data_message ... ok
test channels::signal::tests::process_envelope_skips_attachment_only ... ok
test channels::signal::tests::process_envelope_skips_stories ... ok
test channels::signal::tests::process_envelope_valid_dm ... ok
test channels::signal::tests::reply_target_dm ... ok
test channels::signal::tests::reply_target_group ... ok
test channels::signal::tests::sender_falls_back_to_source ... ok
test channels::signal::tests::sender_none_when_both_missing ... ok
test channels::signal::tests::sender_prefers_source_number ... ok
test channels::signal::tests::specific_sender_allowed ... ok
test channels::signal::tests::sse_envelope_deserializes_group ... ok
test channels::signal::tests::sse_envelope_deserializes ... ok
test channels::signal::tests::strips_trailing_slash ... ok
test channels::signal::tests::unknown_sender_denied ... ok
test channels::signal::tests::wildcard_allows_anyone ... ok
test channels::slack::tests::allowlist_case_sensitive ... ok
test channels::slack::tests::allowlist_empty_user_id ... ok
test channels::slack::tests::allowlist_exact_match_not_substring ... ok
test channels::slack::tests::allowlist_wildcard_and_specific ... ok
test channels::slack::tests::empty_allowlist_denies_everyone ... ok
test channels::slack::tests::slack_channel_name ... ok
test channels::slack::tests::slack_channel_with_channel_id ... ok
test channels::slack::tests::slack_message_id_different_channel_different_id ... ok
test channels::slack::tests::slack_message_id_different_ts_different_id ... ok
test channels::slack::tests::slack_message_id_format_includes_channel_and_ts ... ok
test channels::slack::tests::slack_message_id_is_deterministic ... ok
test channels::slack::tests::slack_message_id_no_uuid_randomness ... ok
test channels::slack::tests::specific_allowlist_filters ... ok
test channels::slack::tests::wildcard_allows_everyone ... ok
test channels::telegram::tests::parse_attachment_markers_keeps_invalid_markers_in_text ... ok
test channels::telegram::tests::parse_attachment_markers_extracts_multiple_types ... ok
test channels::telegram::tests::infer_attachment_kind_from_target_detects_document_extension ... ok
test channels::telegram::tests::parse_path_only_attachment_rejects_sentence_text ... ok
test channels::telegram::tests::parse_update_message_allows_numeric_id_without_username ... ok
test channels::telegram::tests::parse_update_message_extracts_thread_id_for_forum_topic ... ok
test channels::telegram::tests::parse_update_message_mention_only_group_requires_exact_mention ... ok
test channels::telegram::tests::parse_update_message_mention_only_group_strips_mention_and_drops_empty ... ok
test channels::telegram::tests::parse_update_message_uses_chat_id_as_reply_target ... ok
test channels::telegram::tests::send_draft_returns_none_when_stream_mode_off ... ok
test channels::telegram::tests::strip_tool_call_tags_cleans_extra_newlines ... ok
test channels::telegram::tests::strip_tool_call_tags_handles_empty_input ... ok
test channels::telegram::tests::strip_tool_call_tags_handles_mismatched_close_tag ... ok
test channels::telegram::tests::start_typing_replaces_previous_handle ... ok
test channels::telegram::tests::stop_typing_clears_handle ... ok
test channels::telegram::tests::strip_tool_call_tags_handles_mixed_tags ... ok
test channels::telegram::tests::strip_tool_call_tags_handles_multiple_tags ... ok
test channels::telegram::tests::strip_tool_call_tags_handles_only_tags ... ok
test channels::telegram::tests::strip_tool_call_tags_handles_unclosed_tags ... ok
test channels::telegram::tests::strip_tool_call_tags_handles_unclosed_tool_call_with_json ... ok
test channels::telegram::tests::strip_tool_call_tags_preserves_normal_text ... ok
test channels::telegram::tests::strip_tool_call_tags_removes_alias_tags ... ok
test channels::telegram::tests::strip_tool_call_tags_removes_dash_tags ... ok
test channels::telegram::tests::strip_tool_call_tags_removes_standard_tags ... ok
test channels::telegram::tests::strip_tool_call_tags_removes_invoke_tags ... ok
test channels::telegram::tests::strip_tool_call_tags_removes_tool_call_tags ... ok
test channels::telegram::tests::parse_path_only_attachment_detects_existing_file ... ok
test channels::telegram::tests::supports_draft_updates_respects_stream_mode ... ok
test channels::telegram::tests::telegram_api_url_send_audio ... ok
test channels::telegram::tests::telegram_api_url ... ok
test channels::telegram::tests::telegram_api_url_send_document ... ok
test channels::telegram::tests::telegram_api_url_send_photo ... ok
test channels::telegram::tests::telegram_api_url_send_video ... ok
test channels::telegram::tests::telegram_api_url_send_voice ... ok
test channels::telegram::tests::telegram_contains_bot_mention_finds_mention ... ok
test channels::telegram::tests::telegram_channel_name ... ok
test channels::telegram::tests::telegram_contains_bot_mention_no_false_positives ... ok
test channels::telegram::tests::telegram_extract_bind_code_plain_command ... ok
test channels::telegram::tests::telegram_extract_bind_code_rejects_invalid_forms ... ok
test channels::telegram::tests::telegram_extract_bind_code_supports_bot_mention ... ok
test channels::telegram::tests::telegram_normalize_incoming_content_handles_multiple_mentions ... ok
test channels::telegram::tests::telegram_message_id_different_chat_different_id ... ok
test channels::telegram::tests::telegram_message_id_different_message_different_id ... ok
test channels::telegram::tests::telegram_mention_only_enabled_by_config ... ok
test channels::telegram::tests::telegram_message_id_handles_zero_message_id ... ok
test channels::telegram::tests::telegram_message_id_is_deterministic ... ok
test channels::telegram::tests::telegram_message_id_no_uuid_randomness ... ok
test channels::telegram::tests::telegram_is_group_message_detects_groups ... ok
test channels::telegram::tests::telegram_normalize_incoming_content_returns_none_for_empty ... ok
test channels::telegram::tests::telegram_message_id_format_includes_chat_and_message_id ... ok
test channels::telegram::tests::telegram_normalize_incoming_content_strips_mention ... ok
test channels::telegram::tests::telegram_pairing_enabled_with_empty_allowlist ... ok
test channels::telegram::tests::telegram_pairing_disabled_with_nonempty_allowlist ... ok
test channels::telegram::tests::telegram_send_audio_nonexistent_file ... ok
test channels::telegram::tests::telegram_send_document_nonexistent_file ... ok
test channels::telegram::tests::telegram_send_photo_nonexistent_file ... ok
test channels::telegram::tests::telegram_split_at_newline ... ok
test channels::telegram::tests::telegram_split_at_word_boundary ... ok
test channels::telegram::tests::telegram_send_voice_nonexistent_file ... ok
test channels::telegram::tests::telegram_send_video_nonexistent_file ... ok
test channels::telegram::tests::telegram_split_empty_message ... ok
test channels::telegram::tests::telegram_split_exact_limit ... ok
test channels::telegram::tests::telegram_split_over_limit ... ok
test channels::telegram::tests::telegram_split_short_message ... ok
test channels::telegram::tests::telegram_split_preserves_content ... ok
test channels::telegram::tests::telegram_split_very_long_message ... ok
test channels::telegram::tests::telegram_user_allowed_by_numeric_id_identity ... ok
test channels::telegram::tests::telegram_user_allowed_specific ... ok
test channels::telegram::tests::telegram_user_allowed_wildcard ... ok
test channels::telegram::tests::telegram_user_allowed_with_at_prefix_in_config ... ok
test channels::telegram::tests::telegram_user_case_sensitive ... ok
test channels::telegram::tests::telegram_user_denied_empty ... ok
test channels::telegram::tests::telegram_user_denied_when_none_of_identities_match ... ok
test channels::telegram::tests::telegram_user_empty_string_denied ... ok
test channels::telegram::tests::telegram_user_exact_match_not_substring ... ok
test channels::telegram::tests::telegram_wildcard_with_specific_users ... ok
test channels::telegram::tests::typing_handle_starts_as_none ... ok
test channels::telegram::tests::update_draft_rate_limit_short_circuits_network ... ok
test channels::telegram::tests::update_draft_utf8_truncation_is_safe_for_multibyte_text ... ok
test channels::tests::aieos_identity_from_inline ... ok
test channels::tests::aieos_identity_from_file ... ok
test channels::tests::channel_log_truncation_is_utf8_safe_for_multibyte_text ... ok
test channels::tests::classify_health_ok_false ... ok
test channels::tests::classify_health_ok_true ... ok
test channels::tests::aieos_fallback_to_openclaw_on_parse_error ... ok
test channels::tests::conversation_memory_key_is_unique_per_message ... ok
test channels::tests::aieos_empty_uses_openclaw ... ok
test channels::tests::conversation_memory_key_uses_message_id ... ok
test channels::tests::classify_health_timeout ... ok
test channels::tests::none_identity_config_uses_openclaw ... ok
test channels::tests::autosave_keys_preserve_multiple_conversation_facts ... ok
test channels::tests::process_channel_message_executes_tool_calls_instead_of_sending_raw_json ... ok
test channels::tests::build_memory_context_includes_recalled_entries ... ok
test channels::tests::process_channel_message_handles_models_command_without_llm_call ... ok
test channels::tests::process_channel_message_executes_tool_calls_with_alias_tags ... ok
test channels::tests::process_channel_message_restores_per_sender_history_on_follow_ups ... ok
test channels::tests::process_channel_message_uses_route_override_provider_and_model ... ok
test channels::tests::openclaw_format_uses_bootstrap_files ... ok
test channels::tests::prompt_contains_all_sections ... ok
test channels::tests::prompt_contains_channel_capabilities ... ok
test channels::tests::prompt_bootstrap_only_if_exists ... ok
test channels::tests::process_channel_message_cancels_scoped_typing_task ... ok
test channels::tests::prompt_empty_files_skipped ... ok
test channels::tests::prompt_injects_safety ... ok
test channels::tests::prompt_injects_tools ... ok
test channels::tests::prompt_missing_file_markers ... ok
test channels::tests::prompt_injects_workspace_files ... ok
test channels::imessage::tests::fetch_new_messages_respects_limit ... ok
test channels::tests::prompt_runtime_metadata ... ok
test channels::tests::prompt_skills_compact_list ... ok
test channels::traits::tests::channel_message_clone_preserves_fields ... ok
test channels::traits::tests::default_draft_methods_return_success ... ok
test channels::tests::prompt_no_daily_memory_injection ... ok
test channels::traits::tests::default_trait_methods_return_success ... ok
test channels::traits::tests::listen_sends_message_to_channel ... ok
test channels::whatsapp::tests::whatsapp_channel_fields_stored_correctly ... ok
test channels::whatsapp::tests::whatsapp_channel_name ... ok
test channels::whatsapp::tests::whatsapp_empty_text_skipped ... ok
test channels::whatsapp::tests::whatsapp_number_allowed_case_sensitive ... ok
test channels::whatsapp::tests::whatsapp_number_allowed_exact ... ok
test channels::whatsapp::tests::whatsapp_number_allowed_multiple_numbers ... ok
test channels::whatsapp::tests::whatsapp_number_allowed_wildcard ... ok
test channels::whatsapp::tests::whatsapp_number_denied_empty ... ok
test channels::whatsapp::tests::whatsapp_parse_audio_message_skipped ... ok
test channels::whatsapp::tests::whatsapp_parse_changes_not_array ... ok
test channels::whatsapp::tests::whatsapp_parse_contacts_message_skipped ... ok
test channels::whatsapp::tests::whatsapp_parse_document_message_skipped ... ok
test channels::whatsapp::tests::whatsapp_parse_empty_changes_array ... ok
test channels::whatsapp::tests::whatsapp_parse_empty_entry_array ... ok
test channels::whatsapp::tests::whatsapp_parse_empty_messages_array ... ok
test channels::whatsapp::tests::whatsapp_parse_empty_payload ... ok
test channels::whatsapp::tests::whatsapp_parse_entry_not_array ... ok
test channels::whatsapp::tests::whatsapp_parse_invalid_timestamp_uses_current ... ok
test channels::whatsapp::tests::whatsapp_parse_location_message_skipped ... ok
test channels::whatsapp::tests::whatsapp_parse_messages_not_array ... ok
test channels::whatsapp::tests::whatsapp_parse_missing_changes_array ... ok
test channels::whatsapp::tests::whatsapp_parse_missing_entry_array ... ok
test channels::whatsapp::tests::whatsapp_parse_missing_from_field ... ok
test channels::whatsapp::tests::whatsapp_parse_missing_messages_array ... ok
test channels::tests::prompt_workspace_path ... ok
test channels::whatsapp::tests::whatsapp_parse_missing_text_body ... ok
test channels::whatsapp::tests::whatsapp_parse_missing_timestamp_uses_current ... ok
test channels::whatsapp::tests::whatsapp_parse_missing_value ... ok
test channels::whatsapp::tests::whatsapp_parse_mixed_authorized_unauthorized ... ok
test channels::whatsapp::tests::whatsapp_parse_multiple_changes ... ok
test channels::whatsapp::tests::whatsapp_parse_multiple_entries ... ok
test channels::whatsapp::tests::whatsapp_parse_multiple_messages ... ok
test channels::whatsapp::tests::whatsapp_parse_newlines_preserved ... ok
test channels::whatsapp::tests::whatsapp_parse_non_text_message_skipped ... ok
test channels::whatsapp::tests::whatsapp_parse_normalizes_phone_with_plus ... ok
test channels::whatsapp::tests::whatsapp_parse_null_text_body ... ok
test channels::whatsapp::tests::whatsapp_parse_phone_already_has_plus ... ok
test channels::whatsapp::tests::whatsapp_parse_reaction_message_skipped ... ok
test channels::whatsapp::tests::whatsapp_parse_special_characters ... ok
test channels::whatsapp::tests::whatsapp_parse_status_update_ignored ... ok
test channels::whatsapp::tests::whatsapp_parse_sticker_message_skipped ... ok
test channels::whatsapp::tests::whatsapp_parse_unauthorized_number ... ok
test channels::whatsapp::tests::whatsapp_parse_unicode_message ... ok
test channels::whatsapp::tests::whatsapp_parse_valid_text_message ... ok
test channels::whatsapp::tests::whatsapp_parse_very_long_message ... ok
test channels::whatsapp::tests::whatsapp_parse_video_message_skipped ... ok
test channels::whatsapp::tests::whatsapp_parse_whitespace_only_message_skipped ... ok
test channels::whatsapp::tests::whatsapp_verify_token ... ok
test config::schema::tests::agent_config_defaults ... ok
test config::schema::tests::autonomy_config_default ... ok
test config::schema::tests::agent_config_deserializes ... ok
test config::schema::tests::browser_config_backward_compat_missing_section ... ok
test config::schema::tests::browser_config_default_disabled ... ok
test config::schema::tests::channels_config_default ... ok
test config::schema::tests::channels_config_default_has_no_imessage_matrix ... ok
test config::schema::tests::channels_config_default_has_no_whatsapp ... ok
test config::schema::tests::browser_config_serde_roundtrip ... ok
test config::schema::tests::checklist_autonomy_default_is_workspace_scoped ... ok
test config::schema::tests::channels_config_with_whatsapp ... ok
test config::schema::tests::channels_config_with_imessage_and_matrix ... ok
test config::schema::tests::checklist_gateway_backward_compat_no_gateway_section ... ok
test config::schema::tests::checklist_gateway_default_blocks_public_bind ... ok
test config::schema::tests::checklist_gateway_default_no_tokens ... ok
test config::schema::tests::checklist_gateway_default_requires_pairing ... ok
test config::schema::tests::checklist_gateway_serde_roundtrip ... ok
test config::schema::tests::composio_config_backward_compat_missing_section ... ok
test config::schema::tests::composio_config_default_disabled ... ok
test config::schema::tests::composio_config_partial_toml ... ok
test config::schema::tests::composio_config_serde_roundtrip ... ok
test config::schema::tests::checklist_gateway_cli_default_host_is_localhost ... ok
test config::schema::tests::config_default_has_composio_and_secrets ... ok
test config::schema::tests::config_default_has_sane_values ... ok
test config::schema::tests::config_defaults_cron_when_section_missing ... ok
test config::schema::tests::config_minimal_toml_uses_defaults ... ok
test channels::tests::prompt_truncation ... ok
test config::schema::tests::config_toml_roundtrip ... ok
test config::schema::tests::cron_config_default ... ok
test config::schema::tests::cron_config_serde_roundtrip ... ok
test config::schema::tests::discord_config_deserializes_with_allowed_users ... ok
test config::schema::tests::discord_config_deserializes_without_allowed_users ... ok
test config::schema::tests::discord_config_optional_guild ... ok
test config::schema::tests::discord_config_serde ... ok
test config::schema::tests::discord_config_toml_backward_compat ... ok
test config::schema::tests::env_override_api_key ... ok
test config::schema::tests::env_override_api_key_fallback ... ok
test config::schema::tests::env_override_empty_values_ignored ... ok
test config::schema::tests::env_override_gateway_host ... ok
test config::schema::tests::env_override_gateway_port ... ok
test config::schema::tests::env_override_glm_api_key_for_regional_aliases ... ok
test channels::telegram::tests::telegram_send_document_bytes_builds_correct_form ... ok
test channels::telegram::tests::telegram_send_document_bytes_empty_file ... ok
test config::schema::tests::env_override_host_fallback ... ok
test config::schema::tests::env_override_invalid_port_ignored ... ok
test config::schema::tests::env_override_model ... ok
test config::schema::tests::env_override_model_fallback ... ok
test config::schema::tests::env_override_port_fallback ... ok
test channels::telegram::tests::telegram_send_document_by_url_builds_correct_json ... ok
test config::schema::tests::env_override_provider ... ok
test config::schema::tests::env_override_provider_fallback ... ok
test config::schema::tests::env_override_proxy_scope_environment_applies_process_env ... ok
test config::schema::tests::env_override_proxy_scope_services ... ok
test config::schema::tests::env_override_storage_provider_config ... ok
test config::schema::tests::env_override_web_search_config ... ok
test config::schema::tests::env_override_web_search_invalid_values_ignored ... ok
test config::schema::tests::env_override_temperature ... ok
test config::schema::tests::env_override_temperature_out_of_range_ignored ... ok
test config::schema::tests::gateway_config_default_values ... ok
test config::schema::tests::env_override_workspace ... ok
test config::schema::tests::heartbeat_config_default ... ok
test config::schema::tests::env_override_zai_api_key_for_regional_aliases ... ok
test config::schema::tests::imessage_config_empty_contacts ... ok
test config::schema::tests::imessage_config_serde ... ok
test config::schema::tests::lark_config_defaults_to_lark_endpoint ... ok
test config::schema::tests::imessage_config_wildcard ... ok
test config::schema::tests::lark_config_deserializes_without_optional_fields ... ok
test config::schema::tests::lark_config_serde ... ok
test config::schema::tests::lark_config_with_wildcard_allowed_users ... ok
test config::schema::tests::lark_config_toml_roundtrip ... ok
test channels::telegram::tests::telegram_send_document_bytes_empty_chat_id ... ok
test channels::telegram::tests::telegram_send_photo_bytes_builds_correct_form ... ok
test channels::telegram::tests::telegram_send_photo_by_url_builds_correct_json ... ok
test config::schema::tests::matrix_config_serde ... ok
test config::schema::tests::matrix_config_toml_roundtrip ... ok
test config::schema::tests::memory_config_default_hygiene_settings ... ok
test config::schema::tests::observability_config_default ... ok
test config::schema::tests::peripheral_board_config_defaults ... ok
test config::schema::tests::peripherals_config_default_disabled ... ok
test config::schema::tests::peripherals_config_toml_roundtrip ... ok
test config::schema::tests::proxy_config_scope_services_requires_entries_when_enabled ... ok
test config::schema::tests::runtime_config_default ... ok
test config::schema::tests::runtime_proxy_client_cache_reuses_default_profile_key ... ok
test channels::telegram::tests::telegram_send_document_bytes_empty_filename ... ok
test config::schema::tests::secrets_config_backward_compat_missing_section ... ok
test config::schema::tests::secrets_config_default_encrypts ... ok
test config::schema::tests::secrets_config_serde_roundtrip ... ok
test config::schema::tests::signal_config_defaults ... ok
test config::schema::tests::set_runtime_proxy_config_clears_runtime_proxy_client_cache ... ok
test config::schema::tests::signal_config_serde ... ok
test config::schema::tests::signal_config_toml_roundtrip ... ok
test config::schema::tests::slack_config_deserializes_with_allowed_users ... ok
test config::schema::tests::slack_config_deserializes_without_allowed_users ... ok
test config::schema::tests::storage_provider_config_defaults ... ok
test config::schema::tests::slack_config_toml_backward_compat ... ok
test config::schema::tests::telegram_config_defaults_stream_off ... ok
test config::schema::tests::storage_provider_dburl_alias_deserializes ... ok
test config::schema::tests::telegram_config_serde ... ok
test config::schema::tests::webhook_config_with_secret ... ok
test config::schema::tests::webhook_config_without_secret ... ok
test config::schema::tests::whatsapp_config_deserializes_without_allowed_numbers ... ok
test config::schema::tests::whatsapp_config_serde ... ok
test config::schema::tests::whatsapp_config_toml_roundtrip ... ok
test config::schema::tests::whatsapp_config_wildcard_allowed ... ok
test config::tests::reexported_channel_configs_are_constructible ... ok
test config::tests::reexported_config_default_is_constructible ... ok
test cron::schedule::tests::next_run_for_schedule_supports_every_and_at ... ok
test cron::schedule::tests::next_run_for_schedule_supports_timezone ... ok
test cron::scheduler::tests::deliver_if_configured_handles_none_and_invalid_channel ... ok
test config::schema::tests::config_save_atomic_cleanup ... ok
test config::schema::tests::load_or_init_env_workspace_override_takes_priority_over_marker ... ok
test config::schema::tests::config_save_and_load_tmpdir ... ok
test channels::tests::supervised_listener_marks_error_and_restarts_on_failures ... ok
test config::schema::tests::load_or_init_uses_persisted_active_workspace_marker ... ok
test config::schema::tests::config_save_encrypts_nested_credentials ... ok
test cron::scheduler::tests::run_job_command_blocks_disallowed_command ... ok
test cron::scheduler::tests::run_job_command_blocks_forbidden_path_argument ... ok
test config::schema::tests::load_or_init_workspace_override_keeps_existing_legacy_config ... ok
test cron::scheduler::tests::run_job_command_blocks_rate_limited ... ok
test cron::scheduler::tests::run_job_command_blocks_readonly_mode ... ok
test config::schema::tests::load_or_init_workspace_override_uses_workspace_root_for_config ... ok
test cron::scheduler::tests::run_job_command_times_out ... FAILED
test cron::scheduler::tests::run_job_command_success ... FAILED
test cron::scheduler::tests::run_job_command_failure ... FAILED
test cron::scheduler::tests::run_agent_job_returns_error_without_provider_key ... ok
test config::schema::tests::load_or_init_workspace_suffix_uses_legacy_config_layout ... ok
test config::schema::tests::persist_active_workspace_marker_is_cleared_for_default_config_dir ... FAILED
test channels::telegram::tests::telegram_send_document_bytes_with_caption ... ok
test cron::scheduler::tests::persist_job_result_records_run_and_reschedules_shell_job ... ok
test cron::scheduler::tests::persist_job_result_success_deletes_one_shot ... ok
test channels::telegram::tests::telegram_send_photo_bytes_with_caption ... ok
test daemon::tests::detects_dingtalk_as_supervised_channel ... ok
test daemon::tests::detects_no_supervised_channels ... ok
test channels::telegram::tests::finalize_draft_invalid_message_id_falls_back_to_chunk_send ... ok
test daemon::tests::detects_supervised_channels_present ... ok
test cron::store::tests::add_job_accepts_five_field_expression ... ok
test daemon::tests::state_file_path_uses_config_directory ... ok
test doctor::tests::config_validation_accepts_custom_provider ... ok
test doctor::tests::config_validation_accepts_valid_temperature ... ok
test cron::scheduler::tests::persist_job_result_failure_disables_one_shot ... ok
test doctor::tests::config_validation_catches_bad_temperature ... ok
test doctor::tests::config_validation_catches_malformed_custom_provider ... ok
test doctor::tests::config_validation_catches_unknown_provider ... ok
test doctor::tests::config_validation_reports_delegate_agents_in_sorted_order ... ok
test doctor::tests::config_validation_warns_bad_custom_fallback ... ok
test doctor::tests::config_validation_warns_bad_fallback ... ok
test doctor::tests::config_validation_warns_empty_model_route ... ok
test doctor::tests::config_validation_warns_no_channels ... ok
test channels::tests::message_dispatch_processes_messages_in_parallel ... ok
test doctor::tests::diag_item_icons ... ok
test doctor::tests::parse_df_available_mb_uses_last_data_line ... ok
test doctor::tests::provider_validation_checks_custom_url_shape ... ok
test doctor::tests::truncate_for_display_preserves_utf8_boundaries ... ok
test gateway::tests::app_state_is_clone ... ok
test cron::store::tests::migration_falls_back_to_legacy_expression ... ok
test gateway::tests::client_key_defaults_to_peer_addr_when_untrusted_proxy_mode ... ok
test gateway::tests::client_key_falls_back_to_peer_when_forwarded_header_invalid ... ok
test gateway::tests::client_key_uses_forwarded_ip_only_in_trusted_proxy_mode ... ok
test doctor::tests::workspace_probe_path_is_hidden_and_unique ... ok
test gateway::tests::gateway_rate_limiter_blocks_after_limit ... ok
test gateway::tests::idempotency_store_rejects_duplicate_key ... ok
test gateway::tests::metrics_endpoint_returns_hint_when_prometheus_is_disabled ... ok
test gateway::tests::normalize_max_keys_preserves_nonzero_values ... ok
test gateway::tests::metrics_endpoint_renders_prometheus_output ... ok
test gateway::tests::normalize_max_keys_uses_fallback_for_zero ... ok
test gateway::tests::rate_limiter_bounded_cardinality_evicts_oldest_key ... ok
test gateway::tests::rate_limiter_sweep_removes_stale_entries ... ok
test gateway::tests::rate_limiter_zero_limit_always_allows ... ok
test gateway::tests::idempotency_store_bounded_cardinality_evicts_oldest_key ... ok
test gateway::tests::security_body_limit_is_64kb ... ok
test gateway::tests::security_timeout_is_30_seconds ... ok
test gateway::tests::webhook_body_requires_message_field ... ok
test gateway::tests::webhook_autosave_stores_distinct_keys_per_request ... ok
test gateway::tests::webhook_idempotency_skips_duplicate_provider_calls ... ok
test gateway::tests::webhook_memory_key_is_unique ... ok
test gateway::tests::webhook_secret_hash_accepts_valid_header ... ok
test gateway::tests::webhook_secret_hash_is_deterministic_and_nonempty ... ok
test gateway::tests::webhook_secret_hash_rejects_invalid_header ... ok
test gateway::tests::webhook_secret_hash_rejects_missing_header ... ok
test cron::store::tests::add_list_remove_roundtrip ... ok
test gateway::tests::whatsapp_signature_case_sensitive_prefix ... ok
test gateway::tests::whatsapp_memory_key_includes_sender_and_message_id ... ok
test gateway::tests::whatsapp_query_fields_are_optional ... ok
test gateway::tests::whatsapp_signature_empty_body ... ok
test gateway::tests::whatsapp_signature_invalid_hex ... ok
test gateway::tests::whatsapp_signature_extra_bytes ... ok
test gateway::tests::whatsapp_signature_empty_header ... ok
test gateway::tests::whatsapp_signature_invalid_wrong_body ... ok
test gateway::tests::whatsapp_signature_invalid_wrong_secret ... ok
test gateway::tests::whatsapp_signature_json_payload ... ok
test gateway::tests::whatsapp_signature_missing_prefix ... ok
test gateway::tests::whatsapp_signature_unicode_body ... ok
test gateway::tests::whatsapp_signature_valid ... ok
test gateway::tests::whatsapp_signature_truncated_hex ... ok
test hardware::registry::tests::known_boards_not_empty ... ok
test hardware::registry::tests::lookup_unknown_returns_none ... ok
test hardware::registry::tests::lookup_nucleo_f401re ... ok
test daemon::tests::supervisor_marks_error_and_restart_on_failure ... ok
test health::tests::bump_component_restart_increments_counter ... ok
test health::tests::mark_component_error_then_ok_clears_last_error ... ok
test health::tests::mark_component_ok_initializes_component_state ... ok
test health::tests::snapshot_json_contains_registered_component_fields ... ok
test heartbeat::engine::tests::parse_tasks_basic ... ok
test heartbeat::engine::tests::parse_tasks_dash_without_space_ignored ... ok
test heartbeat::engine::tests::parse_tasks_bullet_with_content_after_spaces ... ok
test heartbeat::engine::tests::parse_tasks_empty_content ... ok
test heartbeat::engine::tests::parse_tasks_mixed_markdown ... ok
test heartbeat::engine::tests::parse_tasks_many_tasks ... ok
test cron::store::tests::record_run_truncates_large_output ... ok
test heartbeat::engine::tests::parse_tasks_single_task ... ok
test heartbeat::engine::tests::parse_tasks_only_comments ... ok
test heartbeat::engine::tests::parse_tasks_trailing_space_bullet_trimmed_to_dash ... ok
test heartbeat::engine::tests::parse_tasks_unicode ... ok
test heartbeat::engine::tests::parse_tasks_with_leading_whitespace ... ok
test heartbeat::engine::tests::run_returns_immediately_when_disabled ... ok
test heartbeat::engine::tests::ensure_heartbeat_file_does_not_overwrite ... ok
test heartbeat::engine::tests::ensure_heartbeat_file_creates_file ... ok
test heartbeat::tests::heartbeat_engine_is_constructible_via_module_export ... ok
test identity::tests::aieos_identity_parse_empty_object ... ok
test daemon::tests::supervisor_marks_unexpected_exit_as_error ... ok
test identity::tests::aieos_identity_parse_full ... ok
test cron::store::tests::due_jobs_filters_by_timestamp_and_enabled ... ok
test identity::tests::aieos_identity_parse_minimal ... ok
test identity::tests::aieos_identity_parse_null_values ... ok
test heartbeat::engine::tests::tick_returns_zero_when_no_file ... ok
test identity::tests::aieos_to_system_prompt_empty_identity ... ok
test identity::tests::aieos_to_system_prompt_minimal ... ok
test identity::tests::aieos_to_system_prompt_no_sections ... ok
test heartbeat::engine::tests::tick_counts_tasks_from_file ... ok
test identity::tests::aieos_to_system_prompt_sorts_hashmap_sections_for_determinism ... ok
test identity::tests::aieos_to_system_prompt_full ... ok
test identity::tests::is_aieos_configured_true_with_path ... ok
test heartbeat::tests::ensure_heartbeat_file_creates_expected_file ... ok
test identity::tests::is_aieos_configured_false_no_config ... ok
test identity::tests::is_aieos_configured_false_openclaw_format ... ok
test integrations::registry::tests::all_categories_represented ... ok
test identity::tests::is_aieos_configured_true_with_inline ... ok
test integrations::registry::tests::category_counts_reasonable ... ok
test integrations::registry::tests::coming_soon_integrations_stay_coming_soon ... ok
test identity::tests::parse_aieos_identity_supports_official_generator_shape ... ok
test cron::store::tests::due_jobs_respects_scheduler_max_tasks_limit ... ok
test integrations::registry::tests::imessage_active_when_configured ... ok
test integrations::registry::tests::email_available_when_not_configured ... ok
test integrations::registry::tests::imessage_available_when_not_configured ... ok
test integrations::registry::tests::macos_active_on_macos ... ok
test gateway::tests::persist_pairing_tokens_writes_config_tokens ... ok
test integrations::registry::tests::matrix_available_when_not_configured ... ok
test integrations::registry::tests::matrix_active_when_configured ... ok
test integrations::registry::tests::no_empty_names_or_descriptions ... ok
test integrations::registry::tests::no_duplicate_names ... ok
test integrations::registry::tests::registry_has_entries ... ok
test integrations::registry::tests::regional_provider_aliases_activate_expected_ai_integrations ... ok
test integrations::registry::tests::status_functions_dont_panic ... ok
test integrations::registry::tests::shell_and_filesystem_always_active ... ok
test integrations::registry::tests::telegram_active_when_configured ... ok
test integrations::registry::tests::telegram_available_when_not_configured ... ok
test identity::tests::load_aieos_identity_from_file_supports_generator_shape ... ok
test integrations::registry::tests::whatsapp_available_when_not_configured ... ok
test integrations::tests::integration_category_all_includes_every_variant_once ... ok
test integrations::tests::handle_command_info_returns_error_for_unknown_integration ... ok
test cron::store::tests::record_and_prune_runs ... ok
test memory::backend::tests::classify_known_backends ... ok
test memory::backend::tests::classify_unknown_backend ... ok
test integrations::tests::handle_command_info_is_case_insensitive_for_known_integrations ... ok
test memory::backend::tests::lucid_profile_is_sqlite_based_optional_backend ... ok
test memory::backend::tests::selectable_backends_are_ordered_for_onboarding ... ok
test memory::backend::tests::unknown_profile_preserves_extensibility_defaults ... ok
test memory::chunker::tests::chunk_count_reasonable ... ok
test memory::chunker::tests::deeply_nested_headings_ignored ... ok
test memory::chunker::tests::empty_text ... ok
test memory::chunker::tests::fts5_special_chars_in_content ... ok
test memory::chunker::tests::heading_at_end_of_text ... ok
test memory::chunker::tests::heading_sections ... ok
test memory::chunker::tests::headings_only_no_body ... ok
test memory::chunker::tests::indexes_are_sequential ... ok
test memory::chunker::tests::max_tokens_one ... ok
test memory::chunker::tests::max_tokens_zero ... ok
test memory::chunker::tests::multiple_blank_lines_between_paragraphs ... ok
test memory::chunker::tests::no_content_loss ... ok
test memory::chunker::tests::only_newlines_and_whitespace ... ok
test cron::store::tests::reschedule_after_run_persists_last_status_and_last_run ... ok
test memory::chunker::tests::preserves_heading_in_split_sections ... ok
test memory::chunker::tests::unicode_content ... ok
test memory::chunker::tests::very_long_single_line_no_newlines ... ok
test memory::embeddings::tests::embeddings_url_base_with_v1_no_duplicate ... ok
test memory::embeddings::tests::embeddings_url_custom_full_endpoint ... ok
test memory::embeddings::tests::embeddings_url_non_v1_api_path_uses_raw_suffix ... ok
test memory::chunker::tests::single_heading_no_content ... ok
test memory::chunker::tests::single_short_paragraph ... ok
test memory::chunker::tests::respects_max_tokens ... ok
test memory::embeddings::tests::embeddings_url_standard_openai ... ok
test memory::embeddings::tests::factory_custom_url ... ok
test memory::embeddings::tests::factory_none ... ok
test memory::embeddings::tests::factory_custom_empty_url ... ok
test memory::embeddings::tests::factory_empty_string_returns_noop ... ok
test memory::embeddings::tests::factory_openai_no_api_key ... ok
test memory::embeddings::tests::factory_openai ... ok
test memory::embeddings::tests::factory_unknown_provider_returns_noop ... ok
test memory::embeddings::tests::noop_embed_empty_batch ... ok
test memory::embeddings::tests::noop_embed_multiple_texts ... ok
test memory::embeddings::tests::noop_name ... ok
test memory::embeddings::tests::noop_embed_one_returns_error ... ok
test memory::embeddings::tests::noop_embed_returns_empty ... ok
test memory::embeddings::tests::openai_dimensions_custom ... ok
test memory::embeddings::tests::openai_trailing_slash_stripped ... ok
test cron::store::tests::remove_job_cascades_run_history ... ok
test cron::store::tests::reschedule_after_run_truncates_last_output ... ok
test memory::markdown::tests::markdown_empty_recall ... ok
test memory::markdown::tests::markdown_name ... ok
test memory::markdown::tests::markdown_empty_count ... ok
test memory::markdown::tests::markdown_health_check ... ok
test memory::none::tests::none_memory_is_noop ... ok
test memory::postgres::tests::invalid_identifiers_are_rejected ... ok
test memory::postgres::tests::parse_category_maps_known_and_custom_values ... ok
test memory::markdown::tests::markdown_count ... ok
test memory::postgres::tests::valid_identifiers_pass_validation ... ok
test memory::markdown::tests::markdown_forget_is_noop ... ok
test memory::response_cache::tests::cache_key_deterministic ... ok
test memory::response_cache::tests::cache_key_varies_by_model ... ok
test memory::hygiene::tests::purges_old_memory_archives ... ok
test memory::hygiene::tests::archives_old_session_files ... ok
test memory::response_cache::tests::cache_key_varies_by_prompt ... ok
test memory::response_cache::tests::cache_key_varies_by_system_prompt ... ok
test memory::markdown::tests::markdown_recall_keyword ... ok
test memory::markdown::tests::markdown_store_daily ... ok
test memory::hygiene::tests::archives_old_daily_memory_files ... ok
test memory::markdown::tests::markdown_recall_no_match ... ok
test memory::markdown::tests::markdown_store_core ... ok
test memory::hygiene::tests::skips_second_run_within_cadence_window ... ok
test memory::markdown::tests::markdown_list_by_category ... ok
test memory::response_cache::tests::cache_concurrent_reads_no_panic ... ok
test doctor::tests::environment_check_finds_git ... ok
test memory::response_cache::tests::cache_handles_zero_max_entries ... ok
test memory::snapshot::tests::export_no_db_returns_zero ... ok
test memory::response_cache::tests::stats_empty_cache ... ok
test memory::snapshot::tests::parse_snapshot_basic ... ok
test memory::snapshot::tests::hydrate_no_snapshot_returns_zero ... ok
test memory::response_cache::tests::put_and_get ... ok
test memory::snapshot::tests::parse_snapshot_empty ... ok
test memory::snapshot::tests::parse_snapshot_multiline_content ... ok
test memory::sqlite::tests::category_roundtrip_custom_with_spaces ... ok
test memory::sqlite::tests::category_roundtrip_empty_custom ... ok
test memory::sqlite::tests::content_hash_deterministic ... ok
test memory::sqlite::tests::content_hash_different_inputs ... ok
test memory::sqlite::tests::content_hash_empty_string ... ok
test memory::sqlite::tests::content_hash_unicode ... ok
test memory::response_cache::tests::miss_returns_none ... ok
test memory::response_cache::tests::expired_entry_returns_none ... ok
test memory::response_cache::tests::overwrite_same_key ... ok
test memory::response_cache::tests::lru_eviction ... ok
test memory::response_cache::tests::tokens_saved_calculated ... ok
test memory::hygiene::tests::prunes_old_conversation_rows_in_sqlite_backend ... ok
test memory::response_cache::tests::lru_eviction_keeps_most_recent ... ok
test memory::response_cache::tests::hit_count_incremented ... ok
test memory::response_cache::tests::unicode_prompt_handling ... ok
test memory::response_cache::tests::clear_wipes_all ... ok
test memory::snapshot::tests::should_hydrate_only_when_needed ... ok
test memory::sqlite::tests::cross_session_recall_isolation ... ok
test memory::sqlite::tests::forget_and_re_store_same_key ... ok
test memory::sqlite::tests::forget_then_recall_no_ghost_results ... ok
test memory::sqlite::tests::fts5_syncs_on_insert ... ok
test memory::sqlite::tests::fts5_syncs_on_update ... ok
test memory::sqlite::tests::fts5_syncs_on_delete ... ok
test memory::sqlite::tests::content_hash_long_input ... ok
test memory::sqlite::tests::fts5_multi_word_query ... ok
test memory::sqlite::tests::fts5_bm25_ranking ... ok
test memory::sqlite::tests::list_custom_category ... ok
test memory::sqlite::tests::list_empty_db ... ok
test memory::sqlite::tests::open_with_timeout_store_recall_unchanged ... ok
test memory::sqlite::tests::list_with_session_filter ... ok
test memory::snapshot::tests::export_and_hydrate_roundtrip ... ok
test memory::sqlite::tests::open_with_timeout_succeeds_when_fast ... ok
test memory::sqlite::tests::recall_empty_query_returns_empty ... ok
test memory::sqlite::tests::recall_matches_by_key_not_just_content ... ok
test memory::sqlite::tests::recall_limit_one ... ok
test memory::sqlite::tests::recall_limit_zero ... ok
test memory::sqlite::tests::recall_no_session_filter_returns_all ... ok
test memory::sqlite::tests::recall_single_character_query ... ok
test memory::sqlite::tests::recall_results_have_scores ... ok
test memory::sqlite::tests::recall_whitespace_query_returns_empty ... ok
test memory::sqlite::tests::recall_unicode_query ... ok
test memory::sqlite::tests::recall_with_quotes_in_query ... ok
test cron::scheduler::tests::execute_job_with_retry_exhausts_attempts ... FAILED
test cron::scheduler::tests::execute_job_with_retry_recovers_after_first_failure ... FAILED
test memory::sqlite::tests::recall_with_sql_injection_attempt ... ok
test memory::sqlite::tests::schema_has_embedding_cache ... ok
test memory::sqlite::tests::recall_with_parentheses_in_query ... ok
test memory::sqlite::tests::recall_with_asterisk_in_query ... ok
test memory::sqlite::tests::reindex_rebuilds_fts ... ok
test memory::sqlite::tests::reindex_empty_db ... ok
test memory::sqlite::tests::schema_has_fts5_table ... ok
test memory::sqlite::tests::reindex_twice_is_safe ... ok
test memory::sqlite::tests::recall_respects_limit ... ok
test memory::sqlite::tests::schema_memories_has_embedding_column ... ok
test memory::sqlite::tests::schema_migration_idempotent_on_reopen ... ok
test memory::sqlite::tests::sqlite_count_empty ... ok
test memory::sqlite::tests::schema_idempotent_reopen ... ok
test memory::sqlite::tests::sqlite_forget ... ok
test memory::sqlite::tests::sqlite_forget_nonexistent ... ok
test memory::sqlite::tests::sqlite_name ... ok
test memory::sqlite::tests::sqlite_health ... ok
test memory::sqlite::tests::sqlite_get_nonexistent ... ok
test memory::sqlite::tests::sqlite_category_roundtrip ... ok
test memory::sqlite::tests::sqlite_db_persists ... ok
test memory::sqlite::tests::sqlite_list_all ... ok
test memory::sqlite::tests::sqlite_concurrent_read_write_no_panic ... ok
test memory::sqlite::tests::sqlite_recall_keyword ... ok
test memory::sqlite::tests::sqlite_concurrent_writes_no_data_loss ... ok
test memory::tests::effective_backend_name_prefers_storage_override ... ok
test memory::sqlite::tests::sqlite_list_by_category ... ok
test memory::sqlite::tests::sqlite_reindex_idempotent ... ok
test memory::sqlite::tests::sqlite_recall_multi_keyword ... ok
test memory::tests::factory_none_uses_noop_memory ... ok
test memory::tests::factory_markdown ... ok
test memory::tests::factory_postgres_without_db_url_is_rejected ... ok
test memory::sqlite::tests::sqlite_reindex_preserves_data ... ok
test memory::sqlite::tests::sqlite_recall_no_match ... ok
test memory::tests::factory_unknown_falls_back_to_markdown ... ok
test memory::tests::migration_factory_none_is_rejected ... ok
test memory::traits::tests::memory_category_serde_uses_snake_case ... ok
test memory::traits::tests::memory_entry_roundtrip_preserves_optional_fields ... ok
test memory::traits::tests::memory_category_display_outputs_expected_values ... ok
test memory::sqlite::tests::store_content_with_newlines_and_tabs ... ok
test memory::vector::tests::bytes_to_vec_non_aligned_truncates ... ok
test memory::vector::tests::bytes_to_vec_three_bytes_returns_empty ... ok
test memory::vector::tests::cosine_empty_returns_zero ... ok
test memory::vector::tests::cosine_both_zero_vectors ... ok
test memory::vector::tests::cosine_high_dimensional ... ok
test memory::vector::tests::cosine_identical_vectors ... ok
test memory::vector::tests::cosine_infinity_returns_zero_or_finite ... ok
test memory::vector::tests::cosine_negative_values ... ok
test memory::vector::tests::cosine_mismatched_lengths ... ok
test memory::vector::tests::cosine_nan_returns_zero ... ok
test memory::vector::tests::cosine_orthogonal_vectors ... ok
test memory::vector::tests::cosine_single_element ... ok
test memory::vector::tests::cosine_similar_vectors ... ok
test memory::vector::tests::cosine_opposite_vectors_clamped ... ok
test memory::vector::tests::cosine_zero_vector ... ok
test memory::vector::tests::hybrid_merge_deduplicates ... ok
test memory::vector::tests::hybrid_merge_duplicate_ids_in_same_source ... ok
test memory::vector::tests::hybrid_merge_empty_inputs ... ok
test memory::vector::tests::hybrid_merge_keyword_only ... ok
test memory::vector::tests::hybrid_merge_large_bm25_normalization ... ok
test memory::vector::tests::hybrid_merge_limit_zero ... ok
test memory::sqlite::tests::sqlite_store_and_get ... ok
test memory::sqlite::tests::schema_triple_open ... ok
test memory::vector::tests::hybrid_merge_single_item ... ok
test memory::vector::tests::hybrid_merge_negative_keyword_scores ... ok
test memory::sqlite::tests::store_empty_content ... ok
test memory::vector::tests::hybrid_merge_vector_only ... ok
test memory::vector::tests::hybrid_merge_zero_weights ... ok
test memory::vector::tests::vec_bytes_roundtrip ... ok
test memory::vector::tests::vec_bytes_empty ... ok
test memory::vector::tests::vec_bytes_roundtrip_nan_preserves_bits ... ok
test memory::vector::tests::hybrid_merge_respects_limit ... ok
test memory::vector::tests::vec_bytes_roundtrip_special_values ... ok
test memory::sqlite::tests::store_unicode_and_emoji ... ok
test migration::tests::normalize_key_handles_empty_string ... ok
test migration::tests::normalize_key_trims_whitespace ... ok
test migration::tests::parse_category_case_insensitive ... ok
test migration::tests::parse_category_handles_all_variants ... ok
test migration::tests::parse_structured_markdown_line ... ok
test migration::tests::parse_structured_markdown_rejects_empty_key ... ok
test migration::tests::parse_structured_markdown_rejects_empty_value ... ok
test migration::tests::parse_structured_markdown_rejects_no_stars ... ok
test migration::tests::parse_unstructured_markdown_generates_key ... ok
test observability::log::tests::log_observer_all_events_no_panic ... ok
test observability::log::tests::log_observer_all_metrics_no_panic ... ok
test observability::log::tests::log_observer_name ... ok
test observability::multi::tests::multi_empty_no_panic ... ok
test observability::multi::tests::multi_fans_out_events ... ok
test observability::multi::tests::multi_fans_out_flush ... ok
test observability::multi::tests::multi_fans_out_metrics ... ok
test observability::multi::tests::multi_name ... ok
test memory::sqlite::tests::with_embedder_noop ... ok
test observability::noop::tests::noop_flush_does_not_panic ... ok
test observability::noop::tests::noop_name ... ok
test observability::noop::tests::noop_record_event_does_not_panic ... ok
test observability::noop::tests::noop_record_metric_does_not_panic ... ok
test migration::tests::migration_target_rejects_none_backend ... ok
test memory::sqlite::tests::store_and_recall_with_session_id ... ok
test memory::sqlite::tests::store_empty_key ... ok
test observability::otel::tests::otel_observer_creation_with_valid_endpoint_succeeds ... ok
test observability::otel::tests::otel_flush_idempotent_with_unreachable_endpoint ... ok
test observability::otel::tests::otel_observer_name ... ok
test observability::otel::tests::flush_does_not_panic ... ok
test memory::sqlite::tests::sqlite_store_upsert ... ok
test observability::prometheus::tests::counters_increment_correctly ... ok
test memory::sqlite::tests::store_very_long_content ... ok
test observability::otel::tests::records_all_metrics_without_panic ... ok
test observability::otel::tests::otel_records_error_event_without_panic ... ok
test memory::tests::factory_lucid ... ok
test observability::otel::tests::otel_records_zero_duration_metrics ... ok
test migration::tests::backup_returns_none_when_no_files ... ok
test observability::prometheus::tests::prometheus_observer_name ... ok
test observability::prometheus::tests::records_all_events_without_panic ... ok
test observability::otel::tests::otel_records_llm_failure_without_panic ... ok
test observability::prometheus::tests::gauge_reflects_latest_value ... ok
test memory::tests::migration_factory_lucid ... ok
test observability::prometheus::tests::errors_track_by_component ... ok
test observability::otel::tests::records_all_events_without_panic ... ok
test observability::tests::factory_empty_string_falls_back_to_noop ... ok
test observability::prometheus::tests::encode_produces_prometheus_text_format ... ok
test observability::prometheus::tests::records_all_metrics_without_panic ... ok
test observability::prometheus::tests::tool_calls_track_success_and_failure_separately ... ok
test observability::tests::factory_garbage_falls_back_to_noop ... ok
test memory::tests::factory_sqlite ... ok
test observability::tests::factory_log_returns_log ... ok
test observability::tests::factory_none_returns_noop ... ok
test observability::tests::factory_noop_returns_noop ... ok
test observability::tests::factory_unknown_falls_back_to_noop ... ok
test observability::tests::factory_prometheus_returns_prometheus ... ok
test observability::traits::tests::observer_default_flush_and_as_any_work ... ok
test observability::traits::tests::observer_records_events_and_metrics ... ok
test observability::traits::tests::observer_event_and_metric_are_cloneable ... ok
test observability::verbose::tests::verbose_events_do_not_panic ... ok
test observability::verbose::tests::verbose_name ... ok
test onboard::tests::wizard_functions_are_reexported ... ok
test onboard::wizard::tests::backend_key_from_choice_maps_supported_backends ... ok
test onboard::wizard::tests::curated_models_for_openrouter_use_valid_anthropic_id ... ok
test onboard::wizard::tests::canonical_provider_name_normalizes_regional_aliases ... ok
test onboard::wizard::tests::curated_models_for_openai_include_latest_choices ... ok
test onboard::wizard::tests::curated_models_provider_aliases_share_same_catalog ... ok
test onboard::wizard::tests::curated_models_for_kimi_code_include_official_agent_model ... ok
test onboard::wizard::tests::default_model_for_provider_uses_latest_defaults ... ok
test migration::tests::backup_creates_timestamped_directory ... ok
test onboard::wizard::tests::memory_backend_profile_marks_lucid_as_optional_sqlite_backed ... ok
test onboard::wizard::tests::memory_config_defaults_for_none_disable_sqlite_hygiene ... ok
test onboard::wizard::tests::memory_config_defaults_for_lucid_enable_sqlite_hygiene ... ok
test onboard::wizard::tests::parse_ollama_model_ids_extracts_and_deduplicates_names ... ok
test observability::tests::factory_otlp_alias ... ok
test onboard::wizard::tests::parse_gemini_model_ids_filters_for_generate_content ... ok
test observability::tests::factory_opentelemetry_alias ... ok
test onboard::wizard::tests::parse_openai_model_ids_supports_data_array_payload ... ok
test observability::tests::factory_otel_returns_otel ... ok
test migration::tests::migration_skips_empty_content ... ok
test onboard::wizard::tests::parse_openai_model_ids_supports_root_array_payload ... ok
test onboard::wizard::tests::project_context_default_is_empty ... ok
test onboard::wizard::tests::provider_env_var_known_providers ... ok
test onboard::wizard::tests::provider_env_var_unknown_falls_back ... ok
test onboard::wizard::tests::run_models_refresh_rejects_unsupported_provider ... ok
test migration::tests::sqlite_reader_supports_legacy_value_column ... ok
test onboard::wizard::tests::model_cache_round_trip_returns_fresh_entry ... ok
test onboard::wizard::tests::model_cache_ttl_filters_stale_entries ... ok
test onboard::wizard::tests::run_models_refresh_uses_fresh_cache_without_network ... ok
test migration::tests::dry_run_does_not_write ... ok
test onboard::wizard::tests::agents_md_references_on_demand_memory ... ok
test onboard::wizard::tests::supports_live_model_fetch_for_supported_and_unsupported_providers ... ok
test onboard::wizard::tests::memory_md_warns_about_token_cost ... ok
test providers::anthropic::tests::apply_auth_uses_bearer_and_beta_for_setup_tokens ... ok
test providers::anthropic::tests::apply_auth_uses_x_api_key_for_regular_tokens ... ok
test providers::anthropic::tests::apply_cache_empty_messages ... ok
test providers::anthropic::tests::apply_cache_to_last_message_does_not_affect_tool_use ... ok
test providers::anthropic::tests::apply_cache_to_last_message_text ... ok
test providers::anthropic::tests::apply_cache_to_last_message_tool_result ... ok
test providers::anthropic::tests::backward_compatibility_native_chat_request ... ok
test providers::anthropic::tests::cache_control_serializes_correctly ... ok
test providers::anthropic::tests::chat_fails_without_key ... ok
test onboard::wizard::tests::scaffold_creates_all_subdirectories ... ok
test providers::anthropic::tests::chat_request_serializes_with_system ... ok
test providers::anthropic::tests::chat_request_serializes_without_system ... ok
test providers::anthropic::tests::chat_response_deserializes ... ok
test providers::anthropic::tests::chat_response_empty_content ... ok
test providers::anthropic::tests::chat_response_multiple_blocks ... ok
test providers::anthropic::tests::chat_with_system_fails_without_key ... ok
test providers::anthropic::tests::convert_messages_large_system_prompt ... ok
test providers::anthropic::tests::convert_messages_small_system_prompt ... ok
test onboard::wizard::tests::scaffold_does_not_overwrite_existing_files ... ok
test providers::anthropic::tests::convert_tools_adds_cache_to_last_tool ... ok
test providers::anthropic::tests::convert_tools_single_tool_gets_cache ... ok
test providers::anthropic::tests::creates_with_custom_base_url ... ok
test providers::anthropic::tests::creates_with_empty_key ... ok
test providers::anthropic::tests::creates_with_key ... ok
test providers::anthropic::tests::creates_with_whitespace_key ... ok
test providers::anthropic::tests::creates_without_key ... ok
test onboard::wizard::tests::scaffold_bakes_agent_name_into_files ... ok
test providers::anthropic::tests::custom_base_url_trims_trailing_slash ... ok
test providers::anthropic::tests::default_base_url_when_none_provided ... ok
test providers::anthropic::tests::detects_auth_from_jwt_shape ... ok
test providers::anthropic::tests::native_content_text_with_cache_control ... ok
test onboard::wizard::tests::scaffold_bakes_communication_style ... ok
test providers::anthropic::tests::native_content_text_without_cache_control ... ok
test providers::anthropic::tests::native_content_tool_result_with_cache_control ... ok
test providers::anthropic::tests::native_content_tool_use_without_cache_control ... ok
test providers::anthropic::tests::native_tool_spec_with_cache_control ... ok
test providers::anthropic::tests::setup_token_detection_works ... ok
test providers::anthropic::tests::should_cache_conversation_boundary ... ok
test providers::anthropic::tests::should_cache_conversation_long ... ok
test providers::anthropic::tests::native_tool_spec_without_cache_control ... ok
test providers::anthropic::tests::should_cache_conversation_short ... ok
test providers::anthropic::tests::should_cache_system_boundary ... ok
test onboard::wizard::tests::scaffold_bakes_timezone_into_files ... ok
test providers::anthropic::tests::should_cache_system_large_prompt ... ok
test providers::anthropic::tests::should_cache_system_small_prompt ... ok
test providers::anthropic::tests::system_prompt_blocks_variant_serializes ... ok
test providers::anthropic::tests::system_prompt_blocks_without_cache_control ... ok
test providers::anthropic::tests::system_prompt_string_variant_serializes ... ok
test providers::anthropic::tests::temperature_range_serializes ... ok
test onboard::wizard::tests::scaffold_creates_all_md_files ... ok
test providers::compatible::tests::capabilities_reports_native_tool_calling ... ok
test providers::anthropic::tests::warmup_without_key_is_noop ... ok
test providers::compatible::tests::chat_completions_url_base_with_v1 ... ok
test providers::compatible::tests::all_compatible_providers_fail_without_key ... ok
test providers::compatible::tests::chat_completions_url_custom_full_endpoint ... ok
test providers::compatible::tests::chat_completions_url_glm ... ok
test providers::compatible::tests::chat_completions_url_opencode ... ok
test providers::compatible::tests::chat_completions_url_minimax ... ok
test providers::compatible::tests::chat_completions_url_requires_exact_suffix_match ... ok
test providers::compatible::tests::chat_completions_url_standard_openai ... ok
test providers::compatible::tests::chat_completions_url_trailing_slash ... ok
test onboard::wizard::tests::scaffold_files_are_non_empty ... ok
test providers::compatible::tests::chat_completions_url_volcengine_ark ... ok
test providers::compatible::tests::chat_completions_url_without_v1 ... ok
test providers::compatible::tests::chat_completions_url_zai ... ok
test providers::compatible::tests::chat_fails_without_key ... ok
test providers::compatible::tests::creates_with_key ... ok
test providers::compatible::tests::creates_without_key ... ok
test providers::compatible::tests::custom_auth_style ... ok
test providers::compatible::tests::chat_with_tools_fails_without_key ... ok
test onboard::wizard::tests::scaffold_bakes_user_name_into_files ... ok
test providers::compatible::tests::parse_chat_response_body_reports_sanitized_snippet ... ok
test providers::compatible::tests::parse_responses_response_body_reports_sanitized_snippet ... ok
test providers::compatible::tests::parse_sse_line_done_sentinel ... ok
test providers::compatible::tests::parse_sse_line_with_both_prefers_content ... ok
test providers::compatible::tests::parse_sse_line_with_content ... ok
test providers::compatible::tests::parse_sse_line_with_empty_content_falls_back_to_reasoning_content ... ok
test providers::compatible::tests::parse_sse_line_with_reasoning_content ... ok
test providers::compatible::tests::reasoning_content_fallback_when_content_empty ... ok
test providers::compatible::tests::reasoning_content_both_absent_returns_empty ... ok
test providers::compatible::tests::reasoning_content_fallback_when_content_missing ... ok
test providers::compatible::tests::reasoning_content_fallback_when_content_null ... ok
test providers::compatible::tests::reasoning_content_ignored_by_normal_models ... ok
test providers::compatible::tests::reasoning_content_not_used_when_content_present ... ok
test providers::compatible::tests::request_serializes_correctly ... ok
test providers::compatible::tests::response_deserializes ... ok
test providers::compatible::tests::request_serializes_with_tools ... ok
test providers::compatible::tests::response_empty_choices ... ok
test providers::compatible::tests::response_with_multiple_tool_calls ... ok
test providers::compatible::tests::response_with_no_tool_calls_has_empty_vec ... ok
test providers::compatible::tests::response_with_tool_calls_deserializes ... ok
test providers::compatible::tests::responses_extracts_any_text_as_fallback ... ok
test providers::compatible::tests::responses_extracts_top_level_output_text ... ok
test providers::compatible::tests::responses_extracts_nested_output_text ... ok
test providers::compatible::tests::responses_url_base_with_v1_no_duplicate ... ok
test providers::compatible::tests::responses_url_custom_full_endpoint ... ok
test providers::compatible::tests::responses_url_derives_from_chat_endpoint ... ok
test providers::compatible::tests::responses_url_non_v1_api_path_uses_raw_suffix ... ok
test providers::compatible::tests::responses_url_requires_exact_suffix_match ... ok
test providers::compatible::tests::responses_url_standard ... ok
test providers::compatible::tests::strips_trailing_slash ... ok
test providers::compatible::tests::tool_specs_convert_to_openai_format ... ok
test providers::compatible::tests::x_api_key_auth_style ... ok
test providers::compatible::tests::warmup_without_key_is_noop ... ok
test providers::copilot::tests::copilot_headers_include_required_fields ... ok
test providers::copilot::tests::default_interval_and_expiry ... ok
test providers::gemini::tests::api_key_url_includes_key_query_param ... ok
test providers::gemini::tests::auth_source_explicit_key ... ok
test providers::gemini::tests::api_key_url_uses_public_endpoint ... ok
test providers::gemini::tests::auth_source_none_without_credentials ... ok
test providers::gemini::tests::api_key_request_does_not_set_bearer_header ... ok
test providers::gemini::tests::auth_source_oauth ... ok
test providers::gemini::tests::error_response_deserialization ... ok
test onboard::wizard::tests::scaffold_full_personalization ... ok
test providers::gemini::tests::internal_request_includes_model ... ok
test providers::gemini::tests::gemini_cli_dir_returns_path ... ok
test providers::gemini::tests::model_name_formatting ... ok
test providers::gemini::tests::normalize_non_empty_trims_and_filters ... ok
test providers::gemini::tests::oauth_url_uses_internal_endpoint ... ok
test providers::gemini::tests::provider_creates_with_key ... ok
test providers::gemini::tests::oauth_request_uses_bearer_auth_header ... ok
test providers::gemini::tests::request_serialization ... ok
test providers::gemini::tests::response_deserialization ... ok
test onboard::wizard::tests::scaffold_handles_special_characters_in_names ... ok
test providers::ollama::tests::cloud_suffix_strips_model_name ... ok
test providers::gemini::tests::provider_creates_without_key ... ok
test providers::gemini::tests::warmup_without_key_is_noop ... ok
test providers::ollama::tests::cloud_suffix_without_api_key_errors ... ok
test providers::ollama::tests::cloud_suffix_with_local_endpoint_errors ... ok
test providers::gemini::tests::provider_rejects_empty_key ... ok
test providers::copilot::tests::empty_token_treated_as_none ... ok
test providers::copilot::tests::cache_starts_empty ... ok
test providers::copilot::tests::new_without_token ... ok
test providers::copilot::tests::supports_native_tools ... ok
test providers::copilot::tests::new_with_token ... ok
test providers::ollama::tests::custom_url_no_trailing_slash ... ok
test providers::ollama::tests::custom_url_trailing_slash ... ok
test providers::ollama::tests::empty_url_uses_empty ... ok
test providers::ollama::tests::default_url ... ok
test providers::ollama::tests::extract_tool_name_handles_nested_tool_call ... ok
test providers::ollama::tests::extract_tool_name_handles_normal_call ... ok
test providers::ollama::tests::extract_tool_name_handles_prefixed_name ... ok
test providers::ollama::tests::local_endpoint_auth_disabled_even_with_key ... ok
test providers::ollama::tests::format_tool_calls_produces_valid_json ... ok
test providers::ollama::tests::remote_endpoint_auth_enabled_when_key_present ... ok
test providers::ollama::tests::response_deserializes ... ok
test providers::ollama::tests::response_with_empty_content ... ok
test onboard::wizard::tests::soul_md_includes_emoji_awareness_guidance ... ok
test providers::ollama::tests::response_with_missing_content_defaults_to_empty ... ok
test providers::ollama::tests::response_with_thinking_field_extracts_content ... ok
test onboard::wizard::tests::scaffold_uses_defaults_for_empty_context ... ok
test providers::ollama::tests::response_with_tool_calls_parses_correctly ... ok
test providers::openai::tests::creates_with_empty_key ... ok
test providers::openai::tests::chat_fails_without_key ... ok
test providers::openai::tests::chat_with_system_fails_without_key ... ok
test providers::openai::tests::creates_with_key ... ok
test providers::openai::tests::creates_without_key ... ok
test providers::openai::tests::native_response_reasoning_content_fallback ... ok
test providers::openai::tests::native_response_reasoning_content_ignored_when_content_present ... ok
test providers::openai::tests::reasoning_content_fallback_empty_content ... ok
test providers::openai::tests::reasoning_content_not_used_when_content_present ... ok
test providers::openai::tests::reasoning_content_fallback_null_content ... ok
test providers::openai::tests::request_serializes_with_system_message ... ok
test providers::openai::tests::request_serializes_without_system ... ok
test providers::openai::tests::response_deserializes_empty_choices ... ok
test providers::openai::tests::response_deserializes_multiple_choices ... ok
test providers::openai::tests::response_deserializes_single_choice ... ok
test providers::openai::tests::response_with_unicode ... ok
test providers::openai_codex::tests::clamp_reasoning_effort_adjusts_known_models ... ok
test providers::openai::tests::warmup_without_key_is_noop ... ok
test providers::openai_codex::tests::default_state_dir_is_non_empty ... ok
test providers::openai_codex::tests::extracts_nested_output_text ... ok
test providers::openai_codex::tests::extracts_output_text_first ... ok
test providers::openai_codex::tests::parse_sse_text_falls_back_to_completed_response ... ok
test providers::openai_codex::tests::resolve_instructions_uses_default_when_blank ... ok
test providers::openai_codex::tests::parse_sse_text_reads_output_text_delta ... ok
test providers::openai_codex::tests::resolve_instructions_uses_default_when_missing ... ok
test providers::openai::tests::response_with_long_content ... ok
test providers::openai_codex::tests::resolve_instructions_uses_system_prompt_when_present ... ok
test onboard::wizard::tests::tools_md_lists_all_builtin_tools ... ok
test providers::openrouter::tests::chat_request_serializes_history_messages ... ok
test providers::openrouter::tests::chat_request_serializes_with_system_and_user ... ok
test providers::openrouter::tests::chat_with_history_fails_without_key ... ok
test providers::openrouter::tests::chat_with_system_fails_without_key ... ok
test providers::openrouter::tests::convert_messages_parses_assistant_tool_call_payload ... ok
test providers::openrouter::tests::chat_with_tools_fails_without_key ... ok
test providers::openrouter::tests::convert_messages_parses_tool_result_payload ... ok
test providers::openrouter::tests::creates_with_key ... ok
test providers::openrouter::tests::creates_without_key ... ok
test providers::openrouter::tests::native_response_deserializes_with_text_and_tool_calls ... ok
test providers::openrouter::tests::native_response_deserializes_with_tool_calls ... ok
test providers::openrouter::tests::parse_native_response_converts_to_chat_response ... ok
test migration::tests::migration_renames_conflicting_key ... ok
test providers::openrouter::tests::response_deserializes_empty_choices ... ok
test providers::openrouter::tests::response_deserializes_single_choice ... ok
test providers::openrouter::tests::warmup_without_key_is_noop ... ok
test providers::reliable::tests::auth_rotation_cycles_keys ... ok
test onboard::wizard::tests::scaffold_is_idempotent ... ok
test providers::reliable::tests::aggregated_error_marks_non_retryable_model_mismatch_with_details ... ok
test providers::reliable::tests::auth_rotation_returns_none_when_empty ... ok
test providers::reliable::tests::compute_backoff_caps_at_30s ... ok
test providers::reliable::tests::compute_backoff_falls_back_to_base ... ok
test providers::reliable::tests::compute_backoff_uses_retry_after ... ok
test providers::reliable::tests::non_retryable_detects_401 ... ok
test providers::reliable::tests::no_model_fallbacks_behaves_like_before ... ok
test providers::reliable::tests::non_retryable_detects_403 ... ok
test providers::reliable::tests::model_failover_tries_fallback_model ... ok
test providers::reliable::tests::model_failover_all_models_fail ... ok
test providers::reliable::tests::non_retryable_detects_404 ... ok
test providers::reliable::tests::non_retryable_does_not_flag_408 ... ok
test providers::reliable::tests::non_retryable_detects_common_patterns ... ok
test providers::reliable::tests::non_retryable_does_not_flag_500 ... ok
test providers::reliable::tests::non_retryable_does_not_flag_502 ... ok
test providers::reliable::tests::parse_retry_after_integer ... ok
test providers::reliable::tests::parse_retry_after_float ... ok
test providers::reliable::tests::non_retryable_skips_retries_for_401 ... ok
test providers::reliable::tests::non_retryable_does_not_flag_429 ... ok
test providers::reliable::tests::parse_retry_after_missing ... ok
test providers::reliable::tests::parse_retry_after_space_separator ... ok
test providers::reliable::tests::parse_retry_after_with_underscore_separator ... ok
test providers::reliable::tests::parse_retry_after_zero ... ok
test providers::reliable::tests::rate_limited_detection ... ok
test providers::reliable::tests::rate_limited_false_for_generic_error ... ok
test providers::reliable::tests::returns_aggregated_error_when_all_providers_fail ... ok
test providers::reliable::tests::succeeds_without_retry ... ok
test providers::reliable::tests::skips_retries_on_non_retryable_error ... ok
test providers::router::tests::chat_with_system_passes_system_prompt ... ok
test providers::router::tests::chat_with_tools_delegates_to_resolved_provider ... ok
test providers::router::tests::resolve_preserves_model_for_non_hints ... ok
test providers::router::tests::chat_with_tools_routes_hint_correctly ... ok
test providers::router::tests::non_hint_model_uses_default_provider ... ok
test providers::router::tests::resolve_strips_hint_prefix ... ok
test providers::router::tests::routes_fast_hint ... ok
test providers::router::tests::skips_routes_with_unknown_provider ... ok
test providers::router::tests::routes_hint_to_correct_provider ... ok
test providers::router::tests::unknown_hint_falls_back_to_default ... ok
test providers::tests::canonical_china_provider_name_maps_regional_aliases ... ok
test providers::router::tests::warmup_calls_all_providers ... ok
test providers::tests::factory_anthropic ... ok
test providers::tests::factory_anthropic_custom_empty_url_errors ... ok
test providers::tests::factory_anthropic_custom_invalid_url_errors ... ok
test providers::tests::factory_anthropic_custom_no_key ... ok
test providers::tests::factory_all_providers_create_successfully ... ok
test providers::tests::factory_anthropic_custom_trailing_slash ... ok
test providers::tests::factory_anthropic_custom_unsupported_scheme_errors ... ok
test providers::tests::factory_astrai ... ok
test providers::tests::factory_anthropic_custom_url ... ok
test providers::tests::factory_bedrock ... ok
test providers::tests::factory_cloudflare ... ok
test providers::tests::factory_cohere ... ok
test providers::tests::factory_custom_empty_url_errors ... ok
test providers::tests::factory_custom_invalid_url_errors ... ok
test providers::tests::factory_custom_localhost ... ok
test providers::tests::factory_custom_no_key ... ok
test providers::tests::factory_copilot ... ok
test providers::tests::factory_custom_trims_whitespace ... ok
test providers::tests::factory_custom_unsupported_scheme_errors ... ok
test providers::tests::factory_deepseek ... ok
test providers::tests::factory_custom_url ... ok
test providers::tests::factory_fireworks ... ok
test providers::tests::factory_empty_name_errors ... ok
test providers::tests::factory_glm ... ok
test providers::tests::factory_groq ... ok
test providers::tests::factory_kimi_code ... ok
test providers::tests::factory_lmstudio ... ok
test providers::tests::factory_minimax ... ok
test providers::tests::factory_gemini ... ok
test providers::tests::factory_mistral ... ok
test providers::tests::factory_moonshot ... ok
test providers::tests::factory_nvidia ... ok
test providers::tests::factory_openai ... ok
test providers::tests::factory_ollama ... ok
test providers::tests::factory_opencode ... ok
test providers::tests::factory_openrouter ... ok
test providers::tests::factory_openai_codex ... ok
test providers::tests::factory_perplexity ... ok
test providers::tests::factory_qianfan ... ok
test providers::tests::factory_qwen ... ok
test providers::tests::factory_synthetic ... ok
test providers::tests::factory_together ... ok
test providers::tests::factory_unknown_provider_errors ... ok
test providers::tests::factory_venice ... ok
test providers::tests::factory_vercel ... ok
test providers::tests::factory_xai ... ok
test providers::tests::factory_zai ... ok
test providers::tests::ollama_cloud_with_custom_url ... ok
test providers::tests::ollama_with_custom_url ... ok
test providers::tests::listed_providers_have_unique_ids_and_aliases ... ok
test providers::tests::regional_alias_predicates_cover_expected_variants ... ok
test providers::tests::regional_endpoint_aliases_map_to_expected_urls ... ok
test providers::tests::resilient_provider_errors_for_invalid_primary ... ok
test providers::tests::resilient_provider_ignores_duplicate_and_invalid_fallbacks ... ok
test providers::tests::resolve_provider_credential_prefers_explicit_argument ... ok
test providers::tests::listed_providers_and_aliases_are_constructible ... ok
test providers::tests::resolve_provider_credential_falls_back_to_minimax_api_key_for_placeholder ... ok
test providers::tests::sanitize_handles_delimiter_boundaries ... ok
test providers::tests::sanitize_handles_json_wrapped_key ... ok
test providers::tests::sanitize_keeps_bare_prefix ... ok
test providers::tests::resolve_provider_credential_uses_minimax_oauth_env_for_placeholder ... FAILED
test providers::tests::resolve_provider_credential_placeholder_ignores_generic_api_key_fallback ... FAILED
test providers::tests::sanitize_no_secret_no_change ... ok
test providers::tests::sanitize_preserves_unicode_boundaries ... ok
test providers::tests::sanitize_scrubs_multiple_prefixes ... ok
test providers::tests::sanitize_scrubs_sk_prefix ... ok
test providers::tests::sanitize_short_prefix_then_real_key ... ok
test providers::tests::sanitize_sk_proj_comment_then_real_key ... ok
test providers::tests::sanitize_truncates_after_scrub ... ok
test providers::tests::sanitize_truncates_long_error ... ok
test providers::tests::scrub_github_fine_grained_pat ... ok
test providers::tests::scrub_github_oauth_token ... ok
test providers::tests::scrub_github_personal_access_token ... ok
test providers::tests::scrub_github_user_token ... ok
test providers::traits::tests::build_tool_instructions_text_empty ... ok
test providers::traits::tests::chat_message_constructors ... ok
test providers::traits::tests::build_tool_instructions_text_format ... ok
test providers::traits::tests::chat_response_helpers ... ok
test providers::traits::tests::conversation_message_variants ... ok
test providers::traits::tests::provider_capabilities_default ... ok
test providers::traits::tests::provider_capabilities_equality ... ok
test providers::traits::tests::provider_chat_prompt_guided_fallback ... ok
test providers::traits::tests::provider_chat_prompt_guided_preserves_existing_system_not_first ... ok
test providers::traits::tests::provider_chat_prompt_guided_rejects_non_prompt_payload ... ok
test providers::traits::tests::provider_chat_prompt_guided_uses_convert_tools_override ... ok
test providers::traits::tests::provider_convert_tools_default ... ok
test providers::traits::tests::provider_chat_without_tools ... ok
test providers::traits::tests::supports_native_tools_reflects_capabilities_default_mapping ... ok
test providers::traits::tests::tool_call_serialization ... ok
test providers::traits::tests::tools_payload_variants ... ok
test runtime::docker::tests::docker_runtime_memory_budget ... ok
test runtime::docker::tests::docker_runtime_name ... ok
test runtime::docker::tests::docker_workspace_allowlist_blocks_outside_paths ... ok
test runtime::native::tests::native_builds_shell_command ... ok
test runtime::docker::tests::docker_build_shell_command_includes_network_flag ... ok
test runtime::docker::tests::docker_build_shell_command_includes_read_only_flag ... ok
test runtime::docker::tests::docker_no_memory_flag_when_not_configured ... ok
test runtime::docker::tests::docker_build_shell_command_includes_runtime_flags ... ok
test runtime::native::tests::native_has_shell_access ... ok
test runtime::native::tests::native_has_filesystem_access ... ok
test runtime::native::tests::native_memory_budget_unlimited ... ok
test runtime::native::tests::native_name ... ok
test runtime::native::tests::native_storage_path_contains_zeroclaw ... ok
test runtime::native::tests::native_supports_long_running ... ok
test runtime::tests::factory_cloudflare_errors ... ok
test runtime::tests::factory_docker ... ok
test runtime::tests::factory_empty_errors ... ok
test runtime::tests::factory_native ... ok
test runtime::tests::factory_unknown_errors ... ok
test runtime::traits::tests::default_memory_budget_is_zero ... ok
test runtime::traits::tests::runtime_reports_capabilities ... ok
test security::audit::tests::audit_event_new_creates_unique_id ... ok
test security::audit::tests::audit_event_with_action ... ok
test security::audit::tests::audit_event_with_actor ... ok
test security::audit::tests::audit_event_serializes_to_json ... ok
test security::bubblewrap::tests::bubblewrap_sandbox_name ... ok
test security::bubblewrap::tests::bubblewrap_wrap_command_binds_required_paths ... ok
test security::bubblewrap::tests::bubblewrap_wrap_command_includes_isolation_flags ... ok
test security::bubblewrap::tests::bubblewrap_wrap_command_preserves_original_command ... ok
test security::detect::tests::explicit_none_returns_noop ... ok
test security::docker::tests::docker_sandbox_default_image ... ok
test security::docker::tests::docker_sandbox_name ... ok
test security::docker::tests::docker_wrap_command_includes_isolation_flags ... ok
test security::docker::tests::docker_wrap_command_preserves_original_command ... ok
test security::docker::tests::docker_wrap_command_uses_custom_image ... ok
test security::audit::tests::audit_logger_disabled_does_not_create_file ... ok
test security::landlock::tests::landlock_not_available_on_non_linux ... ok
test security::landlock::tests::landlock_stub_new_returns_unsupported ... ok
test security::landlock::tests::landlock_stub_probe_returns_unsupported ... ok
test security::landlock::tests::landlock_stub_wrap_command_returns_unsupported ... ok
test security::landlock::tests::landlock_with_none_workspace ... ok
test security::pairing::tests::brute_force_lockout_after_max_attempts ... ok
test security::pairing::tests::constant_time_eq_different ... ok
test security::pairing::tests::constant_time_eq_same ... ok
test security::pairing::tests::generate_code_is_6_digits ... ok
test security::pairing::tests::generate_code_is_not_deterministic ... ok
test security::pairing::tests::correct_code_resets_failed_attempts ... ok
test security::pairing::tests::generate_token_has_prefix_and_hex_payload ... ok
test security::pairing::tests::hash_token_differs_for_different_inputs ... ok
test security::pairing::tests::hash_token_is_deterministic ... ok
test security::pairing::tests::hash_token_produces_64_hex_chars ... ok
test security::pairing::tests::is_authenticated_when_pairing_disabled ... ok
test security::pairing::tests::is_authenticated_with_invalid_token ... ok
test security::pairing::tests::is_authenticated_with_prehashed_token ... ok
test security::pairing::tests::is_authenticated_with_valid_token ... ok
test security::pairing::tests::is_token_hash_detects_hash_vs_plaintext ... ok
test security::pairing::tests::localhost_variants_not_public ... ok
test security::pairing::tests::lockout_returns_remaining_seconds ... ok
test security::pairing::tests::new_guard_generates_code_when_no_tokens ... ok
test security::pairing::tests::new_guard_no_code_when_pairing_disabled ... ok
test runtime::traits::tests::build_shell_command_executes ... FAILED
test security::pairing::tests::new_guard_no_code_when_tokens_exist ... ok
test security::pairing::tests::real_ip_is_public ... ok
test security::bubblewrap::tests::bubblewrap_is_available_only_if_installed ... ok
test security::pairing::tests::pair_then_authenticate ... ok
test security::detect::tests::auto_mode_detects_something ... ok
test security::pairing::tests::tokens_returns_hashes ... ok
test security::pairing::tests::try_pair_correct_code ... ok
test security::pairing::tests::try_pair_empty_code ... ok
test security::pairing::tests::try_pair_wrong_code ... ok
test security::pairing::tests::zero_zero_is_public ... ok
test security::detect::tests::detect_best_sandbox_returns_something ... ok
test security::policy::tests::absolute_paths_allowed_when_not_workspace_only ... ok
test security::policy::tests::absolute_paths_blocked_when_workspace_only ... ok
test security::policy::tests::action_tracker_clone_is_independent ... ok
test security::policy::tests::action_tracker_records_actions ... ok
test security::policy::tests::action_tracker_starts_at_zero ... ok
test security::policy::tests::autonomy_default_is_supervised ... ok
test security::policy::tests::allowed_commands_basic ... ok
test security::policy::tests::autonomy_serde_roundtrip ... ok
test security::policy::tests::blocked_commands_basic ... ok
test security::policy::tests::can_act_full_true ... ok
test security::policy::tests::can_act_readonly_false ... ok
test security::policy::tests::can_act_supervised_true ... ok
test security::policy::tests::checklist_default_forbidden_paths_comprehensive ... ok
test security::policy::tests::checklist_all_system_dirs_blocked ... ok
test security::policy::tests::checklist_default_policy_is_workspace_only ... ok
test security::policy::tests::checklist_null_byte_injection_blocked ... ok
test security::audit::tests::audit_rotation_creates_numbered_backup ... ok
test security::policy::tests::checklist_root_path_blocked ... FAILED
test security::policy::tests::checklist_sensitive_dotfiles_blocked ... ok
test security::policy::tests::checklist_workspace_only_blocks_all_absolute ... FAILED
test security::policy::tests::checklist_resolved_path_must_be_in_workspace ... ok
test security::policy::tests::command_env_var_prefix_with_allowed_cmd ... ok
test security::policy::tests::command_argument_injection_blocked ... ok
test security::policy::tests::command_injection_and_chain_blocked ... ok
test security::policy::tests::command_injection_backtick_blocked ... ok
test security::policy::tests::command_injection_background_chain_blocked ... ok
test security::policy::tests::command_injection_dollar_brace_blocked ... ok
test security::policy::tests::command_injection_dollar_paren_blocked ... ok
test security::policy::tests::command_injection_or_chain_blocked ... ok
test security::policy::tests::command_injection_process_substitution_blocked ... ok
test security::policy::tests::command_injection_redirect_blocked ... ok
test security::policy::tests::command_injection_semicolon_blocked ... ok
test security::policy::tests::command_injection_semicolon_no_space ... ok
test security::policy::tests::command_injection_tee_blocked ... ok
test security::policy::tests::command_newline_injection_blocked ... ok
test security::policy::tests::command_risk_high_for_dangerous_commands ... ok
test security::policy::tests::command_risk_low_for_read_commands ... ok
test security::policy::tests::command_risk_medium_for_mutating_commands ... ok
test security::policy::tests::command_with_absolute_path_extracts_basename ... ok
test security::policy::tests::command_with_env_var_prefix ... ok
test security::policy::tests::command_with_pipes_validates_all_segments ... ok
test security::policy::tests::custom_allowlist ... ok
test security::policy::tests::default_policy_has_sane_values ... ok
test security::policy::tests::dotfile_in_workspace_allowed ... ok
test security::policy::tests::empty_allowlist_blocks_everything ... ok
test security::policy::tests::empty_command_blocked ... ok
test security::policy::tests::empty_path_allowed ... ok
test security::policy::tests::enforce_tool_operation_act_blocked_in_readonly_mode ... ok
test security::policy::tests::enforce_tool_operation_act_uses_rate_budget ... ok
test security::policy::tests::enforce_tool_operation_read_allowed_in_readonly_mode ... ok
test security::policy::tests::forbidden_paths_blocked ... ok
test security::policy::tests::from_config_creates_fresh_tracker ... ok
test security::policy::tests::from_config_maps_all_fields ... ok
test security::policy::tests::full_autonomy_still_respects_forbidden_paths ... ok
test security::policy::tests::is_path_allowed_blocks_null_bytes ... ok
test security::policy::tests::full_autonomy_still_uses_allowlist ... ok
test security::policy::tests::is_path_allowed_blocks_url_encoded_traversal ... ok
test security::policy::tests::is_rate_limited_reflects_count ... ok
test security::policy::tests::path_home_tilde_ssh ... ok
test security::policy::tests::path_symlink_style_absolute ... ok
test security::policy::tests::path_traversal_blocked ... ok
test security::policy::tests::path_traversal_double_dot_in_filename ... ok
test security::docker::tests::docker_with_custom_image ... ok
test security::policy::tests::path_traversal_encoded_dots ... ok
test security::policy::tests::path_var_run_blocked ... ok
test security::policy::tests::path_with_null_byte_blocked ... ok
test security::policy::tests::rate_limit_exactly_at_boundary ... ok
test security::policy::tests::rate_limit_high_allows_many ... ok
test security::policy::tests::rate_limit_zero_blocks_everything ... ok
test security::policy::tests::readonly_blocks_all_commands ... ok
test security::policy::tests::readonly_blocks_even_safe_commands ... ok
test security::policy::tests::record_action_blocks_over_limit ... ok
test security::policy::tests::record_action_allows_within_limit ... ok
test security::policy::tests::relative_paths_allowed ... ok
test security::policy::tests::supervised_allows_listed_commands ... ok
test security::policy::tests::validate_command_blocks_high_risk_by_default ... ok
test security::policy::tests::resolved_path_blocks_root_escape ... ok
test security::policy::tests::validate_command_rejects_background_chain_bypass ... ok
test security::policy::tests::validate_command_requires_approval_for_medium_risk ... ok
test security::secrets::tests::corrupt_hex_returns_error ... ok
test security::secrets::tests::decrypt_and_migrate_returns_none_for_plaintext ... ok
test security::audit::tests::audit_logger_writes_event_when_enabled ... ok
test security::audit::tests::audit_log_command_event_writes_structured_entry ... ok
test security::policy::tests::resolved_path_blocks_outside_workspace ... ok
test security::secrets::tests::decrypt_plaintext_passthrough ... ok
test security::secrets::tests::encrypt_empty_returns_empty ... ok
test security::secrets::tests::disabled_store_returns_plaintext ... ok
test security::secrets::tests::generate_random_key_correct_length ... ok
test security::secrets::tests::generate_random_key_not_all_zeros ... ok
test security::secrets::tests::generate_random_key_has_no_uuid_fixed_bits ... ok
test security::secrets::tests::hex_decode_invalid_chars_fails ... ok
test security::secrets::tests::hex_decode_odd_length_fails ... ok
test security::secrets::tests::hex_roundtrip ... ok
test security::secrets::tests::is_encrypted_detects_prefix ... ok
test security::secrets::tests::is_secure_encrypted_detects_enc2_only ... ok
test providers::reliable::tests::falls_back_after_retries_exhausted ... ok
test providers::reliable::tests::chat_with_history_falls_back ... ok
test providers::reliable::tests::retries_then_recovers ... ok
test providers::reliable::tests::chat_with_history_retries_then_recovers ... ok
test security::secrets::tests::needs_migration_detects_legacy_prefix ... ok
test security::secrets::tests::decrypt_and_migrate_fails_on_corrupt_legacy_hex ... ok
test security::secrets::tests::truncated_ciphertext_returns_error ... ok
test security::secrets::tests::two_random_keys_differ ... ok
test security::secrets::tests::decrypt_and_migrate_returns_none_for_enc2 ... ok
test security::secrets::tests::windows_icacls_grant_arg_preserves_valid_characters ... ok
test security::secrets::tests::windows_icacls_grant_arg_rejects_empty_username ... ok
test security::secrets::tests::windows_icacls_grant_arg_trims_username ... ok
test security::secrets::tests::decrypt_and_migrate_handles_unicode ... ok
test security::secrets::tests::xor_cipher_empty_key ... ok
test security::secrets::tests::xor_cipher_roundtrip ... ok
test security::secrets::tests::decrypt_and_migrate_handles_empty_secret ... ok
test security::tests::reexported_policy_and_pairing_types_are_usable ... ok
test security::traits::tests::noop_sandbox_is_always_available ... ok
test security::tests::reexported_secret_store_encrypt_decrypt_roundtrip ... ok
test security::traits::tests::noop_sandbox_name ... ok
test security::traits::tests::noop_sandbox_wrap_command_is_noop ... ok
test security::secrets::tests::decrypt_and_migrate_upgrades_legacy_xor ... ok
test service::tests::windows_task_name_is_constant ... ok
test service::tests::xml_escape_escapes_reserved_chars ... ok
test skillforge::evaluate::tests::bad_pattern_tanks_security ... ok
test skillforge::evaluate::tests::exact_hack_is_flagged ... ok
test skillforge::evaluate::tests::hackathon_not_flagged_as_bad ... ok
test skillforge::evaluate::tests::high_quality_rust_repo_gets_auto ... ok
test skillforge::evaluate::tests::low_star_no_license_gets_manual_or_skip ... ok
test skillforge::evaluate::tests::scores_total_weighted ... ok
test skillforge::integrate::tests::escape_toml_handles_quotes_and_control_chars ... ok
test security::secrets::tests::decrypt_and_migrate_handles_long_secret ... ok
test skillforge::integrate::tests::sanitize_rejects_traversal ... ok
test skillforge::integrate::tests::sanitize_replaces_separators ... ok
test skillforge::integrate::tests::sanitize_trims_dots ... ok
test security::secrets::tests::different_stores_same_dir_interop ... ok
test skillforge::scout::tests::dedup_removes_duplicates ... ok
test skillforge::scout::tests::scout_source_from_str ... ok
test skillforge::scout::tests::parse_github_items ... ok
test skillforge::scout::tests::urlencoding_works ... ok
test skillforge::tests::default_config_values ... ok
test skillforge::tests::disabled_forge_returns_empty_report ... ok
test skills::symlink_tests::tests::test_skills_symlink_permissions_and_safety ... ok
test security::secrets::tests::encrypt_decrypt_roundtrip ... ok
test skills::symlink_tests::tests::test_skills_symlink_unix_edge_cases ... ok
test skills::tests::init_skills_creates_readme ... ok
test security::secrets::tests::encrypting_same_value_produces_different_ciphertext ... ok
test skills::tests::load_empty_skills_dir ... ok
test skills::tests::init_skills_idempotent ... ok
test skills::tests::load_nonexistent_dir ... ok
test security::secrets::tests::key_file_created_on_first_encrypt ... ok
test skills::tests::load_ignores_files_in_skills_dir ... ok
test skills::tests::load_ignores_dir_without_manifest ... ok
test skills::tests::skills_dir_path ... ok
test skills::tests::skills_to_prompt_empty ... ok
test skills::tests::skills_to_prompt_includes_tools ... ok
test security::secrets::tests::legacy_xor_decrypt_still_works ... ok
test skills::tests::skills_to_prompt_with_skills ... ok
test skillforge::integrate::tests::integrate_creates_files ... ok
test skills::tests::load_skill_from_toml ... ok
test skills::tests::load_skill_from_md ... ok
test skills::tests::md_skill_heading_only ... ok
test tools::browser::tests::browser_backend_parser_accepts_supported_values ... ok
test tools::browser::tests::browser_backend_parser_rejects_unknown_values ... ok
test tools::browser::tests::browser_tool_accepts_auto_backend_config ... ok
test tools::browser::tests::browser_tool_accepts_computer_use_backend_config ... ok
test tools::browser::tests::browser_tool_default_backend_is_agent_browser ... ok
test tools::browser::tests::browser_tool_empty_allowlist_blocks ... ok
test skills::tests::toml_skill_invalid_syntax_skipped ... ok
test tools::browser::tests::browser_tool_name ... ok
test tools::browser::tests::browser_tool_validates_url ... ok
test tools::browser::tests::computer_use_coordinate_validation_applies_limits ... ok
test skills::tests::load_multiple_skills ... ok
test tools::browser::tests::computer_use_endpoint_rejects_public_http_by_default ... ok
test skills::tests::toml_prefers_over_md ... ok
test tools::browser::tests::computer_use_endpoint_requires_https_for_public_remote ... ok
test tools::browser::tests::computer_use_only_action_detection_is_correct ... ok
test tools::browser::tests::extract_host_handles_ipv6 ... ok
test tools::browser::tests::extract_host_works ... ok
test tools::browser::tests::host_matches_allowlist_exact ... ok
test tools::browser::tests::host_matches_allowlist_star ... ok
test tools::browser::tests::host_matches_allowlist_wildcard ... ok
test tools::browser::tests::is_private_host_catches_ipv6 ... ok
test tools::browser::tests::is_private_host_blocks_multicast_and_reserved ... ok
test security::secrets::tests::migrated_value_is_tamper_resistant ... ok
test tools::browser::tests::is_private_host_catches_ipv6_private_ranges ... ok
test tools::browser::tests::is_private_host_catches_mapped_ipv4 ... ok
test tools::browser::tests::is_private_host_detects_local ... ok
test skills::tests::toml_skill_minimal ... ok
test tools::browser::tests::normalize_domains_works ... ok
test tools::browser::tests::unavailable_action_error_preserves_backend_context ... ok
test tools::browser::tests::validate_url_blocks_ipv6_ssrf ... ok
test tools::browser_open::tests::normalize_allowed_domains_deduplicates ... ok
test tests::cli_definition_has_no_flag_conflicts ... ok
test tools::browser_open::tests::execute_blocks_readonly_mode ... ok
test tools::browser_open::tests::execute_blocks_when_rate_limited ... ok
test tools::browser_open::tests::normalize_domain_strips_scheme_path_and_case ... ok
test tools::browser_open::tests::parse_ipv4_invalid ... ok
test tools::browser_open::tests::parse_ipv4_valid ... ok
test tools::browser_open::tests::validate_accepts_exact_domain ... ok
test tools::browser_open::tests::validate_accepts_subdomain ... ok
test tools::browser_open::tests::validate_rejects_allowlist_miss ... ok
test skills::tests::toml_skill_with_multiple_tools ... ok
test tools::browser_open::tests::validate_rejects_http ... ok
test tools::browser_open::tests::validate_rejects_localhost ... ok
test tools::browser_open::tests::validate_rejects_private_ipv4 ... ok
test tools::browser_open::tests::validate_rejects_userinfo ... ok
test tools::browser_open::tests::validate_rejects_whitespace ... ok
test tools::browser_open::tests::validate_requires_allowlist ... ok
test tools::composio::tests::auth_config_prefers_enabled_status ... ok
test tools::composio::tests::build_execute_action_v3_request_drops_blank_optional_fields ... ok
test tools::composio::tests::build_execute_action_v3_request_uses_fixed_endpoint_and_body_account_id ... ok
test tools::composio::tests::composio_action_deserializes ... ok
test tools::composio::tests::composio_action_with_null_fields ... ok
test security::secrets::tests::long_secret_roundtrip ... ok
test tools::composio::tests::composio_action_with_special_characters ... ok
test tools::composio::tests::composio_action_with_unicode ... ok
test tools::composio::tests::composio_actions_response_deserializes ... ok
test tools::composio::tests::composio_actions_response_empty ... ok
test tools::composio::tests::composio_actions_response_missing_items_defaults ... ok
test tools::composio::tests::composio_api_base_url_is_v3 ... ok
test tools::composio::tests::composio_empty_json_string_returns_error ... ok
test tools::composio::tests::composio_malformed_json_returns_error ... ok
test tools::composio::tests::composio_tool_has_correct_name ... ok
test tools::composio::tests::composio_tool_has_description ... ok
test tools::composio::tests::composio_tool_spec_roundtrip ... ok
test tools::composio::tests::composio_tool_schema_has_required_fields ... ok
test tools::composio::tests::composio_v3_tools_response_maps_to_actions ... ok
test security::secrets::tests::migration_produces_different_ciphertext_each_time ... ok
test tools::composio::tests::connect_without_target_returns_error ... ok
test tools::composio::tests::execute_blocked_in_readonly_mode ... ok
test tools::composio::tests::execute_blocked_when_rate_limited ... ok
test tools::composio::tests::execute_missing_action_returns_error ... ok
test tools::composio::tests::normalize_entity_id_falls_back_to_default_when_blank ... ok
test tools::composio::tests::extract_redirect_url_supports_v2_and_v3_shapes ... ok
test tools::composio::tests::extract_api_error_message_from_common_shapes ... ok
test tools::composio::tests::normalize_tool_slug_supports_legacy_action_name ... ok
test tools::composio::tests::execute_unknown_action_returns_error ... ok
test tools::composio::tests::execute_without_action_name_returns_error ... ok
test security::secrets::tests::tampered_ciphertext_detected ... ok
test tools::composio::tests::composio_large_actions_list ... ok
test tools::cron_add::tests::blocks_disallowed_shell_command ... ok
test tools::cron_list::tests::errors_when_cron_disabled ... ok
test tools::cron_remove::tests::errors_when_job_id_missing ... ok
test tools::cron_add::tests::rejects_invalid_schedule ... ok
test tools::cron_add::tests::agent_job_requires_prompt ... ok
test security::secrets::tests::unicode_secret_roundtrip ... ok
test tools::delegate::tests::blank_agent_rejected ... ok
test tools::delegate::tests::blank_prompt_rejected ... ok
test tools::delegate::tests::delegate_context_is_prepended_to_prompt ... ok
test tools::delegate::tests::delegate_depth_construction ... ok
test tools::delegate::tests::delegate_no_agents_configured ... ok
test tools::delegate::tests::delegate_empty_context_omits_prefix ... ok
test tools::cron_runs::tests::errors_when_job_id_missing ... ok
test tools::delegate::tests::delegation_blocked_in_readonly_mode ... ok
test tools::delegate::tests::delegation_blocked_when_rate_limited ... ok
test tools::delegate::tests::depth_limit_enforced ... ok
test tools::delegate::tests::description_not_empty ... ok
test tools::delegate::tests::depth_limit_per_agent ... ok
test tools::delegate::tests::missing_agent_param ... ok
test tools::delegate::tests::empty_agents_schema ... ok
test tools::delegate::tests::invalid_provider_returns_error ... ok
test tools::delegate::tests::name_and_schema ... ok
test tools::delegate::tests::schema_lists_agent_names ... ok
test tools::delegate::tests::unknown_agent_returns_error ... ok
test tools::delegate::tests::missing_prompt_param ... ok
test tools::file_read::tests::file_read_blocks_absolute_path ... ok
test tools::file_read::tests::file_read_blocks_path_traversal ... ok
test tools::file_read::tests::file_read_blocks_when_rate_limited ... ok
test service::tests::run_capture_reads_stdout_windows ... ok
test tools::file_read::tests::file_read_allows_readonly_mode ... ok
test tools::file_read::tests::file_read_missing_path_param ... ok
test tools::file_read::tests::file_read_name ... ok
test tools::file_read::tests::file_read_empty_file ... ok
test tools::file_read::tests::file_read_existing_file ... ok
test service::tests::run_checked_errors_on_non_zero_status_windows ... ok
test tools::file_read::tests::file_read_nonexistent_file ... ok
test tools::cron_list::tests::returns_empty_list_when_no_jobs ... ok
test tools::file_read::tests::file_read_schema_has_path ... ok
test tools::file_write::tests::file_write_blocks_absolute_path ... ok
test tools::file_read::tests::file_read_nonexistent_consumes_rate_limit_budget ... ok
test tools::cron_run::tests::errors_for_missing_job ... ok
test tools::file_write::tests::file_write_blocks_path_traversal ... ok
test tools::file_write::tests::file_write_blocks_null_byte_in_path ... ok
test tools::file_write::tests::file_write_blocks_readonly_mode ... ok
test tools::file_write::tests::file_write_blocks_when_rate_limited ... ok
test tools::file_write::tests::file_write_missing_content_param ... ok
test tools::file_write::tests::file_write_missing_path_param ... ok
test tools::file_write::tests::file_write_name ... ok
test tools::file_write::tests::file_write_schema_has_path_and_content ... ok
test tools::file_read::tests::file_read_nested_path ... ok
test security::secrets::tests::decrypt_and_migrate_wrong_key_produces_garbage_or_fails ... ok
test security::secrets::tests::wrong_key_detected ... ok
test tools::git_operations::tests::allows_readonly_ops_in_readonly_mode ... ok
test tools::file_read::tests::file_read_rejects_oversized_file ... ok
test tools::file_write::tests::file_write_empty_content ... ok
test tools::git_operations::tests::branch_is_not_write_gated ... ok
test tools::file_write::tests::file_write_creates_parent_dirs ... ok
test tools::git_operations::tests::is_read_only_detection ... ok
test tools::file_write::tests::file_write_creates_file ... ok
test tools::file_write::tests::file_write_overwrites_existing ... ok
test tools::git_operations::tests::rejects_missing_operation ... ok
test tools::git_operations::tests::requires_write_detection ... ok
test tools::git_operations::tests::sanitize_git_allows_safe ... ok
test tools::git_operations::tests::sanitize_git_blocks_injection ... ok
test tools::git_operations::tests::sanitize_git_blocks_config_injection ... ok
test tools::git_operations::tests::truncates_multibyte_commit_message_without_panicking ... ok
test tools::hardware_memory_map::tests::static_map_arduino ... ok
test tools::hardware_memory_map::tests::static_map_nucleo ... ok
test tools::cron_add::tests::adds_shell_job ... ok
test tools::http_request::tests::allows_public_ipv4 ... ok
test tools::http_request::tests::allows_public_ipv6 ... ok
test tools::http_request::tests::blocks_benchmarking_range ... ok
test tools::http_request::tests::blocks_broadcast ... ok
test tools::http_request::tests::blocks_documentation_ranges ... ok
test tools::git_operations::tests::sanitize_git_blocks_no_verify ... ok
test tools::http_request::tests::blocks_ipv4_mapped_ipv6 ... ok
test tools::http_request::tests::blocks_ipv6_documentation_range ... ok
test tools::http_request::tests::blocks_ipv6_link_local ... ok
test tools::http_request::tests::blocks_ipv6_localhost ... ok
test tools::http_request::tests::blocks_ipv6_multicast ... ok
test tools::git_operations::tests::sanitize_git_blocks_pager_editor_injection ... ok
test tools::git_operations::tests::sanitize_git_blocks_redirect_in_args ... ok
test tools::http_request::tests::blocks_ipv6_unique_local ... ok
test tools::http_request::tests::blocks_multicast_ipv4 ... ok
test tools::http_request::tests::blocks_reserved_ipv4 ... ok
test tools::http_request::tests::blocks_shared_address_space ... ok
test tools::cron_update::tests::blocks_disallowed_command_updates ... ok
test tools::git_operations::tests::sanitize_git_cached_not_blocked ... ok
test tools::http_request::tests::execute_blocks_readonly_mode ... ok
test tools::http_request::tests::execute_blocks_when_rate_limited ... ok
test tools::http_request::tests::normalize_domain_strips_scheme_path_and_case ... ok
test tools::http_request::tests::normalize_allowed_domains_deduplicates ... ok
test tools::http_request::tests::parse_headers_preserves_original_values ... ok
test tools::http_request::tests::redact_headers_does_not_alter_original ... ok
test tools::http_request::tests::redact_headers_for_display_redacts_sensitive ... ok
test tools::http_request::tests::redirect_policy_is_none ... ok
test tools::http_request::tests::ssrf_alternate_notations_rejected_by_validate_url ... ok
test tools::http_request::tests::ssrf_blocks_dot_local_tld ... ok
test tools::http_request::tests::ssrf_blocks_dot_localhost_subdomain ... ok
test tools::http_request::tests::ssrf_blocks_loopback_127_range ... ok
test tools::http_request::tests::ssrf_blocks_rfc1918_10_range ... ok
test tools::http_request::tests::ssrf_blocks_rfc1918_172_range ... ok
test tools::http_request::tests::ssrf_blocks_unspecified_address ... ok
test tools::http_request::tests::ssrf_decimal_loopback_not_parsed_as_ip ... ok
test tools::http_request::tests::ssrf_hex_loopback_not_parsed_as_ip ... ok
test tools::http_request::tests::ssrf_ipv6_unspecified ... ok
test tools::http_request::tests::ssrf_octal_loopback_not_parsed_as_ip ... ok
test tools::http_request::tests::ssrf_zero_padded_loopback_not_parsed_as_ip ... ok
test tools::http_request::tests::truncate_response_over_limit ... ok
test tools::http_request::tests::truncate_response_within_limit ... ok
test tools::http_request::tests::validate_accepts_exact_domain ... ok
test tools::http_request::tests::validate_accepts_http ... ok
test tools::http_request::tests::validate_accepts_subdomain ... ok
test tools::http_request::tests::validate_accepts_valid_methods ... ok
test tools::http_request::tests::validate_rejects_allowlist_miss ... ok
test tools::http_request::tests::validate_rejects_empty_url ... ok
test tools::http_request::tests::validate_rejects_ftp_scheme ... ok
test tools::http_request::tests::validate_rejects_invalid_method ... ok
test tools::http_request::tests::validate_rejects_ipv6_host ... ok
test tools::http_request::tests::validate_rejects_localhost ... ok
test tools::http_request::tests::validate_rejects_private_ipv4 ... ok
test tools::http_request::tests::validate_rejects_userinfo ... ok
test tools::http_request::tests::validate_rejects_whitespace ... ok
test tools::http_request::tests::validate_requires_allowlist ... ok
test tools::image_info::tests::bmp_dimensions ... ok
test tools::image_info::tests::detect_bmp ... ok
test tools::image_info::tests::detect_gif ... ok
test tools::image_info::tests::detect_jpeg ... ok
test tools::image_info::tests::detect_png ... ok
test tools::image_info::tests::detect_unknown_short ... ok
test tools::image_info::tests::detect_unknown_garbage ... ok
test tools::image_info::tests::gif_dimensions ... ok
test tools::image_info::tests::image_info_tool_description ... ok
test tools::image_info::tests::execute_nonexistent_file ... ok
test tools::image_info::tests::image_info_tool_name ... ok
test tools::image_info::tests::detect_webp ... ok
test tools::image_info::tests::image_info_tool_schema ... ok
test tools::image_info::tests::jpeg_dimensions ... ok
test tools::image_info::tests::execute_missing_path ... ok
test tools::image_info::tests::image_info_tool_spec ... ok
test tools::image_info::tests::jpeg_malformed_zero_length_segment ... ok
test tools::image_info::tests::png_dimensions ... ok
test tools::image_info::tests::unknown_format_no_dimensions ... ok
test tools::cron_remove::tests::removes_existing_job ... ok
test tools::image_info::tests::execute_real_file ... ok
test tools::image_info::tests::execute_with_base64 ... ok
test tools::cron_runs::tests::lists_runs_with_truncation ... ok
test tools::cron_update::tests::updates_enabled_flag ... ok
test tools::memory_forget::tests::forget_missing_key ... ok
test tools::memory_forget::tests::name_and_schema ... ok
test tools::memory_forget::tests::forget_nonexistent ... ok
test tools::memory_recall::tests::name_and_schema ... ok
test tools::memory_forget::tests::forget_blocked_in_readonly_mode ... ok
test tools::memory_forget::tests::forget_existing ... ok
test tools::memory_recall::tests::recall_empty ... ok
test tools::memory_forget::tests::forget_blocked_when_rate_limited ... ok
test tools::memory_recall::tests::recall_finds_match ... ok
test tools::memory_recall::tests::recall_missing_query ... ok
test tools::proxy_config::tests::list_services_action_returns_known_keys ... ok
test tools::memory_store::tests::name_and_schema ... ok
test tools::memory_store::tests::store_blocked_in_readonly_mode ... ok
test tools::memory_store::tests::store_blocked_when_rate_limited ... ok
test tools::pushover::tests::credentials_fail_without_env_file ... ok
test tools::memory_recall::tests::recall_respects_limit ... ok
test tools::pushover::tests::credentials_fail_without_token ... ok
test tools::pushover::tests::credentials_fail_without_user_key ... ok
test tools::pushover::tests::execute_blocks_rate_limit ... ok
test tools::pushover::tests::execute_blocks_readonly_mode ... ok
test tools::pushover::tests::execute_rejects_priority_out_of_range ... ok
test tools::pushover::tests::credentials_ignore_comments ... ok
test tools::pushover::tests::pushover_tool_description ... ok
test tools::pushover::tests::pushover_tool_has_parameters_schema ... ok
test tools::pushover::tests::pushover_tool_name ... ok
test tools::pushover::tests::pushover_tool_requires_message ... ok
test tools::pushover::tests::pushover_tool_supports_priority ... ok
test tools::pushover::tests::pushover_tool_supports_sound ... ok
test tools::memory_store::tests::store_core ... ok
test tools::memory_store::tests::store_missing_content ... ok
test tools::memory_store::tests::store_missing_key ... ok
test tools::pushover::tests::credentials_parsed_from_env_file ... ok
test tools::schedule::tests::tool_name_and_schema ... ok
test tools::schema::tests::test_circular_ref_prevention ... ok
test tools::schema::tests::test_clean_nested_unknown_schema_keyword ... ok
test tools::schema::tests::test_const_to_enum ... ok
test tools::memory_store::tests::store_with_custom_category ... ok
test tools::schema::tests::test_flatten_literal_union ... ok
test tools::schema::tests::test_nested_properties ... ok
test tools::schema::tests::test_preserve_metadata ... ok
test tools::schema::tests::test_remove_unsupported_keywords ... ok
test tools::schema::tests::test_ref_with_json_pointer_escape ... ok
test tools::memory_store::tests::store_with_category ... ok
test tools::schema::tests::test_resolve_ref ... ok
test tools::schema::tests::test_strategy_differences ... ok
test tools::schema::tests::test_skip_type_when_non_simplifiable_union_exists ... ok
test tools::schema::tests::test_strip_null_from_union ... ok
test tools::schema::tests::test_type_array_null_removal ... ok
test tools::schedule::tests::unknown_action_returns_failure ... ok
test tools::schema::tests::test_type_array_only_null_preserved ... ok
test tools::screenshot::tests::screenshot_command_contains_output_path ... FAILED
test tools::schema::tests::test_validate_schema ... ok
test tools::proxy_config::tests::set_scope_services_requires_services_entries ... ok
test tools::screenshot::tests::screenshot_tool_name ... ok
test tools::screenshot::tests::screenshot_tool_schema ... ok
test tools::screenshot::tests::screenshot_tool_description ... ok
test tools::screenshot::tests::screenshot_tool_spec ... ok
test tools::shell::tests::shell_blocks_readonly ... ok
test tools::screenshot::tests::screenshot_rejects_shell_injection_filename ... ok
test tools::shell::tests::shell_blocks_disallowed_command ... ok
test tools::shell::tests::shell_blocks_rate_limited ... ok
test tools::shell::tests::shell_output_limit_is_1mb ... ok
test tools::shell::tests::shell_missing_command_param ... ok
test tools::pushover::tests::credentials_support_export_and_quoted_values ... ok
test tools::shell::tests::shell_safe_env_vars_excludes_secrets ... ok
test tools::shell::tests::shell_safe_env_vars_includes_essentials ... ok
test tools::shell::tests::shell_timeout_constant_is_reasonable ... ok
test tools::shell::tests::shell_tool_description ... ok
test tools::shell::tests::shell_tool_name ... ok
test tools::shell::tests::shell_tool_schema_has_command ... ok
test tools::shell::tests::shell_wrong_type_param ... ok
test tools::tests::all_tools_excludes_browser_when_disabled ... ok
test tools::shell::tests::shell_executes_allowed_command ... FAILED
test tools::shell::tests::shell_captures_exit_code ... ok
test tools::shell::tests::shell_does_not_leak_api_key ... FAILED
test tools::shell::tests::shell_requires_approval_for_medium_risk_command ... FAILED
test tools::shell::tests::shell_preserves_path_and_home ... FAILED
test tools::tests::default_tools_all_have_schemas ... ok
test tools::tests::default_tools_all_have_descriptions ... ok
test tools::tests::default_tools_has_three ... ok
test tools::tests::default_tools_names ... ok
test tools::tests::tool_result_serde ... ok
test tools::tests::tool_result_with_error_serde ... ok
test tools::tests::tool_spec_serde ... ok
test tools::tests::tool_spec_generation ... ok
test tools::traits::tests::execute_returns_expected_output ... ok
test tools::traits::tests::spec_uses_tool_metadata_and_schema ... ok
test tools::traits::tests::tool_result_serialization_roundtrip ... ok
test tools::tests::all_tools_excludes_delegate_when_no_agents ... ok
test tools::web_search_tool::tests::test_execute_empty_query ... ok
test tools::web_search_tool::tests::test_execute_brave_without_api_key ... ok
test tools::web_search_tool::tests::test_parameters_schema ... ok
test tools::web_search_tool::tests::test_execute_missing_query ... ok
test tools::tests::all_tools_includes_browser_when_enabled ... ok
test tools::tests::all_tools_includes_delegate_when_agents_configured ... ok
test tools::proxy_config::tests::set_and_get_round_trip_proxy_scope ... ok
test tools::web_search_tool::tests::test_tool_description ... ok
test tools::web_search_tool::tests::test_tool_name ... ok
test tunnel::cloudflare::tests::constructor_stores_token ... ok
test tunnel::cloudflare::tests::public_url_is_none_before_start ... ok
test tools::schedule::tests::list_empty ... ok
test tunnel::cloudflare::tests::health_check_is_false_before_start ... ok
test tunnel::cloudflare::tests::stop_without_started_process_is_ok ... ok
test tools::schedule::tests::readonly_blocks_mutating_actions ... ok
test tools::web_search_tool::tests::test_parse_duckduckgo_results_empty ... ok
test tunnel::custom::tests::start_with_empty_command_returns_error ... ok
test tunnel::ngrok::tests::constructor_stores_domain ... ok
test tunnel::ngrok::tests::health_check_is_false_before_start ... ok
test tunnel::ngrok::tests::public_url_is_none_before_start ... ok
test tunnel::ngrok::tests::stop_without_started_process_is_ok ... ok
test tunnel::none::tests::health_check_is_always_true ... ok
test tunnel::none::tests::name_is_none ... ok
test tools::web_search_tool::tests::test_strip_tags ... ok
test tunnel::none::tests::public_url_is_always_none ... ok
test tunnel::custom::tests::start_replaces_host_and_port_placeholders ... FAILED
test tunnel::none::tests::start_returns_local_url ... ok
test tunnel::tailscale::tests::constructor_stores_hostname_and_mode ... ok
test tunnel::none::tests::stop_is_noop_success ... ok
test tunnel::tailscale::tests::public_url_is_none_before_start ... ok
test tunnel::tailscale::tests::health_check_is_false_before_start ... ok
test tunnel::tests::cloudflare_tunnel_name ... ok
test tunnel::tests::cloudflare_health_false_before_start ... ok
test tunnel::tests::custom_tunnel_name ... ok
test tunnel::tests::custom_health_false_before_start_without_health_url ... ok
test tunnel::tests::factory_cloudflare_missing_config_errors ... ok
test tunnel::custom::tests::start_with_pattern_extracts_url ... FAILED
test tunnel::tests::factory_cloudflare_with_config_ok ... ok
test tunnel::tests::factory_custom_missing_config_errors ... ok
test tunnel::custom::tests::start_without_pattern_returns_local_url ... FAILED
test tunnel::tests::factory_custom_with_config_ok ... ok
test tunnel::tests::factory_empty_string_returns_none ... ok
test tunnel::tests::factory_ngrok_missing_config_errors ... ok
test tunnel::tests::factory_ngrok_with_config_ok ... ok
test tunnel::tests::factory_none_returns_none ... ok
test tunnel::tests::factory_tailscale_defaults_ok ... ok
test tunnel::tests::factory_unknown_provider_errors ... ok
test tunnel::tests::kill_shared_no_process_is_ok ... ok
test tunnel::tests::ngrok_tunnel_name ... ok
test tunnel::tests::ngrok_health_false_before_start ... ok
test tunnel::tests::ngrok_with_domain ... ok
test tunnel::tests::none_tunnel_name ... ok
test tunnel::tests::none_tunnel_health_always_true ... ok
test tunnel::tests::none_tunnel_public_url_is_none ... ok
test tunnel::tests::tailscale_funnel_mode ... ok
test tunnel::tests::none_tunnel_start_returns_local ... ok
test tunnel::tests::tailscale_tunnel_name ... ok
test tunnel::tests::tailscale_health_false_before_start ... ok
test util::tests::test_truncate_accented_characters ... ok
test util::tests::test_truncate_ascii_no_truncation ... ok
test util::tests::test_truncate_ascii_with_truncation ... ok
test util::tests::test_truncate_at_exact_boundary ... ok
test util::tests::test_truncate_cjk_characters ... ok
test util::tests::test_truncate_emoji_multiple ... ok
test util::tests::test_truncate_emoji_single ... ok
test util::tests::test_truncate_empty_string ... ok
test util::tests::test_truncate_long_string ... ok
test util::tests::test_truncate_mixed_ascii_emoji ... ok
test util::tests::test_truncate_unicode_edge_case ... ok
test util::tests::test_truncate_zero_max_chars ... ok
test tunnel::tailscale::tests::stop_without_started_process_is_ok ... ok
test tunnel::tests::kill_shared_terminates_and_clears_child ... FAILED
test tools::web_search_tool::tests::test_parse_duckduckgo_results_decodes_redirect_url ... ok
test tools::web_search_tool::tests::test_constructor_clamps_web_search_limits ... ok
test tools::web_search_tool::tests::test_parse_duckduckgo_results_with_data ... ok
test tools::schedule::tests::create_get_and_cancel_roundtrip ... ok
test tools::git_operations::tests::blocks_readonly_mode_for_write_ops ... ok
test tools::git_operations::tests::rejects_unknown_operation ... ok
test tools::schedule::tests::once_and_pause_resume_aliases_work ... ok
test tools::git_operations::tests::allows_branch_listing_in_readonly_mode ... ok
test tools::cron_run::tests::force_runs_job_and_records_history ... FAILED
test tunnel::custom::tests::health_check_with_unreachable_health_url_returns_false ... ok
test tools::delegate::tests::whitespace_agent_name_trimmed_and_found ... ok

failures:

---- cron::scheduler::tests::run_job_command_times_out stdout ----

thread 'cron::scheduler::tests::run_job_command_times_out' (3236) panicked at src\cron\scheduler.rs:550:9:
assertion failed: output.contains("job timed out after")

---- cron::scheduler::tests::run_job_command_success stdout ----

thread 'cron::scheduler::tests::run_job_command_success' (22444) panicked at src\cron\scheduler.rs:521:9:
assertion failed: success
note: run with `RUST_BACKTRACE=1` environment variable to display a backtrace

---- cron::scheduler::tests::run_job_command_failure stdout ----

thread 'cron::scheduler::tests::run_job_command_failure' (16172) panicked at src\cron\scheduler.rs:535:9:
assertion failed: output.contains("definitely_missing_file_for_scheduler_test")

---- config::schema::tests::persist_active_workspace_marker_is_cleared_for_default_config_dir stdout ----

thread 'config::schema::tests::persist_active_workspace_marker_is_cleared_for_default_config_dir' (15136) panicked at src\config\schema.rs:4504:9:
assertion failed: marker_path.exists()

---- cron::scheduler::tests::execute_job_with_retry_exhausts_attempts stdout ----

thread 'cron::scheduler::tests::execute_job_with_retry_exhausts_attempts' (18756) panicked at src\cron\scheduler.rs:643:9:
assertion failed: output.contains("always_missing_for_retry_test")

---- cron::scheduler::tests::execute_job_with_retry_recovers_after_first_failure stdout ----

thread 'cron::scheduler::tests::execute_job_with_retry_recovers_after_first_failure' (25548) panicked at src\cron\scheduler.rs:627:9:
assertion failed: success

---- providers::tests::resolve_provider_credential_uses_minimax_oauth_env_for_placeholder stdout ----

thread 'providers::tests::resolve_provider_credential_uses_minimax_oauth_env_for_placeholder' (3720) panicked at src\providers\mod.rs:1185:9:
assertion `left == right` failed
  left: None
 right: Some("oauth-token")

---- providers::tests::resolve_provider_credential_placeholder_ignores_generic_api_key_fallback stdout ----

thread 'providers::tests::resolve_provider_credential_placeholder_ignores_generic_api_key_fallback' (4328) panicked at src\providers\mod.rs:1208:9:
assertion failed: resolved.is_none()

---- runtime::traits::tests::build_shell_command_executes stdout ----

thread 'runtime::traits::tests::build_shell_command_executes' (23228) panicked at src\runtime\traits.rs:97:41:
called `Result::unwrap()` on an `Err` value: Error { kind: NotFound, message: "program not found" }

---- security::policy::tests::checklist_root_path_blocked stdout ----

thread 'security::policy::tests::checklist_root_path_blocked' (32628) panicked at src\security\policy.rs:1287:9:
assertion failed: !p.is_path_allowed("/")

---- security::policy::tests::checklist_workspace_only_blocks_all_absolute stdout ----

thread 'security::policy::tests::checklist_workspace_only_blocks_all_absolute' (16196) panicked at src\security\policy.rs:1345:9:
assertion failed: !p.is_path_allowed("/any/absolute/path")

---- tools::screenshot::tests::screenshot_command_contains_output_path stdout ----

thread 'tools::screenshot::tests::screenshot_command_contains_output_path' (31844) panicked at src\tools\screenshot.rs:316:80:
called `Option::unwrap()` on a `None` value

---- tools::shell::tests::shell_executes_allowed_command stdout ----

thread 'tools::shell::tests::shell_executes_allowed_command' (7648) panicked at src\tools\shell.rs:213:9:
assertion failed: result.success

---- tools::shell::tests::shell_does_not_leak_api_key stdout ----

thread 'tools::shell::tests::shell_does_not_leak_api_key' (31380) panicked at src\tools\shell.rs:300:9:
assertion failed: result.success

---- tools::shell::tests::shell_requires_approval_for_medium_risk_command stdout ----

thread 'tools::shell::tests::shell_requires_approval_for_medium_risk_command' (1664) panicked at src\tools\shell.rs:364:9:
assertion failed: allowed.success

---- tools::shell::tests::shell_preserves_path_and_home stdout ----

thread 'tools::shell::tests::shell_preserves_path_and_home' (14384) panicked at src\tools\shell.rs:319:9:
assertion failed: result.success

---- tunnel::custom::tests::start_replaces_host_and_port_placeholders stdout ----

thread 'tunnel::custom::tests::start_replaces_host_and_port_placeholders' (29740) panicked at src\tunnel\custom.rs:204:56:
called `Result::unwrap()` on an `Err` value: program not found

---- tunnel::custom::tests::start_with_pattern_extracts_url stdout ----

thread 'tunnel::custom::tests::start_with_pattern_extracts_url' (10428) panicked at src\tunnel\custom.rs:185:57:
called `Result::unwrap()` on an `Err` value: program not found

---- tunnel::custom::tests::start_without_pattern_returns_local_url stdout ----

thread 'tunnel::custom::tests::start_without_pattern_returns_local_url' (27044) panicked at src\tunnel\custom.rs:167:57:
called `Result::unwrap()` on an `Err` value: program not found

---- tunnel::tests::kill_shared_terminates_and_clears_child stdout ----

thread 'tunnel::tests::kill_shared_terminates_and_clears_child' (30536) panicked at src\tunnel\mod.rs:336:14:
sleep should spawn for lifecycle test: Error { kind: NotFound, message: "program not found" }

---- tools::cron_run::tests::force_runs_job_and_records_history stdout ----

thread 'tools::cron_run::tests::force_runs_job_and_records_history' (476) panicked at src\tools\cron_run.rs:128:9:
Some("cron job execution failed")


failures:
    config::schema::tests::persist_active_workspace_marker_is_cleared_for_default_config_dir
    cron::scheduler::tests::execute_job_with_retry_exhausts_attempts
    cron::scheduler::tests::execute_job_with_retry_recovers_after_first_failure
    cron::scheduler::tests::run_job_command_failure
    cron::scheduler::tests::run_job_command_success
    cron::scheduler::tests::run_job_command_times_out
    providers::tests::resolve_provider_credential_placeholder_ignores_generic_api_key_fallback
    providers::tests::resolve_provider_credential_uses_minimax_oauth_env_for_placeholder
    runtime::traits::tests::build_shell_command_executes
    security::policy::tests::checklist_root_path_blocked
    security::policy::tests::checklist_workspace_only_blocks_all_absolute
    tools::cron_run::tests::force_runs_job_and_records_history
    tools::screenshot::tests::screenshot_command_contains_output_path
    tools::shell::tests::shell_does_not_leak_api_key
    tools::shell::tests::shell_executes_allowed_command
    tools::shell::tests::shell_preserves_path_and_home
    tools::shell::tests::shell_requires_approval_for_medium_risk_command
    tunnel::custom::tests::start_replaces_host_and_port_placeholders
    tunnel::custom::tests::start_with_pattern_extracts_url
    tunnel::custom::tests::start_without_pattern_returns_local_url
    tunnel::tests::kill_shared_terminates_and_clears_child

test result: FAILED. 2094 passed; 21 failed; 0 ignored; 0 measured; 0 filtered out; finished in 3.60s

error: test failed, to rerun pass `-p zeroclaw --bin zeroclaw`
     Running tests\agent_e2e.rs 
(target\debug\deps\agent_e2e-3cdac1dbde8b5ce1.exe)

running 7 tests
test e2e_multi_turn_conversation ... ok
test e2e_simple_text_response ... ok
test e2e_parallel_tool_dispatch ... ok
test e2e_single_tool_call_cycle ... ok
test e2e_multi_step_tool_chain ... ok
test e2e_xml_dispatcher_tool_call ... ok
test e2e_unknown_tool_recovery ... ok

test result: ok. 7 passed; 0 failed; 0 ignored; 0 measured; 0 filtered out; finished in 0.02s

     Running tests\dockerignore_test.rs 
(target\debug\deps\dockerignore_test-3ba8608228626fc0.exe)

running 12 tests
test dockerignore_pattern_matching_edge_cases ... ok
test dockerignore_file_exists ... ok
test dockerignore_excludes_env_files ... ok
test dockerignore_has_valid_syntax ... ok
test dockerignore_excludes_ci_configs ... ok
test dockerignore_excludes_git_directory ... ok
test dockerignore_does_not_exclude_build_essentials ... ok
test dockerignore_excludes_image_files ... ok
test dockerignore_excludes_database_files ... ok
test dockerignore_excludes_target_directory ... ok
test dockerignore_excludes_markdown_files ... ok
test dockerignore_excludes_security_critical_paths ... ok

test result: ok. 12 passed; 0 failed; 0 ignored; 0 measured; 0 filtered out; finished in 0.02s

     Running tests\memory_comparison.rs 
(target\debug\deps\memory_comparison-c13148342c42d8ee.exe)

running 7 tests
test compare_upsert ... ok
test compare_forget ... ok
test compare_persistence ... ok
test compare_category_filter ... ok
test compare_recall_quality ... ok
test compare_store_speed ... ok
test compare_recall_speed ... ok

test result: ok. 7 passed; 0 failed; 0 ignored; 0 measured; 0 filtered out; finished in 3.41s

     Running tests\reply_target_field_regression.rs 
(target\debug\deps\reply_target_field_regression-f2cca82992f7e819.exe)

running 1 test
test source_does_not_use_legacy_reply_to_field ... ok

test result: ok. 1 passed; 0 failed; 0 ignored; 0 measured; 0 filtered out; finished in 0.37s

     Running tests\whatsapp_webhook_security.rs 
(target\debug\deps\whatsapp_webhook_security-4b919692c09c0def.exe)

running 8 tests
test whatsapp_signature_rejects_empty_signature ... ok
test whatsapp_signature_rejects_invalid_hex ... ok
test whatsapp_signature_accepts_valid_signature ... ok
test whatsapp_signature_rejects_missing_sha256_prefix ... ok
test whatsapp_signature_rejects_wrong_signature ... ok
test whatsapp_signature_different_secrets_produce_different_sigs ... ok
test whatsapp_signature_rejects_tampered_body ... ok
test whatsapp_signature_rejects_wrong_secret ... ok

test result: ok. 8 passed; 0 failed; 0 ignored; 0 measured; 0 filtered out; finished in 0.00s

     Running unittests src\lib.rs 
(target\debug\deps\zeroclaw_robot_kit-74ea7ff8da04c9d3.exe)

running 55 tests
test drive::tests::drive_tool_name ... ok
test emote::tests::expression_pattern_size ... ok
test drive::tests::drive_tool_schema_has_action ... ok
test drive::tests::drive_unknown_action ... ok
test safety::tests::request_movement_blocked ... ok
test drive::tests::drive_stop ... ok
test emote::tests::expression_parsing ... ok
test safety::tests::safety_monitor_estop ... ok
test safety::tests::safety_monitor_blocks_on_obstacle ... ok
test safety::tests::safety_state_defaults ... ok
test safety::tests::speed_limit_calculation ... ok
test sense::tests::sense_tool_name ... ok
test sense::tests::sense_scan_mock ... ok
test sense::tests::sense_clear_ahead ... ok
test tests::integration_tests::safe_drive_blocks_on_obstacle ... ok
test tests::safety_tests::safety_allows_after_obstacle_clears ... ok
test tests::safety_tests::safety_blocks_on_close_obstacle ... ok
test tests::safety_tests::safety_estop_blocks_everything ... ok
test tests::safety_tests::safety_bump_triggers_stop ... ok
test tests::safety_tests::safety_initially_allows_movement ... ok
test tests::safety_tests::safety_movement_request_approved ... ok
test tests::safety_tests::safety_estop_reset ... ok
test tests::safety_tests::safety_movement_request_denied_close ... ok
test tests::safety_tests::safety_speed_limit_approaching ... ok
test tests::safety_tests::safety_speed_limit_far ... ok
test tests::unit_tests::config_default_is_safe ... ok
test tests::unit_tests::config_serializes_to_toml ... ok
test tests::unit_tests::config_roundtrips ... ok
test tests::unit_tests::drive_invalid_action_fails ... ok
test tests::unit_tests::drive_missing_action_fails ... ok
test emote::tests::emote_tool_name ... ok
test speak::tests::speak_tool_name ... ok
test tests::unit_tests::drive_stop_always_succeeds ... ok
test look::tests::look_tool_schema ... ok
test listen::tests::listen_tool_schema ... ok
test look::tests::look_tool_name ... ok
test listen::tests::listen_tool_name ... ok
test speak::tests::speak_tool_schema ... ok
test tests::integration_tests::create_tools_returns_all_tools ... ok
test tests::unit_tests::emote_invalid_expression_fails ... ok
test tests::unit_tests::sense_clear_ahead_check ... ok
test tests::unit_tests::all_tools_have_descriptions ... ok
test tests::unit_tests::all_tools_have_valid_names ... ok
test tests::unit_tests::all_tools_have_valid_schemas ... ok
test tests::unit_tests::sense_scan_returns_distances ... ok
test tests::unit_tests::sense_motion_detection ... ok
test emote::tests::emote_happy ... ok
test tests::unit_tests::emote_happy ... ok
test tests::unit_tests::emote_all_expressions_valid ... ok
test drive::tests::drive_forward_mock ... ok
test tests::unit_tests::drive_forward_mock ... ok
test tests::unit_tests::drive_rotate ... ok
test tests::unit_tests::drive_strafe_left ... ok
test tests::unit_tests::drive_speed_clamped ... ok
test tests::integration_tests::drive_then_sense_workflow ... ok

test result: ok. 55 passed; 0 failed; 0 ignored; 0 measured; 0 filtered out; finished in 1.22s

   Doc-tests zeroclaw

running 2 tests
test src\util.rs - util::truncate_with_ellipsis (line 19) ... ok
test src\tools\schema.rs - tools::schema (line 18) ... ok

test result: ok. 2 passed; 0 failed; 0 ignored; 0 measured; 0 filtered out; finished in 9.73s

   Doc-tests zeroclaw_robot_kit

running 2 tests
test crates\robot-kit\src\lib.rs - (line 48) ... ignored
test crates\robot-kit\src\traits.rs - traits::Tool (line 68) ... ignored

test result: ok. 0 passed; 0 failed; 2 ignored; 0 measured; 0 filtered out; finished in 0.00s

error: 2 targets failed:
    `-p zeroclaw --lib`
    `-p zeroclaw --bin zeroclaw`
